Archive member included to satisfy reference by file (symbol)

C:/Users/franc/Desktop/epfl/MA1/embeded_system/lab4/lab4_correct_template/lab_4_project_template/lab_4_project_template/sw/nios/lab4_LCD_Controller_bsp/\libhal_bsp.a(alt_load.o)
                              C:/Users/franc/Desktop/epfl/MA1/embeded_system/lab4/lab4_correct_template/lab_4_project_template/lab_4_project_template/sw/nios/lab4_LCD_Controller_bsp//obj/HAL/src/crt0.o (alt_load)
C:/Users/franc/Desktop/epfl/MA1/embeded_system/lab4/lab4_correct_template/lab_4_project_template/lab_4_project_template/sw/nios/lab4_LCD_Controller_bsp/\libhal_bsp.a(alt_main.o)
                              C:/Users/franc/Desktop/epfl/MA1/embeded_system/lab4/lab4_correct_template/lab_4_project_template/lab_4_project_template/sw/nios/lab4_LCD_Controller_bsp//obj/HAL/src/crt0.o (alt_main)
C:/Users/franc/Desktop/epfl/MA1/embeded_system/lab4/lab4_correct_template/lab_4_project_template/lab_4_project_template/sw/nios/lab4_LCD_Controller_bsp/\libhal_bsp.a(alt_sys_init.o)
                              C:/Users/franc/Desktop/epfl/MA1/embeded_system/lab4/lab4_correct_template/lab_4_project_template/lab_4_project_template/sw/nios/lab4_LCD_Controller_bsp/\libhal_bsp.a(alt_main.o) (alt_irq_init)
C:/Users/franc/Desktop/epfl/MA1/embeded_system/lab4/lab4_correct_template/lab_4_project_template/lab_4_project_template/sw/nios/lab4_LCD_Controller_bsp/\libhal_bsp.a(altera_avalon_jtag_uart_fd.o)
                              C:/Users/franc/Desktop/epfl/MA1/embeded_system/lab4/lab4_correct_template/lab_4_project_template/lab_4_project_template/sw/nios/lab4_LCD_Controller_bsp/\libhal_bsp.a(alt_sys_init.o) (altera_avalon_jtag_uart_read_fd)
C:/Users/franc/Desktop/epfl/MA1/embeded_system/lab4/lab4_correct_template/lab_4_project_template/lab_4_project_template/sw/nios/lab4_LCD_Controller_bsp/\libhal_bsp.a(altera_avalon_jtag_uart_init.o)
                              C:/Users/franc/Desktop/epfl/MA1/embeded_system/lab4/lab4_correct_template/lab_4_project_template/lab_4_project_template/sw/nios/lab4_LCD_Controller_bsp/\libhal_bsp.a(alt_sys_init.o) (altera_avalon_jtag_uart_init)
C:/Users/franc/Desktop/epfl/MA1/embeded_system/lab4/lab4_correct_template/lab_4_project_template/lab_4_project_template/sw/nios/lab4_LCD_Controller_bsp/\libhal_bsp.a(altera_avalon_jtag_uart_ioctl.o)
                              C:/Users/franc/Desktop/epfl/MA1/embeded_system/lab4/lab4_correct_template/lab_4_project_template/lab_4_project_template/sw/nios/lab4_LCD_Controller_bsp/\libhal_bsp.a(altera_avalon_jtag_uart_fd.o) (altera_avalon_jtag_uart_ioctl)
C:/Users/franc/Desktop/epfl/MA1/embeded_system/lab4/lab4_correct_template/lab_4_project_template/lab_4_project_template/sw/nios/lab4_LCD_Controller_bsp/\libhal_bsp.a(altera_avalon_jtag_uart_read.o)
                              C:/Users/franc/Desktop/epfl/MA1/embeded_system/lab4/lab4_correct_template/lab_4_project_template/lab_4_project_template/sw/nios/lab4_LCD_Controller_bsp/\libhal_bsp.a(altera_avalon_jtag_uart_fd.o) (altera_avalon_jtag_uart_read)
C:/Users/franc/Desktop/epfl/MA1/embeded_system/lab4/lab4_correct_template/lab_4_project_template/lab_4_project_template/sw/nios/lab4_LCD_Controller_bsp/\libhal_bsp.a(altera_avalon_jtag_uart_write.o)
                              C:/Users/franc/Desktop/epfl/MA1/embeded_system/lab4/lab4_correct_template/lab_4_project_template/lab_4_project_template/sw/nios/lab4_LCD_Controller_bsp/\libhal_bsp.a(altera_avalon_jtag_uart_fd.o) (altera_avalon_jtag_uart_write)
C:/Users/franc/Desktop/epfl/MA1/embeded_system/lab4/lab4_correct_template/lab_4_project_template/lab_4_project_template/sw/nios/lab4_LCD_Controller_bsp/\libhal_bsp.a(altera_hostfs.o)
                              C:/Users/franc/Desktop/epfl/MA1/embeded_system/lab4/lab4_correct_template/lab_4_project_template/lab_4_project_template/sw/nios/lab4_LCD_Controller_bsp/\libhal_bsp.a(alt_sys_init.o) (alt_hostfs_open)
C:/Users/franc/Desktop/epfl/MA1/embeded_system/lab4/lab4_correct_template/lab_4_project_template/lab_4_project_template/sw/nios/lab4_LCD_Controller_bsp/\libhal_bsp.a(alt_alarm_start.o)
                              C:/Users/franc/Desktop/epfl/MA1/embeded_system/lab4/lab4_correct_template/lab_4_project_template/lab_4_project_template/sw/nios/lab4_LCD_Controller_bsp/\libhal_bsp.a(altera_avalon_jtag_uart_init.o) (alt_alarm_start)
C:/Users/franc/Desktop/epfl/MA1/embeded_system/lab4/lab4_correct_template/lab_4_project_template/lab_4_project_template/sw/nios/lab4_LCD_Controller_bsp/\libhal_bsp.a(alt_close.o)
                              C:/Users/franc/Desktop/epfl/MA1/embeded_system/lab4/lab4_correct_template/lab_4_project_template/lab_4_project_template/sw/nios/lab4_LCD_Controller_bsp/\libhal_bsp.a(alt_main.o) (close)
C:/Users/franc/Desktop/epfl/MA1/embeded_system/lab4/lab4_correct_template/lab_4_project_template/lab_4_project_template/sw/nios/lab4_LCD_Controller_bsp/\libhal_bsp.a(alt_dcache_flush_all.o)
[...]
Memory Configuration

Name             Origin             Length             Attributes
reset            0x0000000010100000 0x0000000000000020
onchip_memory2_0 0x0000000010100020 0x000000000001ffe0
*default*        0x0000000000000000 0xffffffffffffffff

Linker script and memory map

LOAD C:/Users/franc/Desktop/epfl/MA1/embeded_system/lab4/lab4_correct_template/lab_4_project_template/lab_4_project_template/sw/nios/lab4_LCD_Controller_bsp//obj/HAL/src/crt0.o
LOAD obj/default/LCD_control.o
LOAD obj/default/hello_world.o
LOAD c:/intelfpga_lite/18.1/nios2eds/bin/gnu/h-x86_64-mingw32/bin/../lib/gcc/nios2-elf/5.3.0/../../../../../H-x86_64-mingw32/nios2-elf/lib\libstdc++.a
LOAD c:/intelfpga_lite/18.1/nios2eds/bin/gnu/h-x86_64-mingw32/bin/../lib/gcc/nios2-elf/5.3.0/../../../../../H-x86_64-mingw32/nios2-elf/lib\libm.a
LOAD c:/intelfpga_lite/18.1/nios2eds/bin/gnu/h-x86_64-mingw32/bin/../lib/gcc/nios2-elf/5.3.0\libgcc.a
START GROUP
LOAD c:/intelfpga_lite/18.1/nios2eds/bin/gnu/h-x86_64-mingw32/bin/../lib/gcc/nios2-elf/5.3.0/../../../../../H-x86_64-mingw32/nios2-elf/lib\libc.a
LOAD c:/intelfpga_lite/18.1/nios2eds/bin/gnu/h-x86_64-mingw32/bin/../lib/gcc/nios2-elf/5.3.0\libgcc.a
LOAD C:/Users/franc/Desktop/epfl/MA1/embeded_system/lab4/lab4_correct_template/lab_4_project_template/lab_4_project_template/sw/nios/lab4_LCD_Controller_bsp/\libhal_bsp.a
LOAD c:/intelfpga_lite/18.1/nios2eds/bin/gnu/h-x86_64-mingw32/bin/../lib/gcc/nios2-elf/5.3.0/../../../../../H-x86_64-mingw32/nios2-elf/lib\libm.a
END GROUP
LOAD c:/intelfpga_lite/18.1/nios2eds/bin/gnu/h-x86_64-mingw32/bin/../lib/gcc/nios2-elf/5.3.0\libgcc.a
                0x0000000010100000                __alt_mem_onchip_memory2_0 = 0x10100000

.entry          0x0000000010100000       0x20
 *(.entry)
 .entry         0x0000000010100000       0x20 C:/Users/franc/Desktop/epfl/MA1/embeded_system/lab4/lab4_correct_template/lab_4_project_template/lab_4_project_template/sw/nios/lab4_LCD_Controller_bsp//obj/HAL/src/crt0.o
                0x0000000010100000                __reset

.exceptions     0x0000000010100020      0x224
                0x0000000010100020                PROVIDE (__ram_exceptions_start, ABSOLUTE (.))
                0x0000000010100020                . = ALIGN (0x20)
 *(.irq)
 *(.exceptions.entry.label)
 .exceptions.entry.label
                0x0000000010100020        0x0 C:/Users/franc/Desktop/epfl/MA1/embeded_system/lab4/lab4_correct_template/lab_4_project_template/lab_4_project_template/sw/nios/lab4_LCD_Controller_bsp/\libhal_bsp.a(alt_irq_entry.o)
                0x0000000010100020                alt_irq_entry
 .exceptions.entry.label
                0x0000000010100020        0x0 C:/Users/franc/Desktop/epfl/MA1/embeded_system/lab4/lab4_correct_template/lab_4_project_template/lab_4_project_template/sw/nios/lab4_LCD_Controller_bsp/\libhal_bsp.a(alt_exception_entry.o)
                0x0000000010100020                alt_exception
 *(.exceptions.entry.user)
 *(.exceptions.entry.ecc_fatal)
 *(.exceptions.entry)
 .exceptions.entry
                0x0000000010100020       0x54 C:/Users/franc/Desktop/epfl/MA1/embeded_system/lab4/lab4_correct_template/lab_4_project_template/lab_4_project_template/sw/nios/lab4_LCD_Controller_bsp/\libhal_bsp.a(alt_exception_entry.o)
 *(.exceptions.irqtest.user)
 *(.exceptions.irqtest)
 .exceptions.irqtest
                0x0000000010100074       0x10 C:/Users/franc/Desktop/epfl/MA1/embeded_system/lab4/lab4_correct_template/lab_4_project_template/lab_4_project_template/sw/nios/lab4_LCD_Controller_bsp/\libhal_bsp.a(alt_irq_entry.o)
 *(.exceptions.irqhandler.user)
 *(.exceptions.irqhandler)
 .exceptions.irqhandler
                0x0000000010100084        0x4 C:/Users/franc/Desktop/epfl/MA1/embeded_system/lab4/lab4_correct_template/lab_4_project_template/lab_4_project_template/sw/nios/lab4_LCD_Controller_bsp/\libhal_bsp.a(alt_irq_entry.o)
 *(.exceptions.irqreturn.user)
 *(.exceptions.irqreturn)
 .exceptions.irqreturn
                0x0000000010100088        0x4 C:/Users/franc/Desktop/epfl/MA1/embeded_system/lab4/lab4_correct_template/lab_4_project_template/lab_4_project_template/sw/nios/lab4_LCD_Controller_bsp/\libhal_bsp.a(alt_irq_entry.o)
 *(.exceptions.notirq.label)
 .exceptions.notirq.label
                0x000000001010008c        0x0 C:/Users/franc/Desktop/epfl/MA1/embeded_system/lab4/lab4_correct_template/lab_4_project_template/lab_4_project_template/sw/nios/lab4_LCD_Controller_bsp/\libhal_bsp.a(alt_irq_entry.o)
 *(.exceptions.notirq.user)
 *(.exceptions.notirq)
 .exceptions.notirq
                0x000000001010008c        0x8 C:/Users/franc/Desktop/epfl/MA1/embeded_system/lab4/lab4_correct_template/lab_4_project_template/lab_4_project_template/sw/nios/lab4_LCD_Controller_bsp/\libhal_bsp.a(alt_exception_entry.o)
 *(.exceptions.soft.user)
 *(.exceptions.soft)
 *(.exceptions.unknown.user)
 *(.exceptions.unknown)
 .exceptions.unknown
                0x0000000010100094       0x14 C:/Users/franc/Desktop/epfl/MA1/embeded_system/lab4/lab4_correct_template/lab_4_project_template/lab_4_project_template/sw/nios/lab4_LCD_Controller_bsp/\libhal_bsp.a(alt_exception_entry.o)
 *(.exceptions.exit.label)
 .exceptions.exit.label
                0x00000000101000a8        0x0 C:/Users/franc/Desktop/epfl/MA1/embeded_system/lab4/lab4_correct_template/lab_4_project_template/lab_4_project_template/sw/nios/lab4_LCD_Controller_bsp/\libhal_bsp.a(alt_irq_entry.o)
 .exceptions.exit.label
                0x00000000101000a8        0x0 C:/Users/franc/Desktop/epfl/MA1/embeded_system/lab4/lab4_correct_template/lab_4_project_template/lab_4_project_template/sw/nios/lab4_LCD_Controller_bsp/\libhal_bsp.a(alt_exception_entry.o)
 *(.exceptions.exit.user)
 *(.exceptions.exit)
 .exceptions.exit
                0x00000000101000a8       0x54 C:/Users/franc/Desktop/epfl/MA1/embeded_system/lab4/lab4_correct_template/lab_4_project_template/lab_4_project_template/sw/nios/lab4_LCD_Controller_bsp/\libhal_bsp.a(alt_exception_entry.o)
 *(.exceptions)
 .exceptions    0x00000000101000fc       0xd4 C:/Users/franc/Desktop/epfl/MA1/embeded_system/lab4/lab4_correct_template/lab_4_project_template/lab_4_project_template/sw/nios/lab4_LCD_Controller_bsp/\libhal_bsp.a(alt_irq_handler.o)
                0x00000000101000fc                alt_irq_handler
 .exceptions    0x00000000101001d0       0x74 C:/Users/franc/Desktop/epfl/MA1/embeded_system/lab4/lab4_correct_template/lab_4_project_template/lab_4_project_template/sw/nios/lab4_LCD_Controller_bsp/\libhal_bsp.a(alt_instruction_exception_entry.o)
                0x00000000101001d0                alt_instruction_exception_entry
                0x0000000010100244                PROVIDE (__ram_exceptions_end, ABSOLUTE (.))
                0x0000000010100020                PROVIDE (__flash_exceptions_start, LOADADDR (.exceptions))

.text           0x0000000010100244     0x2ef8
                [!provide]                        PROVIDE (stext, ABSOLUTE (.))
 *(.interp)
 *(.hash)
 *(.dynsym)
 *(.dynstr)
 *(.gnu.version)
 *(.gnu.version_d)
 *(.gnu.version_r)
 *(.rel.init)
 *(.rela.init)
 *(.rel.text .rel.text.* .rel.gnu.linkonce.t.*)
 *(.rela.text .rela.text.* .rela.gnu.linkonce.t.*)
 *(.rel.fini)
 *(.rela.fini)
 *(.rel.rodata .rel.rodata.* .rel.gnu.linkonce.r.*)
 *(.rela.rodata .rela.rodata.* .rela.gnu.linkonce.r.*)
 *(.rel.data .rel.data.* .rel.gnu.linkonce.d.*)
 *(.rela.data .rela.data.* .rela.gnu.linkonce.d.*)
 *(.rel.tdata .rel.tdata.* .rel.gnu.linkonce.td.*)
 *(.rela.tdata .rela.tdata.* .rela.gnu.linkonce.td.*)
 *(.rel.tbss .rel.tbss.* .rel.gnu.linkonce.tb.*)
 *(.rela.tbss .rela.tbss.* .rela.gnu.linkonce.tb.*)
 *(.rel.ctors)
 *(.rela.ctors)
 *(.rel.dtors)
 *(.rela.dtors)
 *(.rel.got)
 *(.rela.got)
 *(.rel.sdata .rel.sdata.* .rel.gnu.linkonce.s.*)
 *(.rela.sdata .rela.sdata.* .rela.gnu.linkonce.s.*)
 *(.rel.sbss .rel.sbss.* .rel.gnu.linkonce.sb.*)
 *(.rela.sbss .rela.sbss.* .rela.gnu.linkonce.sb.*)
 *(.rel.sdata2 .rel.sdata2.* .rel.gnu.linkonce.s2.*)
 *(.rela.sdata2 .rela.sdata2.* .rela.gnu.linkonce.s2.*)
 *(.rel.sbss2 .rel.sbss2.* .rel.gnu.linkonce.sb2.*)
 *(.rela.sbss2 .rela.sbss2.* .rela.gnu.linkonce.sb2.*)
 *(.rel.bss .rel.bss.* .rel.gnu.linkonce.b.*)
 *(.rela.bss .rela.bss.* .rela.gnu.linkonce.b.*)
 *(.rel.plt)
 *(.rela.plt)
 *(.rel.dyn)
 *(.init)
 *(.plt)
 *(.text .stub .text.* .gnu.linkonce.t.*)
 .text          0x0000000010100244       0x4c C:/Users/franc/Desktop/epfl/MA1/embeded_system/lab4/lab4_correct_template/lab_4_project_template/lab_4_project_template/sw/nios/lab4_LCD_Controller_bsp//obj/HAL/src/crt0.o
                0x0000000010100244                _start
 .text          0x0000000010100290      0x6c8 obj/default/LCD_control.o
                0x0000000010100290                Delay_Ms
                0x00000000101002e8                LCD_init
 .text          0x0000000010100958       0x94 obj/default/hello_world.o
                0x0000000010100958                main
                0x0000000010100994                write_image
 .text          0x00000000101009ec       0xec C:/Users/franc/Desktop/epfl/MA1/embeded_system/lab4/lab4_correct_template/lab_4_project_template/lab_4_project_template/sw/nios/lab4_LCD_Controller_bsp/\libhal_bsp.a(alt_load.o)
                0x0000000010100a54                alt_load
 .text          0x0000000010100ad8       0x7c C:/Users/franc/Desktop/epfl/MA1/embeded_system/lab4/lab4_correct_template/lab_4_project_template/lab_4_project_template/sw/nios/lab4_LCD_Controller_bsp/\libhal_bsp.a(alt_main.o)
                0x0000000010100ad8                alt_main
 .text          0x0000000010100b54       0xc0 C:/Users/franc/Desktop/epfl/MA1/embeded_system/lab4/lab4_correct_template/lab_4_project_template/lab_4_project_template/sw/nios/lab4_LCD_Controller_bsp/\libhal_bsp.a(alt_sys_init.o)
                0x0000000010100b88                alt_irq_init
                0x0000000010100bc0                alt_sys_init
 .text          0x0000000010100c14      0x164 C:/Users/franc/Desktop/epfl/MA1/embeded_system/lab4/lab4_correct_template/lab_4_project_template/lab_4_project_template/sw/nios/lab4_LCD_Controller_bsp/\libhal_bsp.a(altera_avalon_jtag_uart_fd.o)
                0x0000000010100c14                altera_avalon_jtag_uart_read_fd
                0x0000000010100c74                altera_avalon_jtag_uart_write_fd
                0x0000000010100cd4                altera_avalon_jtag_uart_close_fd
                0x0000000010100d24                altera_avalon_jtag_uart_ioctl_fd
 .text          0x0000000010100d78      0x3d4 C:/Users/franc/Desktop/epfl/MA1/embeded_system/lab4/lab4_correct_template/lab_4_project_template/lab_4_project_template/sw/nios/lab4_LCD_Controller_bsp/\libhal_bsp.a(altera_avalon_jtag_uart_init.o)
                0x0000000010100d78                altera_avalon_jtag_uart_init
                0x00000000101010e4                altera_avalon_jtag_uart_close
 .text          0x000000001010114c       0xf0 C:/Users/franc/Desktop/epfl/MA1/embeded_system/lab4/lab4_correct_template/lab_4_project_template/lab_4_project_template/sw/nios/lab4_LCD_Controller_bsp/\libhal_bsp.a(altera_avalon_jtag_uart_ioctl.o)
                0x000000001010114c                altera_avalon_jtag_uart_ioctl
 .text          0x000000001010123c      0x21c C:/Users/franc/Desktop/epfl/MA1/embeded_system/lab4/lab4_correct_template/lab_4_project_template/lab_4_project_template/sw/nios/lab4_LCD_Controller_bsp/\libhal_bsp.a(altera_avalon_jtag_uart_read.o)
                0x000000001010123c                altera_avalon_jtag_uart_read
 .text          0x0000000010101458      0x224 C:/Users/franc/Desktop/epfl/MA1/embeded_system/lab4/lab4_correct_template/lab_4_project_template/lab_4_project_template/sw/nios/lab4_LCD_Controller_bsp/\libhal_bsp.a(altera_avalon_jtag_uart_write.o)
                0x0000000010101458                altera_avalon_jtag_uart_write
 .text          0x000000001010167c      0x484 C:/Users/franc/Desktop/epfl/MA1/embeded_system/lab4/lab4_correct_template/lab_4_project_template/lab_4_project_template/sw/nios/lab4_LCD_Controller_bsp/\libhal_bsp.a(altera_hostfs.o)
                0x000000001010167c                alt_hostfs_open
                0x0000000010101798                alt_hostfs_close
                0x00000000101017dc                alt_hostfs_read
                0x0000000010101848                alt_hostfs_write
                0x00000000101018b4                alt_hostfs_seek
                0x000000001010191c                alt_hostfs_fstat
 .text          0x0000000010101b00      0x12c C:/Users/franc/Desktop/epfl/MA1/embeded_system/lab4/lab4_correct_template/lab_4_project_template/lab_4_project_template/sw/nios/lab4_LCD_Controller_bsp/\libhal_bsp.a(alt_alarm_start.o)
                0x0000000010101b00                alt_alarm_start
 .text          0x0000000010101c2c      0x10c C:/Users/franc/Desktop/epfl/MA1/embeded_system/lab4/lab4_correct_template/lab_4_project_template/lab_4_project_template/sw/nios/lab4_LCD_Controller_bsp/\libhal_bsp.a(alt_close.o)
                0x0000000010101c68                close
 .text          0x0000000010101d38       0x48 C:/Users/franc/Desktop/epfl/MA1/embeded_system/lab4/lab4_correct_template/lab_4_project_template/lab_4_project_template/sw/nios/lab4_LCD_Controller_bsp/\libhal_bsp.a(alt_dcache_flush_all.o)
                0x0000000010101d38                alt_dcache_flush_all
 .text          0x0000000010101d80       0x2c C:/Users/franc/Desktop/epfl/MA1/embeded_system/lab4/lab4_correct_template/lab_4_project_template/lab_4_project_template/sw/nios/lab4_LCD_Controller_bsp/\libhal_bsp.a(alt_dev.o)
 .text          0x0000000010101dac       0xe0 C:/Users/franc/Desktop/epfl/MA1/embeded_system/lab4/lab4_correct_template/lab_4_project_template/lab_4_project_template/sw/nios/lab4_LCD_Controller_bsp/\libhal_bsp.a(alt_dev_llist_insert.o)
                0x0000000010101de8                alt_dev_llist_insert
 .text          0x0000000010101e8c       0x60 C:/Users/franc/Desktop/epfl/MA1/embeded_system/lab4/lab4_correct_template/lab_4_project_template/lab_4_project_template/sw/nios/lab4_LCD_Controller_bsp/\libhal_bsp.a(alt_do_ctors.o)
                0x0000000010101e8c                _do_ctors
 .text          0x0000000010101eec       0x60 C:/Users/franc/Desktop/epfl/MA1/embeded_system/lab4/lab4_correct_template/lab_4_project_template/lab_4_project_template/sw/nios/lab4_LCD_Controller_bsp/\libhal_bsp.a(alt_do_dtors.o)
                0x0000000010101eec                _do_dtors
 .text          0x0000000010101f4c        0x0 C:/Users/franc/Desktop/epfl/MA1/embeded_system/lab4/lab4_correct_template/lab_4_project_template/lab_4_project_template/sw/nios/lab4_LCD_Controller_bsp/\libhal_bsp.a(alt_errno.o)
 .text          0x0000000010101f4c       0x80 C:/Users/franc/Desktop/epfl/MA1/embeded_system/lab4/lab4_correct_template/lab_4_project_template/lab_4_project_template/sw/nios/lab4_LCD_Controller_bsp/\libhal_bsp.a(alt_fs_reg.o)
                0x0000000010101f4c                alt_fs_reg
 .text          0x0000000010101fcc       0x34 C:/Users/franc/Desktop/epfl/MA1/embeded_system/lab4/lab4_correct_template/lab_4_project_template/lab_4_project_template/sw/nios/lab4_LCD_Controller_bsp/\libhal_bsp.a(alt_icache_flush_all.o)
                0x0000000010101fcc                alt_icache_flush_all
 .text          0x0000000010102000      0x1b0 C:/Users/franc/Desktop/epfl/MA1/embeded_system/lab4/lab4_correct_template/lab_4_project_template/lab_4_project_template/sw/nios/lab4_LCD_Controller_bsp/\libhal_bsp.a(alt_iic.o)
                0x0000000010102000                alt_ic_isr_register
                0x0000000010102050                alt_ic_irq_enable
                0x00000000101020d8                alt_ic_irq_disable
                0x0000000010102164                alt_ic_irq_enabled
 .text          0x00000000101021b0       0xf0 C:/Users/franc/Desktop/epfl/MA1/embeded_system/lab4/lab4_correct_template/lab_4_project_template/lab_4_project_template/sw/nios/lab4_LCD_Controller_bsp/\libhal_bsp.a(alt_iic_isr_register.o)
                0x00000000101021b0                alt_iic_isr_register
 .text          0x00000000101022a0      0x140 C:/Users/franc/Desktop/epfl/MA1/embeded_system/lab4/lab4_correct_template/lab_4_project_template/lab_4_project_template/sw/nios/lab4_LCD_Controller_bsp/\libhal_bsp.a(alt_io_redirect.o)
                0x0000000010102364                alt_io_redirect
 .text          0x00000000101023e0        0x0 C:/Users/franc/Desktop/epfl/MA1/embeded_system/lab4/lab4_correct_template/lab_4_project_template/lab_4_project_template/sw/nios/lab4_LCD_Controller_bsp/\libhal_bsp.a(alt_irq_entry.o)
 .text          0x00000000101023e0        0x0 C:/Users/franc/Desktop/epfl/MA1/embeded_system/lab4/lab4_correct_template/lab_4_project_template/lab_4_project_template/sw/nios/lab4_LCD_Controller_bsp/\libhal_bsp.a(alt_irq_handler.o)
 .text          0x00000000101023e0        0x0 C:/Users/franc/Desktop/epfl/MA1/embeded_system/lab4/lab4_correct_template/lab_4_project_template/lab_4_project_template/sw/nios/lab4_LCD_Controller_bsp/\libhal_bsp.a(alt_irq_vars.o)
 .text          0x00000000101023e0      0x254 C:/Users/franc/Desktop/epfl/MA1/embeded_system/lab4/lab4_correct_template/lab_4_project_template/lab_4_project_template/sw/nios/lab4_LCD_Controller_bsp/\libhal_bsp.a(alt_open.o)
                0x00000000101024e0                open
 .text          0x0000000010102634       0x64 C:/Users/franc/Desktop/epfl/MA1/embeded_system/lab4/lab4_correct_template/lab_4_project_template/lab_4_project_template/sw/nios/lab4_LCD_Controller_bsp/\libhal_bsp.a(alt_release_fd.o)
                0x0000000010102634                alt_release_fd
 .text          0x0000000010102698      0x1a4 C:/Users/franc/Desktop/epfl/MA1/embeded_system/lab4/lab4_correct_template/lab_4_project_template/lab_4_project_template/sw/nios/lab4_LCD_Controller_bsp/\libhal_bsp.a(alt_tick.o)
                0x0000000010102698                alt_alarm_stop
                0x0000000010102734                alt_tick
 .text          0x000000001010283c       0x24 C:/Users/franc/Desktop/epfl/MA1/embeded_system/lab4/lab4_correct_template/lab_4_project_template/lab_4_project_template/sw/nios/lab4_LCD_Controller_bsp/\libhal_bsp.a(altera_nios2_gen2_irq.o)
                0x000000001010283c                altera_nios2_gen2_irq_init
 .text          0x0000000010102860        0x0 C:/Users/franc/Desktop/epfl/MA1/embeded_system/lab4/lab4_correct_template/lab_4_project_template/lab_4_project_template/sw/nios/lab4_LCD_Controller_bsp/\libhal_bsp.a(alt_exception_entry.o)
 .text          0x0000000010102860       0x90 C:/Users/franc/Desktop/epfl/MA1/embeded_system/lab4/lab4_correct_template/lab_4_project_template/lab_4_project_template/sw/nios/lab4_LCD_Controller_bsp/\libhal_bsp.a(alt_find_dev.o)
                0x0000000010102860                alt_find_dev
 .text          0x00000000101028f0      0x108 C:/Users/franc/Desktop/epfl/MA1/embeded_system/lab4/lab4_correct_template/lab_4_project_template/lab_4_project_template/sw/nios/lab4_LCD_Controller_bsp/\libhal_bsp.a(alt_find_file.o)
                0x00000000101028f0                alt_find_file
 .text          0x00000000101029f8       0xa4 C:/Users/franc/Desktop/epfl/MA1/embeded_system/lab4/lab4_correct_template/lab_4_project_template/lab_4_project_template/sw/nios/lab4_LCD_Controller_bsp/\libhal_bsp.a(alt_get_fd.o)
                0x00000000101029f8                alt_get_fd
 .text          0x0000000010102a9c       0x90 C:/Users/franc/Desktop/epfl/MA1/embeded_system/lab4/lab4_correct_template/lab_4_project_template/lab_4_project_template/sw/nios/lab4_LCD_Controller_bsp/\libhal_bsp.a(alt_icache_flush.o)
                0x0000000010102a9c                alt_icache_flush
 .text          0x0000000010102b2c       0x9c C:/Users/franc/Desktop/epfl/MA1/embeded_system/lab4/lab4_correct_template/lab_4_project_template/lab_4_project_template/sw/nios/lab4_LCD_Controller_bsp/\libhal_bsp.a(alt_instruction_exception_entry.o)
                0x0000000010102b2c                alt_exception_cause_generated_bad_addr
 .text          0x0000000010102bc8        0x0 c:/intelfpga_lite/18.1/nios2eds/bin/gnu/h-x86_64-mingw32/bin/../lib/gcc/nios2-elf/5.3.0/../../../../../H-x86_64-mingw32/nios2-elf/lib\libc.a(lib_a-atexit.o)
 .text.atexit   0x0000000010102bc8       0x14 c:/intelfpga_lite/18.1/nios2eds/bin/gnu/h-x86_64-mingw32/bin/../lib/gcc/nios2-elf/5.3.0/../../../../../H-x86_64-mingw32/nios2-elf/lib\libc.a(lib_a-atexit.o)
                0x0000000010102bc8                atexit
 .text          0x0000000010102bdc        0x0 c:/intelfpga_lite/18.1/nios2eds/bin/gnu/h-x86_64-mingw32/bin/../lib/gcc/nios2-elf/5.3.0/../../../../../H-x86_64-mingw32/nios2-elf/lib\libc.a(lib_a-exit.o)
 .text.exit     0x0000000010102bdc       0x38 c:/intelfpga_lite/18.1/nios2eds/bin/gnu/h-x86_64-mingw32/bin/../lib/gcc/nios2-elf/5.3.0/../../../../../H-x86_64-mingw32/nios2-elf/lib\libc.a(lib_a-exit.o)
                0x0000000010102bdc                exit
 .text          0x0000000010102c14        0x0 c:/intelfpga_lite/18.1/nios2eds/bin/gnu/h-x86_64-mingw32/bin/../lib/gcc/nios2-elf/5.3.0/../../../../../H-x86_64-mingw32/nios2-elf/lib\libc.a(lib_a-impure.o)
 .text          0x0000000010102c14        0x0 c:/intelfpga_lite/18.1/nios2eds/bin/gnu/h-x86_64-mingw32/bin/../lib/gcc/nios2-elf/5.3.0/../../../../../H-x86_64-mingw32/nios2-elf/lib\libc.a(lib_a-int_errno.o)
 .text          0x0000000010102c14        0x0 c:/intelfpga_lite/18.1/nios2eds/bin/gnu/h-x86_64-mingw32/bin/../lib/gcc/nios2-elf/5.3.0/../../../../../H-x86_64-mingw32/nios2-elf/lib\libc.a(lib_a-memcmp.o)
 .text.memcmp   0x0000000010102c14       0x7c c:/intelfpga_lite/18.1/nios2eds/bin/gnu/h-x86_64-mingw32/bin/../lib/gcc/nios2-elf/5.3.0/../../../../../H-x86_64-mingw32/nios2-elf/lib\libc.a(lib_a-memcmp.o)
                0x0000000010102c14                memcmp
 .text          0x0000000010102c90        0x0 c:/intelfpga_lite/18.1/nios2eds/bin/gnu/h-x86_64-mingw32/bin/../lib/gcc/nios2-elf/5.3.0/../../../../../H-x86_64-mingw32/nios2-elf/lib\libc.a(lib_a-memcpy.o)
 .text.memcpy   0x0000000010102c90      0x148 c:/intelfpga_lite/18.1/nios2eds/bin/gnu/h-x86_64-mingw32/bin/../lib/gcc/nios2-elf/5.3.0/../../../../../H-x86_64-mingw32/nios2-elf/lib\libc.a(lib_a-memcpy.o)
                0x0000000010102c90                memcpy
 .text          0x0000000010102dd8        0x0 c:/intelfpga_lite/18.1/nios2eds/bin/gnu/h-x86_64-mingw32/bin/../lib/gcc/nios2-elf/5.3.0/../../../../../H-x86_64-mingw32/nios2-elf/lib\libc.a(lib_a-strlen.o)
 .text.strlen   0x0000000010102dd8       0x98 c:/intelfpga_lite/18.1/nios2eds/bin/gnu/h-x86_64-mingw32/bin/../lib/gcc/nios2-elf/5.3.0/../../../../../H-x86_64-mingw32/nios2-elf/lib\libc.a(lib_a-strlen.o)
                0x0000000010102dd8                strlen
 .text          0x0000000010102e70        0x0 c:/intelfpga_lite/18.1/nios2eds/bin/gnu/h-x86_64-mingw32/bin/../lib/gcc/nios2-elf/5.3.0/../../../../../H-x86_64-mingw32/nios2-elf/lib\libc.a(lib_a-__atexit.o)
 .text.__register_exitproc
                0x0000000010102e70      0x118 c:/intelfpga_lite/18.1/nios2eds/bin/gnu/h-x86_64-mingw32/bin/../lib/gcc/nios2-elf/5.3.0/../../../../../H-x86_64-mingw32/nios2-elf/lib\libc.a(lib_a-__atexit.o)
                0x0000000010102e70                __register_exitproc
 .text          0x0000000010102f88        0x0 c:/intelfpga_lite/18.1/nios2eds/bin/gnu/h-x86_64-mingw32/bin/../lib/gcc/nios2-elf/5.3.0/../../../../../H-x86_64-mingw32/nios2-elf/lib\libc.a(lib_a-__call_atexit.o)
 .text.__call_exitprocs
                0x0000000010102f88      0x180 c:/intelfpga_lite/18.1/nios2eds/bin/gnu/h-x86_64-mingw32/bin/../lib/gcc/nios2-elf/5.3.0/../../../../../H-x86_64-mingw32/nios2-elf/lib\libc.a(lib_a-__call_atexit.o)
                0x0000000010102f88                __call_exitprocs
 .text          0x0000000010103108       0x34 C:/Users/franc/Desktop/epfl/MA1/embeded_system/lab4/lab4_correct_template/lab_4_project_template/lab_4_project_template/sw/nios/lab4_LCD_Controller_bsp/\libhal_bsp.a(alt_exit.o)
                0x0000000010103108                _exit
 *(.gnu.warning.*)
 *(.fini)
                [!provide]                        PROVIDE (__etext, ABSOLUTE (.))
                [!provide]                        PROVIDE (_etext, ABSOLUTE (.))
                [!provide]                        PROVIDE (etext, ABSOLUTE (.))
 *(.eh_frame_hdr)
                0x000000001010313c                . = ALIGN (0x4)
                [!provide]                        PROVIDE (__preinit_array_start, ABSOLUTE (.))
 *(.preinit_array)
                [!provide]                        PROVIDE (__preinit_array_end, ABSOLUTE (.))
                [!provide]                        PROVIDE (__init_array_start, ABSOLUTE (.))
 *(.init_array)
                [!provide]                        PROVIDE (__init_array_end, ABSOLUTE (.))
                [!provide]                        PROVIDE (__fini_array_start, ABSOLUTE (.))
 *(.fini_array)
                [!provide]                        PROVIDE (__fini_array_end, ABSOLUTE (.))
 *(.eh_frame)
 *(.gcc_except_table .gcc_except_table.*)
 *(.dynamic)
                0x000000001010313c                PROVIDE (__CTOR_LIST__, ABSOLUTE (.))
 *(.ctors)
 *(SORT(.ctors.*))
                0x000000001010313c                PROVIDE (__CTOR_END__, ABSOLUTE (.))
                0x000000001010313c                PROVIDE (__DTOR_LIST__, ABSOLUTE (.))
 *(.dtors)
 *(SORT(.dtors.*))
                0x000000001010313c                PROVIDE (__DTOR_END__, ABSOLUTE (.))
 *(.jcr)
                0x000000001010313c                . = ALIGN (0x4)

.rodata         0x000000001010313c       0x44
                0x000000001010313c                PROVIDE (__ram_rodata_start, ABSOLUTE (.))
                0x000000001010313c                . = ALIGN (0x4)
 *(.rodata .rodata.* .gnu.linkonce.r.*)
 .rodata        0x000000001010313c       0x11 C:/Users/franc/Desktop/epfl/MA1/embeded_system/lab4/lab4_correct_template/lab_4_project_template/lab_4_project_template/sw/nios/lab4_LCD_Controller_bsp/\libhal_bsp.a(alt_main.o)
 *fill*         0x000000001010314d        0x3 
 .rodata        0x0000000010103150       0x1e C:/Users/franc/Desktop/epfl/MA1/embeded_system/lab4/lab4_correct_template/lab_4_project_template/lab_4_project_template/sw/nios/lab4_LCD_Controller_bsp/\libhal_bsp.a(alt_sys_init.o)
 *fill*         0x000000001010316e        0x2 
 .rodata        0x0000000010103170        0xa C:/Users/franc/Desktop/epfl/MA1/embeded_system/lab4/lab4_correct_template/lab_4_project_template/lab_4_project_template/sw/nios/lab4_LCD_Controller_bsp/\libhal_bsp.a(alt_dev.o)
 *fill*         0x000000001010317a        0x2 
 .rodata.str1.4
                0x000000001010317c        0x4 c:/intelfpga_lite/18.1/nios2eds/bin/gnu/h-x86_64-mingw32/bin/../lib/gcc/nios2-elf/5.3.0/../../../../../H-x86_64-mingw32/nios2-elf/lib\libc.a(lib_a-impure.o)
                                          0x2 (size before relaxing)
 *(.rodata1)
                0x0000000010103180                . = ALIGN (0x4)
                0x0000000010103180                PROVIDE (__ram_rodata_end, ABSOLUTE (.))
                0x000000001010313c                PROVIDE (__flash_rodata_start, LOADADDR (.rodata))

.rwdata         0x0000000010103180     0x16c8 load address 0x0000000010104848
                0x0000000010103180                PROVIDE (__ram_rwdata_start, ABSOLUTE (.))
                0x0000000010103180                . = ALIGN (0x4)
 *(.got.plt)
 *(.got)
 *(.data1)
 *(.data .data.* .gnu.linkonce.d.*)
 .data          0x0000000010103180        0x0 C:/Users/franc/Desktop/epfl/MA1/embeded_system/lab4/lab4_correct_template/lab_4_project_template/lab_4_project_template/sw/nios/lab4_LCD_Controller_bsp//obj/HAL/src/crt0.o
 .data          0x0000000010103180        0x0 obj/default/LCD_control.o
 .data          0x0000000010103180        0x0 obj/default/hello_world.o
 .data          0x0000000010103180        0x0 C:/Users/franc/Desktop/epfl/MA1/embeded_system/lab4/lab4_correct_template/lab_4_project_template/lab_4_project_template/sw/nios/lab4_LCD_Controller_bsp/\libhal_bsp.a(alt_load.o)
 .data          0x0000000010103180        0x0 C:/Users/franc/Desktop/epfl/MA1/embeded_system/lab4/lab4_correct_template/lab_4_project_template/lab_4_project_template/sw/nios/lab4_LCD_Controller_bsp/\libhal_bsp.a(alt_main.o)
 .data          0x0000000010103180     0x1088 C:/Users/franc/Desktop/epfl/MA1/embeded_system/lab4/lab4_correct_template/lab_4_project_template/lab_4_project_template/sw/nios/lab4_LCD_Controller_bsp/\libhal_bsp.a(alt_sys_init.o)
 .data          0x0000000010104208        0x0 C:/Users/franc/Desktop/epfl/MA1/embeded_system/lab4/lab4_correct_template/lab_4_project_template/lab_4_project_template/sw/nios/lab4_LCD_Controller_bsp/\libhal_bsp.a(altera_avalon_jtag_uart_fd.o)
 .data          0x0000000010104208        0x0 C:/Users/franc/Desktop/epfl/MA1/embeded_system/lab4/lab4_correct_template/lab_4_project_template/lab_4_project_template/sw/nios/lab4_LCD_Controller_bsp/\libhal_bsp.a(altera_avalon_jtag_uart_init.o)
 .data          0x0000000010104208        0x0 C:/Users/franc/Desktop/epfl/MA1/embeded_system/lab4/lab4_correct_template/lab_4_project_template/lab_4_project_template/sw/nios/lab4_LCD_Controller_bsp/\libhal_bsp.a(altera_avalon_jtag_uart_ioctl.o)
 .data          0x0000000010104208        0x0 C:/Users/franc/Desktop/epfl/MA1/embeded_system/lab4/lab4_correct_template/lab_4_project_template/lab_4_project_template/sw/nios/lab4_LCD_Controller_bsp/\libhal_bsp.a(altera_avalon_jtag_uart_read.o)
 .data          0x0000000010104208        0x0 C:/Users/franc/Desktop/epfl/MA1/embeded_system/lab4/lab4_correct_template/lab_4_project_template/lab_4_project_template/sw/nios/lab4_LCD_Controller_bsp/\libhal_bsp.a(altera_avalon_jtag_uart_write.o)
 .data          0x0000000010104208        0x0 C:/Users/franc/Desktop/epfl/MA1/embeded_system/lab4/lab4_correct_template/lab_4_project_template/lab_4_project_template/sw/nios/lab4_LCD_Controller_bsp/\libhal_bsp.a(altera_hostfs.o)
 .data          0x0000000010104208        0x0 C:/Users/franc/Desktop/epfl/MA1/embeded_system/lab4/lab4_correct_template/lab_4_project_template/lab_4_project_template/sw/nios/lab4_LCD_Controller_bsp/\libhal_bsp.a(alt_alarm_start.o)
 .data          0x0000000010104208        0x0 C:/Users/franc/Desktop/epfl/MA1/embeded_system/lab4/lab4_correct_template/lab_4_project_template/lab_4_project_template/sw/nios/lab4_LCD_Controller_bsp/\libhal_bsp.a(alt_close.o)
 .data          0x0000000010104208        0x0 C:/Users/franc/Desktop/epfl/MA1/embeded_system/lab4/lab4_correct_template/lab_4_project_template/lab_4_project_template/sw/nios/lab4_LCD_Controller_bsp/\libhal_bsp.a(alt_dcache_flush_all.o)
 .data          0x0000000010104208      0x1a8 C:/Users/franc/Desktop/epfl/MA1/embeded_system/lab4/lab4_correct_template/lab_4_project_template/lab_4_project_template/sw/nios/lab4_LCD_Controller_bsp/\libhal_bsp.a(alt_dev.o)
                0x0000000010104208                alt_dev_null
                0x0000000010104230                alt_fd_list
 .data          0x00000000101043b0        0x0 C:/Users/franc/Desktop/epfl/MA1/embeded_system/lab4/lab4_correct_template/lab_4_project_template/lab_4_project_template/sw/nios/lab4_LCD_Controller_bsp/\libhal_bsp.a(alt_dev_llist_insert.o)
 .data          0x00000000101043b0        0x0 C:/Users/franc/Desktop/epfl/MA1/embeded_system/lab4/lab4_correct_template/lab_4_project_template/lab_4_project_template/sw/nios/lab4_LCD_Controller_bsp/\libhal_bsp.a(alt_do_ctors.o)
 .data          0x00000000101043b0        0x0 C:/Users/franc/Desktop/epfl/MA1/embeded_system/lab4/lab4_correct_template/lab_4_project_template/lab_4_project_template/sw/nios/lab4_LCD_Controller_bsp/\libhal_bsp.a(alt_do_dtors.o)
 .data          0x00000000101043b0        0x0 C:/Users/franc/Desktop/epfl/MA1/embeded_system/lab4/lab4_correct_template/lab_4_project_template/lab_4_project_template/sw/nios/lab4_LCD_Controller_bsp/\libhal_bsp.a(alt_errno.o)
 .data          0x00000000101043b0        0x0 C:/Users/franc/Desktop/epfl/MA1/embeded_system/lab4/lab4_correct_template/lab_4_project_template/lab_4_project_template/sw/nios/lab4_LCD_Controller_bsp/\libhal_bsp.a(alt_fs_reg.o)
 .data          0x00000000101043b0        0x0 C:/Users/franc/Desktop/epfl/MA1/embeded_system/lab4/lab4_correct_template/lab_4_project_template/lab_4_project_template/sw/nios/lab4_LCD_Controller_bsp/\libhal_bsp.a(alt_icache_flush_all.o)
 .data          0x00000000101043b0        0x0 C:/Users/franc/Desktop/epfl/MA1/embeded_system/lab4/lab4_correct_template/lab_4_project_template/lab_4_project_template/sw/nios/lab4_LCD_Controller_bsp/\libhal_bsp.a(alt_iic.o)
 .data          0x00000000101043b0        0x0 C:/Users/franc/Desktop/epfl/MA1/embeded_system/lab4/lab4_correct_template/lab_4_project_template/lab_4_project_template/sw/nios/lab4_LCD_Controller_bsp/\libhal_bsp.a(alt_iic_isr_register.o)
 .data          0x00000000101043b0        0x0 C:/Users/franc/Desktop/epfl/MA1/embeded_system/lab4/lab4_correct_template/lab_4_project_template/lab_4_project_template/sw/nios/lab4_LCD_Controller_bsp/\libhal_bsp.a(alt_io_redirect.o)
 .data          0x00000000101043b0        0x0 C:/Users/franc/Desktop/epfl/MA1/embeded_system/lab4/lab4_correct_template/lab_4_project_template/lab_4_project_template/sw/nios/lab4_LCD_Controller_bsp/\libhal_bsp.a(alt_irq_entry.o)
 .data          0x00000000101043b0        0x0 C:/Users/franc/Desktop/epfl/MA1/embeded_system/lab4/lab4_correct_template/lab_4_project_template/lab_4_project_template/sw/nios/lab4_LCD_Controller_bsp/\libhal_bsp.a(alt_irq_handler.o)
 .data          0x00000000101043b0        0x0 C:/Users/franc/Desktop/epfl/MA1/embeded_system/lab4/lab4_correct_template/lab_4_project_template/lab_4_project_template/sw/nios/lab4_LCD_Controller_bsp/\libhal_bsp.a(alt_irq_vars.o)
 .data          0x00000000101043b0        0x0 C:/Users/franc/Desktop/epfl/MA1/embeded_system/lab4/lab4_correct_template/lab_4_project_template/lab_4_project_template/sw/nios/lab4_LCD_Controller_bsp/\libhal_bsp.a(alt_open.o)
 .data          0x00000000101043b0        0x0 C:/Users/franc/Desktop/epfl/MA1/embeded_system/lab4/lab4_correct_template/lab_4_project_template/lab_4_project_template/sw/nios/lab4_LCD_Controller_bsp/\libhal_bsp.a(alt_release_fd.o)
 .data          0x00000000101043b0        0x0 C:/Users/franc/Desktop/epfl/MA1/embeded_system/lab4/lab4_correct_template/lab_4_project_template/lab_4_project_template/sw/nios/lab4_LCD_Controller_bsp/\libhal_bsp.a(alt_tick.o)
 .data          0x00000000101043b0        0x0 C:/Users/franc/Desktop/epfl/MA1/embeded_system/lab4/lab4_correct_template/lab_4_project_template/lab_4_project_template/sw/nios/lab4_LCD_Controller_bsp/\libhal_bsp.a(altera_nios2_gen2_irq.o)
 .data          0x00000000101043b0        0x0 C:/Users/franc/Desktop/epfl/MA1/embeded_system/lab4/lab4_correct_template/lab_4_project_template/lab_4_project_template/sw/nios/lab4_LCD_Controller_bsp/\libhal_bsp.a(alt_exception_entry.o)
 .data          0x00000000101043b0        0x0 C:/Users/franc/Desktop/epfl/MA1/embeded_system/lab4/lab4_correct_template/lab_4_project_template/lab_4_project_template/sw/nios/lab4_LCD_Controller_bsp/\libhal_bsp.a(alt_find_dev.o)
 .data          0x00000000101043b0        0x0 C:/Users/franc/Desktop/epfl/MA1/embeded_system/lab4/lab4_correct_template/lab_4_project_template/lab_4_project_template/sw/nios/lab4_LCD_Controller_bsp/\libhal_bsp.a(alt_find_file.o)
 .data          0x00000000101043b0        0x0 C:/Users/franc/Desktop/epfl/MA1/embeded_system/lab4/lab4_correct_template/lab_4_project_template/lab_4_project_template/sw/nios/lab4_LCD_Controller_bsp/\libhal_bsp.a(alt_get_fd.o)
 .data          0x00000000101043b0        0x0 C:/Users/franc/Desktop/epfl/MA1/embeded_system/lab4/lab4_correct_template/lab_4_project_template/lab_4_project_template/sw/nios/lab4_LCD_Controller_bsp/\libhal_bsp.a(alt_icache_flush.o)
 .data          0x00000000101043b0        0x0 C:/Users/franc/Desktop/epfl/MA1/embeded_system/lab4/lab4_correct_template/lab_4_project_template/lab_4_project_template/sw/nios/lab4_LCD_Controller_bsp/\libhal_bsp.a(alt_instruction_exception_entry.o)
 .data          0x00000000101043b0        0x0 c:/intelfpga_lite/18.1/nios2eds/bin/gnu/h-x86_64-mingw32/bin/../lib/gcc/nios2-elf/5.3.0/../../../../../H-x86_64-mingw32/nios2-elf/lib\libc.a(lib_a-atexit.o)
 .data          0x00000000101043b0        0x0 c:/intelfpga_lite/18.1/nios2eds/bin/gnu/h-x86_64-mingw32/bin/../lib/gcc/nios2-elf/5.3.0/../../../../../H-x86_64-mingw32/nios2-elf/lib\libc.a(lib_a-exit.o)
 .data          0x00000000101043b0        0x0 c:/intelfpga_lite/18.1/nios2eds/bin/gnu/h-x86_64-mingw32/bin/../lib/gcc/nios2-elf/5.3.0/../../../../../H-x86_64-mingw32/nios2-elf/lib\libc.a(lib_a-impure.o)
 .data.impure_data
                0x00000000101043b0      0x424 c:/intelfpga_lite/18.1/nios2eds/bin/gnu/h-x86_64-mingw32/bin/../lib/gcc/nios2-elf/5.3.0/../../../../../H-x86_64-mingw32/nios2-elf/lib\libc.a(lib_a-impure.o)
 .data          0x00000000101047d4        0x0 c:/intelfpga_lite/18.1/nios2eds/bin/gnu/h-x86_64-mingw32/bin/../lib/gcc/nios2-elf/5.3.0/../../../../../H-x86_64-mingw32/nios2-elf/lib\libc.a(lib_a-int_errno.o)
 .data          0x00000000101047d4        0x0 c:/intelfpga_lite/18.1/nios2eds/bin/gnu/h-x86_64-mingw32/bin/../lib/gcc/nios2-elf/5.3.0/../../../../../H-x86_64-mingw32/nios2-elf/lib\libc.a(lib_a-memcmp.o)
 .data          0x00000000101047d4        0x0 c:/intelfpga_lite/18.1/nios2eds/bin/gnu/h-x86_64-mingw32/bin/../lib/gcc/nios2-elf/5.3.0/../../../../../H-x86_64-mingw32/nios2-elf/lib\libc.a(lib_a-memcpy.o)
 .data          0x00000000101047d4        0x0 c:/intelfpga_lite/18.1/nios2eds/bin/gnu/h-x86_64-mingw32/bin/../lib/gcc/nios2-elf/5.3.0/../../../../../H-x86_64-mingw32/nios2-elf/lib\libc.a(lib_a-strlen.o)
 .data          0x00000000101047d4        0x0 c:/intelfpga_lite/18.1/nios2eds/bin/gnu/h-x86_64-mingw32/bin/../lib/gcc/nios2-elf/5.3.0/../../../../../H-x86_64-mingw32/nios2-elf/lib\libc.a(lib_a-__atexit.o)
 .data          0x00000000101047d4        0x0 c:/intelfpga_lite/18.1/nios2eds/bin/gnu/h-x86_64-mingw32/bin/../lib/gcc/nios2-elf/5.3.0/../../../../../H-x86_64-mingw32/nios2-elf/lib\libc.a(lib_a-__call_atexit.o)
 .data          0x00000000101047d4        0x0 C:/Users/franc/Desktop/epfl/MA1/embeded_system/lab4/lab4_correct_template/lab_4_project_template/lab_4_project_template/sw/nios/lab4_LCD_Controller_bsp/\libhal_bsp.a(alt_exit.o)
                0x000000001010c7d4                _gp = ABSOLUTE ((. + 0x8000))
                [!provide]                        PROVIDE (gp, _gp)
 *(.rwdata .rwdata.*)
 *(.sdata .sdata.* .gnu.linkonce.s.*)
 .sdata         0x00000000101047d4       0x46 C:/Users/franc/Desktop/epfl/MA1/embeded_system/lab4/lab4_correct_template/lab_4_project_template/lab_4_project_template/sw/nios/lab4_LCD_Controller_bsp/\libhal_bsp.a(altera_hostfs.o)
 *fill*         0x000000001010481a        0x2 
 .sdata         0x000000001010481c       0x14 C:/Users/franc/Desktop/epfl/MA1/embeded_system/lab4/lab4_correct_template/lab_4_project_template/lab_4_project_template/sw/nios/lab4_LCD_Controller_bsp/\libhal_bsp.a(alt_dev.o)
                0x000000001010481c                alt_fs_list
                0x0000000010104824                alt_dev_list
                0x000000001010482c                alt_max_fd
 .sdata         0x0000000010104830        0x4 C:/Users/franc/Desktop/epfl/MA1/embeded_system/lab4/lab4_correct_template/lab_4_project_template/lab_4_project_template/sw/nios/lab4_LCD_Controller_bsp/\libhal_bsp.a(alt_errno.o)
                0x0000000010104830                alt_errno
 .sdata         0x0000000010104834        0x4 C:/Users/franc/Desktop/epfl/MA1/embeded_system/lab4/lab4_correct_template/lab_4_project_template/lab_4_project_template/sw/nios/lab4_LCD_Controller_bsp/\libhal_bsp.a(alt_irq_vars.o)
                0x0000000010104834                alt_priority_mask
 .sdata         0x0000000010104838        0x8 C:/Users/franc/Desktop/epfl/MA1/embeded_system/lab4/lab4_correct_template/lab_4_project_template/lab_4_project_template/sw/nios/lab4_LCD_Controller_bsp/\libhal_bsp.a(alt_tick.o)
                0x0000000010104838                alt_alarm_list
 .sdata._global_impure_ptr
                0x0000000010104840        0x4 c:/intelfpga_lite/18.1/nios2eds/bin/gnu/h-x86_64-mingw32/bin/../lib/gcc/nios2-elf/5.3.0/../../../../../H-x86_64-mingw32/nios2-elf/lib\libc.a(lib_a-impure.o)
                0x0000000010104840                _global_impure_ptr
 .sdata._impure_ptr
                0x0000000010104844        0x4 c:/intelfpga_lite/18.1/nios2eds/bin/gnu/h-x86_64-mingw32/bin/../lib/gcc/nios2-elf/5.3.0/../../../../../H-x86_64-mingw32/nios2-elf/lib\libc.a(lib_a-impure.o)
                0x0000000010104844                _impure_ptr
 *(.sdata2 .sdata2.* .gnu.linkonce.s2.*)
                0x0000000010104848                . = ALIGN (0x4)
                0x0000000010104848                _edata = ABSOLUTE (.)
                [!provide]                        PROVIDE (edata, ABSOLUTE (.))
                0x0000000010104848                PROVIDE (__ram_rwdata_end, ABSOLUTE (.))
                0x0000000010104848                PROVIDE (__flash_rwdata_start, LOADADDR (.rwdata))

.bss            0x0000000010105f10      0x120
                0x0000000010105f10                __bss_start = ABSOLUTE (.)
                [!provide]                        PROVIDE (__sbss_start, ABSOLUTE (.))
                [!provide]                        PROVIDE (___sbss_start, ABSOLUTE (.))
 *(.dynsbss)
 *(.sbss .sbss.* .gnu.linkonce.sb.*)
 .sbss          0x0000000010105f10        0xc C:/Users/franc/Desktop/epfl/MA1/embeded_system/lab4/lab4_correct_template/lab_4_project_template/lab_4_project_template/sw/nios/lab4_LCD_Controller_bsp/\libhal_bsp.a(alt_main.o)
                0x0000000010105f10                alt_argc
                0x0000000010105f14                alt_argv
                0x0000000010105f18                alt_envp
 .sbss          0x0000000010105f1c        0x4 C:/Users/franc/Desktop/epfl/MA1/embeded_system/lab4/lab4_correct_template/lab_4_project_template/lab_4_project_template/sw/nios/lab4_LCD_Controller_bsp/\libhal_bsp.a(alt_irq_vars.o)
                0x0000000010105f1c                alt_irq_active
 .sbss          0x0000000010105f20        0x8 C:/Users/franc/Desktop/epfl/MA1/embeded_system/lab4/lab4_correct_template/lab_4_project_template/lab_4_project_template/sw/nios/lab4_LCD_Controller_bsp/\libhal_bsp.a(alt_tick.o)
                0x0000000010105f20                _alt_tick_rate
                0x0000000010105f24                _alt_nticks
 .sbss          0x0000000010105f28        0x4 C:/Users/franc/Desktop/epfl/MA1/embeded_system/lab4/lab4_correct_template/lab_4_project_template/lab_4_project_template/sw/nios/lab4_LCD_Controller_bsp/\libhal_bsp.a(alt_instruction_exception_entry.o)
                0x0000000010105f28                alt_instruction_exception_handler
 .sbss          0x0000000010105f2c        0x4 c:/intelfpga_lite/18.1/nios2eds/bin/gnu/h-x86_64-mingw32/bin/../lib/gcc/nios2-elf/5.3.0/../../../../../H-x86_64-mingw32/nios2-elf/lib\libc.a(lib_a-int_errno.o)
                0x0000000010105f2c                errno
 *(.sbss2 .sbss2.* .gnu.linkonce.sb2.*)
 *(.scommon)
                [!provide]                        PROVIDE (__sbss_end, ABSOLUTE (.))
                [!provide]                        PROVIDE (___sbss_end, ABSOLUTE (.))
 *(.dynbss)
 *(.bss .bss.* .gnu.linkonce.b.*)
 .bss           0x0000000010105f30        0x0 C:/Users/franc/Desktop/epfl/MA1/embeded_system/lab4/lab4_correct_template/lab_4_project_template/lab_4_project_template/sw/nios/lab4_LCD_Controller_bsp//obj/HAL/src/crt0.o
 .bss           0x0000000010105f30        0x0 obj/default/LCD_control.o
 .bss           0x0000000010105f30        0x0 obj/default/hello_world.o
 .bss           0x0000000010105f30        0x0 C:/Users/franc/Desktop/epfl/MA1/embeded_system/lab4/lab4_correct_template/lab_4_project_template/lab_4_project_template/sw/nios/lab4_LCD_Controller_bsp/\libhal_bsp.a(alt_load.o)
 .bss           0x0000000010105f30        0x0 C:/Users/franc/Desktop/epfl/MA1/embeded_system/lab4/lab4_correct_template/lab_4_project_template/lab_4_project_template/sw/nios/lab4_LCD_Controller_bsp/\libhal_bsp.a(alt_main.o)
 .bss           0x0000000010105f30        0x0 C:/Users/franc/Desktop/epfl/MA1/embeded_system/lab4/lab4_correct_template/lab_4_project_template/lab_4_project_template/sw/nios/lab4_LCD_Controller_bsp/\libhal_bsp.a(alt_sys_init.o)
 .bss           0x0000000010105f30        0x0 C:/Users/franc/Desktop/epfl/MA1/embeded_system/lab4/lab4_correct_template/lab_4_project_template/lab_4_project_template/sw/nios/lab4_LCD_Controller_bsp/\libhal_bsp.a(altera_avalon_jtag_uart_fd.o)
 .bss           0x0000000010105f30        0x0 C:/Users/franc/Desktop/epfl/MA1/embeded_system/lab4/lab4_correct_template/lab_4_project_template/lab_4_project_template/sw/nios/lab4_LCD_Controller_bsp/\libhal_bsp.a(altera_avalon_jtag_uart_init.o)
 .bss           0x0000000010105f30        0x0 C:/Users/franc/Desktop/epfl/MA1/embeded_system/lab4/lab4_correct_template/lab_4_project_template/lab_4_project_template/sw/nios/lab4_LCD_Controller_bsp/\libhal_bsp.a(altera_avalon_jtag_uart_ioctl.o)
 .bss           0x0000000010105f30        0x0 C:/Users/franc/Desktop/epfl/MA1/embeded_system/lab4/lab4_correct_template/lab_4_project_template/lab_4_project_template/sw/nios/lab4_LCD_Controller_bsp/\libhal_bsp.a(altera_avalon_jtag_uart_read.o)
 .bss           0x0000000010105f30        0x0 C:/Users/franc/Desktop/epfl/MA1/embeded_system/lab4/lab4_correct_template/lab_4_project_template/lab_4_project_template/sw/nios/lab4_LCD_Controller_bsp/\libhal_bsp.a(altera_avalon_jtag_uart_write.o)
 .bss           0x0000000010105f30        0x0 C:/Users/franc/Desktop/epfl/MA1/embeded_system/lab4/lab4_correct_template/lab_4_project_template/lab_4_project_template/sw/nios/lab4_LCD_Controller_bsp/\libhal_bsp.a(altera_hostfs.o)
 .bss           0x0000000010105f30        0x0 C:/Users/franc/Desktop/epfl/MA1/embeded_system/lab4/lab4_correct_template/lab_4_project_template/lab_4_project_template/sw/nios/lab4_LCD_Controller_bsp/\libhal_bsp.a(alt_alarm_start.o)
 .bss           0x0000000010105f30        0x0 C:/Users/franc/Desktop/epfl/MA1/embeded_system/lab4/lab4_correct_template/lab_4_project_template/lab_4_project_template/sw/nios/lab4_LCD_Controller_bsp/\libhal_bsp.a(alt_close.o)
 .bss           0x0000000010105f30        0x0 C:/Users/franc/Desktop/epfl/MA1/embeded_system/lab4/lab4_correct_template/lab_4_project_template/lab_4_project_template/sw/nios/lab4_LCD_Controller_bsp/\libhal_bsp.a(alt_dcache_flush_all.o)
 .bss           0x0000000010105f30        0x0 C:/Users/franc/Desktop/epfl/MA1/embeded_system/lab4/lab4_correct_template/lab_4_project_template/lab_4_project_template/sw/nios/lab4_LCD_Controller_bsp/\libhal_bsp.a(alt_dev.o)
 .bss           0x0000000010105f30        0x0 C:/Users/franc/Desktop/epfl/MA1/embeded_system/lab4/lab4_correct_template/lab_4_project_template/lab_4_project_template/sw/nios/lab4_LCD_Controller_bsp/\libhal_bsp.a(alt_dev_llist_insert.o)
 .bss           0x0000000010105f30        0x0 C:/Users/franc/Desktop/epfl/MA1/embeded_system/lab4/lab4_correct_template/lab_4_project_template/lab_4_project_template/sw/nios/lab4_LCD_Controller_bsp/\libhal_bsp.a(alt_do_ctors.o)
 .bss           0x0000000010105f30        0x0 C:/Users/franc/Desktop/epfl/MA1/embeded_system/lab4/lab4_correct_template/lab_4_project_template/lab_4_project_template/sw/nios/lab4_LCD_Controller_bsp/\libhal_bsp.a(alt_do_dtors.o)
 .bss           0x0000000010105f30        0x0 C:/Users/franc/Desktop/epfl/MA1/embeded_system/lab4/lab4_correct_template/lab_4_project_template/lab_4_project_template/sw/nios/lab4_LCD_Controller_bsp/\libhal_bsp.a(alt_errno.o)
 .bss           0x0000000010105f30        0x0 C:/Users/franc/Desktop/epfl/MA1/embeded_system/lab4/lab4_correct_template/lab_4_project_template/lab_4_project_template/sw/nios/lab4_LCD_Controller_bsp/\libhal_bsp.a(alt_fs_reg.o)
 .bss           0x0000000010105f30        0x0 C:/Users/franc/Desktop/epfl/MA1/embeded_system/lab4/lab4_correct_template/lab_4_project_template/lab_4_project_template/sw/nios/lab4_LCD_Controller_bsp/\libhal_bsp.a(alt_icache_flush_all.o)
 .bss           0x0000000010105f30        0x0 C:/Users/franc/Desktop/epfl/MA1/embeded_system/lab4/lab4_correct_template/lab_4_project_template/lab_4_project_template/sw/nios/lab4_LCD_Controller_bsp/\libhal_bsp.a(alt_iic.o)
 .bss           0x0000000010105f30        0x0 C:/Users/franc/Desktop/epfl/MA1/embeded_system/lab4/lab4_correct_template/lab_4_project_template/lab_4_project_template/sw/nios/lab4_LCD_Controller_bsp/\libhal_bsp.a(alt_iic_isr_register.o)
 .bss           0x0000000010105f30        0x0 C:/Users/franc/Desktop/epfl/MA1/embeded_system/lab4/lab4_correct_template/lab_4_project_template/lab_4_project_template/sw/nios/lab4_LCD_Controller_bsp/\libhal_bsp.a(alt_io_redirect.o)
 .bss           0x0000000010105f30        0x0 C:/Users/franc/Desktop/epfl/MA1/embeded_system/lab4/lab4_correct_template/lab_4_project_template/lab_4_project_template/sw/nios/lab4_LCD_Controller_bsp/\libhal_bsp.a(alt_irq_entry.o)
 .bss           0x0000000010105f30        0x0 C:/Users/franc/Desktop/epfl/MA1/embeded_system/lab4/lab4_correct_template/lab_4_project_template/lab_4_project_template/sw/nios/lab4_LCD_Controller_bsp/\libhal_bsp.a(alt_irq_handler.o)
 .bss           0x0000000010105f30        0x0 C:/Users/franc/Desktop/epfl/MA1/embeded_system/lab4/lab4_correct_template/lab_4_project_template/lab_4_project_template/sw/nios/lab4_LCD_Controller_bsp/\libhal_bsp.a(alt_irq_vars.o)
 .bss           0x0000000010105f30        0x0 C:/Users/franc/Desktop/epfl/MA1/embeded_system/lab4/lab4_correct_template/lab_4_project_template/lab_4_project_template/sw/nios/lab4_LCD_Controller_bsp/\libhal_bsp.a(alt_open.o)
 .bss           0x0000000010105f30        0x0 C:/Users/franc/Desktop/epfl/MA1/embeded_system/lab4/lab4_correct_template/lab_4_project_template/lab_4_project_template/sw/nios/lab4_LCD_Controller_bsp/\libhal_bsp.a(alt_release_fd.o)
 .bss           0x0000000010105f30        0x0 C:/Users/franc/Desktop/epfl/MA1/embeded_system/lab4/lab4_correct_template/lab_4_project_template/lab_4_project_template/sw/nios/lab4_LCD_Controller_bsp/\libhal_bsp.a(alt_tick.o)
 .bss           0x0000000010105f30        0x0 C:/Users/franc/Desktop/epfl/MA1/embeded_system/lab4/lab4_correct_template/lab_4_project_template/lab_4_project_template/sw/nios/lab4_LCD_Controller_bsp/\libhal_bsp.a(altera_nios2_gen2_irq.o)
 .bss           0x0000000010105f30        0x0 C:/Users/franc/Desktop/epfl/MA1/embeded_system/lab4/lab4_correct_template/lab_4_project_template/lab_4_project_template/sw/nios/lab4_LCD_Controller_bsp/\libhal_bsp.a(alt_exception_entry.o)
 .bss           0x0000000010105f30        0x0 C:/Users/franc/Desktop/epfl/MA1/embeded_system/lab4/lab4_correct_template/lab_4_project_template/lab_4_project_template/sw/nios/lab4_LCD_Controller_bsp/\libhal_bsp.a(alt_find_dev.o)
 .bss           0x0000000010105f30        0x0 C:/Users/franc/Desktop/epfl/MA1/embeded_system/lab4/lab4_correct_template/lab_4_project_template/lab_4_project_template/sw/nios/lab4_LCD_Controller_bsp/\libhal_bsp.a(alt_find_file.o)
 .bss           0x0000000010105f30        0x0 C:/Users/franc/Desktop/epfl/MA1/embeded_system/lab4/lab4_correct_template/lab_4_project_template/lab_4_project_template/sw/nios/lab4_LCD_Controller_bsp/\libhal_bsp.a(alt_get_fd.o)
 .bss           0x0000000010105f30        0x0 C:/Users/franc/Desktop/epfl/MA1/embeded_system/lab4/lab4_correct_template/lab_4_project_template/lab_4_project_template/sw/nios/lab4_LCD_Controller_bsp/\libhal_bsp.a(alt_icache_flush.o)
 .bss           0x0000000010105f30        0x0 C:/Users/franc/Desktop/epfl/MA1/embeded_system/lab4/lab4_correct_template/lab_4_project_template/lab_4_project_template/sw/nios/lab4_LCD_Controller_bsp/\libhal_bsp.a(alt_instruction_exception_entry.o)
 .bss           0x0000000010105f30        0x0 c:/intelfpga_lite/18.1/nios2eds/bin/gnu/h-x86_64-mingw32/bin/../lib/gcc/nios2-elf/5.3.0/../../../../../H-x86_64-mingw32/nios2-elf/lib\libc.a(lib_a-atexit.o)
 .bss           0x0000000010105f30        0x0 c:/intelfpga_lite/18.1/nios2eds/bin/gnu/h-x86_64-mingw32/bin/../lib/gcc/nios2-elf/5.3.0/../../../../../H-x86_64-mingw32/nios2-elf/lib\libc.a(lib_a-exit.o)
 .bss           0x0000000010105f30        0x0 c:/intelfpga_lite/18.1/nios2eds/bin/gnu/h-x86_64-mingw32/bin/../lib/gcc/nios2-elf/5.3.0/../../../../../H-x86_64-mingw32/nios2-elf/lib\libc.a(lib_a-impure.o)
 .bss           0x0000000010105f30        0x0 c:/intelfpga_lite/18.1/nios2eds/bin/gnu/h-x86_64-mingw32/bin/../lib/gcc/nios2-elf/5.3.0/../../../../../H-x86_64-mingw32/nios2-elf/lib\libc.a(lib_a-int_errno.o)
 .bss           0x0000000010105f30        0x0 c:/intelfpga_lite/18.1/nios2eds/bin/gnu/h-x86_64-mingw32/bin/../lib/gcc/nios2-elf/5.3.0/../../../../../H-x86_64-mingw32/nios2-elf/lib\libc.a(lib_a-memcmp.o)
 .bss           0x0000000010105f30        0x0 c:/intelfpga_lite/18.1/nios2eds/bin/gnu/h-x86_64-mingw32/bin/../lib/gcc/nios2-elf/5.3.0/../../../../../H-x86_64-mingw32/nios2-elf/lib\libc.a(lib_a-memcpy.o)
 .bss           0x0000000010105f30        0x0 c:/intelfpga_lite/18.1/nios2eds/bin/gnu/h-x86_64-mingw32/bin/../lib/gcc/nios2-elf/5.3.0/../../../../../H-x86_64-mingw32/nios2-elf/lib\libc.a(lib_a-strlen.o)
 .bss           0x0000000010105f30        0x0 c:/intelfpga_lite/18.1/nios2eds/bin/gnu/h-x86_64-mingw32/bin/../lib/gcc/nios2-elf/5.3.0/../../../../../H-x86_64-mingw32/nios2-elf/lib\libc.a(lib_a-__atexit.o)
 .bss           0x0000000010105f30        0x0 c:/intelfpga_lite/18.1/nios2eds/bin/gnu/h-x86_64-mingw32/bin/../lib/gcc/nios2-elf/5.3.0/../../../../../H-x86_64-mingw32/nios2-elf/lib\libc.a(lib_a-__call_atexit.o)
 .bss           0x0000000010105f30        0x0 C:/Users/franc/Desktop/epfl/MA1/embeded_system/lab4/lab4_correct_template/lab_4_project_template/lab_4_project_template/sw/nios/lab4_LCD_Controller_bsp/\libhal_bsp.a(alt_exit.o)
 *(COMMON)
 COMMON         0x0000000010105f30      0x100 C:/Users/franc/Desktop/epfl/MA1/embeded_system/lab4/lab4_correct_template/lab_4_project_template/lab_4_project_template/sw/nios/lab4_LCD_Controller_bsp/\libhal_bsp.a(alt_irq_handler.o)
                0x0000000010105f30                alt_irq
                0x0000000010106030                . = ALIGN (0x4)
                0x0000000010106030                __bss_end = ABSOLUTE (.)

.onchip_memory2_0
                0x0000000010106030        0x0
                [!provide]                        PROVIDE (_alt_partition_onchip_memory2_0_start, ABSOLUTE (.))
 *(.onchip_memory2_0 .onchip_memory2_0. onchip_memory2_0.*)
                0x0000000010106030                . = ALIGN (0x4)
                [!provide]                        PROVIDE (_alt_partition_onchip_memory2_0_end, ABSOLUTE (.))
                0x0000000010106030                _end = ABSOLUTE (.)
                0x0000000010106030                end = ABSOLUTE (.)
                0x0000000010106030                __alt_stack_base = ABSOLUTE (.)
                [!provide]                        PROVIDE (_alt_partition_onchip_memory2_0_load_addr, LOADADDR (.onchip_memory2_0))

.stab
 *(.stab)

.stabstr
 *(.stabstr)

.stab.excl
 *(.stab.excl)

.stab.exclstr
 *(.stab.exclstr)

.stab.index
 *(.stab.index)

.stab.indexstr
 *(.stab.indexstr)

.comment        0x0000000000000000       0x23
 *(.comment)
 .comment       0x0000000000000000       0x23 obj/default/LCD_control.o
                                         0x24 (size before relaxing)
 .comment       0x0000000000000023       0x24 obj/default/hello_world.o
 .comment       0x0000000000000023       0x24 C:/Users/franc/Desktop/epfl/MA1/embeded_system/lab4/lab4_correct_template/lab_4_project_template/lab_4_project_template/sw/nios/lab4_LCD_Controller_bsp/\libhal_bsp.a(alt_load.o)
 .comment       0x0000000000000023       0x24 C:/Users/franc/Desktop/epfl/MA1/embeded_system/lab4/lab4_correct_template/lab_4_project_template/lab_4_project_template/sw/nios/lab4_LCD_Controller_bsp/\libhal_bsp.a(alt_main.o)
 .comment       0x0000000000000023       0x24 C:/Users/franc/Desktop/epfl/MA1/embeded_system/lab4/lab4_correct_template/lab_4_project_template/lab_4_project_template/sw/nios/lab4_LCD_Controller_bsp/\libhal_bsp.a(alt_sys_init.o)
 .comment       0x0000000000000023       0x24 C:/Users/franc/Desktop/epfl/MA1/embeded_system/lab4/lab4_correct_template/lab_4_project_template/lab_4_project_template/sw/nios/lab4_LCD_Controller_bsp/\libhal_bsp.a(altera_avalon_jtag_uart_fd.o)
 .comment       0x0000000000000023       0x24 C:/Users/franc/Desktop/epfl/MA1/embeded_system/lab4/lab4_correct_template/lab_4_project_template/lab_4_project_template/sw/nios/lab4_LCD_Controller_bsp/\libhal_bsp.a(altera_avalon_jtag_uart_init.o)
 .comment       0x0000000000000023       0x24 C:/Users/franc/Desktop/epfl/MA1/embeded_system/lab4/lab4_correct_template/lab_4_project_template/lab_4_project_template/sw/nios/lab4_LCD_Controller_bsp/\libhal_bsp.a(altera_avalon_jtag_uart_ioctl.o)
 .comment       0x0000000000000023       0x24 C:/Users/franc/Desktop/epfl/MA1/embeded_system/lab4/lab4_correct_template/lab_4_project_template/lab_4_project_template/sw/nios/lab4_LCD_Controller_bsp/\libhal_bsp.a(altera_avalon_jtag_uart_read.o)
 .comment       0x0000000000000023       0x24 C:/Users/franc/Desktop/epfl/MA1/embeded_system/lab4/lab4_correct_template/lab_4_project_template/lab_4_project_template/sw/nios/lab4_LCD_Controller_bsp/\libhal_bsp.a(altera_avalon_jtag_uart_write.o)
 .comment       0x0000000000000023       0x24 C:/Users/franc/Desktop/epfl/MA1/embeded_system/lab4/lab4_correct_template/lab_4_project_template/lab_4_project_template/sw/nios/lab4_LCD_Controller_bsp/\libhal_bsp.a(altera_hostfs.o)
 .comment       0x0000000000000023       0x24 C:/Users/franc/Desktop/epfl/MA1/embeded_system/lab4/lab4_correct_template/lab_4_project_template/lab_4_project_template/sw/nios/lab4_LCD_Controller_bsp/\libhal_bsp.a(alt_alarm_start.o)
 .comment       0x0000000000000023       0x24 C:/Users/franc/Desktop/epfl/MA1/embeded_system/lab4/lab4_correct_template/lab_4_project_template/lab_4_project_template/sw/nios/lab4_LCD_Controller_bsp/\libhal_bsp.a(alt_close.o)
 .comment       0x0000000000000023       0x24 C:/Users/franc/Desktop/epfl/MA1/embeded_system/lab4/lab4_correct_template/lab_4_project_template/lab_4_project_template/sw/nios/lab4_LCD_Controller_bsp/\libhal_bsp.a(alt_dcache_flush_all.o)
 .comment       0x0000000000000023       0x24 C:/Users/franc/Desktop/epfl/MA1/embeded_system/lab4/lab4_correct_template/lab_4_project_template/lab_4_project_template/sw/nios/lab4_LCD_Controller_bsp/\libhal_bsp.a(alt_dev.o)
 .comment       0x0000000000000023       0x24 C:/Users/franc/Desktop/epfl/MA1/embeded_system/lab4/lab4_correct_template/lab_4_project_template/lab_4_project_template/sw/nios/lab4_LCD_Controller_bsp/\libhal_bsp.a(alt_dev_llist_insert.o)
 .comment       0x0000000000000023       0x24 C:/Users/franc/Desktop/epfl/MA1/embeded_system/lab4/lab4_correct_template/lab_4_project_template/lab_4_project_template/sw/nios/lab4_LCD_Controller_bsp/\libhal_bsp.a(alt_do_ctors.o)
 .comment       0x0000000000000023       0x24 C:/Users/franc/Desktop/epfl/MA1/embeded_system/lab4/lab4_correct_template/lab_4_project_template/lab_4_project_template/sw/nios/lab4_LCD_Controller_bsp/\libhal_bsp.a(alt_do_dtors.o)
 .comment       0x0000000000000023       0x24 C:/Users/franc/Desktop/epfl/MA1/embeded_system/lab4/lab4_correct_template/lab_4_project_template/lab_4_project_template/sw/nios/lab4_LCD_Controller_bsp/\libhal_bsp.a(alt_errno.o)
 .comment       0x0000000000000023       0x24 C:/Users/franc/Desktop/epfl/MA1/embeded_system/lab4/lab4_correct_template/lab_4_project_template/lab_4_project_template/sw/nios/lab4_LCD_Controller_bsp/\libhal_bsp.a(alt_fs_reg.o)
 .comment       0x0000000000000023       0x24 C:/Users/franc/Desktop/epfl/MA1/embeded_system/lab4/lab4_correct_template/lab_4_project_template/lab_4_project_template/sw/nios/lab4_LCD_Controller_bsp/\libhal_bsp.a(alt_icache_flush_all.o)
 .comment       0x0000000000000023       0x24 C:/Users/franc/Desktop/epfl/MA1/embeded_system/lab4/lab4_correct_template/lab_4_project_template/lab_4_project_template/sw/nios/lab4_LCD_Controller_bsp/\libhal_bsp.a(alt_iic.o)
 .comment       0x0000000000000023       0x24 C:/Users/franc/Desktop/epfl/MA1/embeded_system/lab4/lab4_correct_template/lab_4_project_template/lab_4_project_template/sw/nios/lab4_LCD_Controller_bsp/\libhal_bsp.a(alt_iic_isr_register.o)
 .comment       0x0000000000000023       0x24 C:/Users/franc/Desktop/epfl/MA1/embeded_system/lab4/lab4_correct_template/lab_4_project_template/lab_4_project_template/sw/nios/lab4_LCD_Controller_bsp/\libhal_bsp.a(alt_io_redirect.o)
 .comment       0x0000000000000023       0x24 C:/Users/franc/Desktop/epfl/MA1/embeded_system/lab4/lab4_correct_template/lab_4_project_template/lab_4_project_template/sw/nios/lab4_LCD_Controller_bsp/\libhal_bsp.a(alt_irq_handler.o)
 .comment       0x0000000000000023       0x24 C:/Users/franc/Desktop/epfl/MA1/embeded_system/lab4/lab4_correct_template/lab_4_project_template/lab_4_project_template/sw/nios/lab4_LCD_Controller_bsp/\libhal_bsp.a(alt_irq_vars.o)
 .comment       0x0000000000000023       0x24 C:/Users/franc/Desktop/epfl/MA1/embeded_system/lab4/lab4_correct_template/lab_4_project_template/lab_4_project_template/sw/nios/lab4_LCD_Controller_bsp/\libhal_bsp.a(alt_open.o)
 .comment       0x0000000000000023       0x24 C:/Users/franc/Desktop/epfl/MA1/embeded_system/lab4/lab4_correct_template/lab_4_project_template/lab_4_project_template/sw/nios/lab4_LCD_Controller_bsp/\libhal_bsp.a(alt_release_fd.o)
 .comment       0x0000000000000023       0x24 C:/Users/franc/Desktop/epfl/MA1/embeded_system/lab4/lab4_correct_template/lab_4_project_template/lab_4_project_template/sw/nios/lab4_LCD_Controller_bsp/\libhal_bsp.a(alt_tick.o)
 .comment       0x0000000000000023       0x24 C:/Users/franc/Desktop/epfl/MA1/embeded_system/lab4/lab4_correct_template/lab_4_project_template/lab_4_project_template/sw/nios/lab4_LCD_Controller_bsp/\libhal_bsp.a(altera_nios2_gen2_irq.o)
 .comment       0x0000000000000023       0x24 C:/Users/franc/Desktop/epfl/MA1/embeded_system/lab4/lab4_correct_template/lab_4_project_template/lab_4_project_template/sw/nios/lab4_LCD_Controller_bsp/\libhal_bsp.a(alt_find_dev.o)
 .comment       0x0000000000000023       0x24 C:/Users/franc/Desktop/epfl/MA1/embeded_system/lab4/lab4_correct_template/lab_4_project_template/lab_4_project_template/sw/nios/lab4_LCD_Controller_bsp/\libhal_bsp.a(alt_find_file.o)
 .comment       0x0000000000000023       0x24 C:/Users/franc/Desktop/epfl/MA1/embeded_system/lab4/lab4_correct_template/lab_4_project_template/lab_4_project_template/sw/nios/lab4_LCD_Controller_bsp/\libhal_bsp.a(alt_get_fd.o)
 .comment       0x0000000000000023       0x24 C:/Users/franc/Desktop/epfl/MA1/embeded_system/lab4/lab4_correct_template/lab_4_project_template/lab_4_project_template/sw/nios/lab4_LCD_Controller_bsp/\libhal_bsp.a(alt_icache_flush.o)
 .comment       0x0000000000000023       0x24 C:/Users/franc/Desktop/epfl/MA1/embeded_system/lab4/lab4_correct_template/lab_4_project_template/lab_4_project_template/sw/nios/lab4_LCD_Controller_bsp/\libhal_bsp.a(alt_instruction_exception_entry.o)
 .comment       0x0000000000000023       0x24 c:/intelfpga_lite/18.1/nios2eds/bin/gnu/h-x86_64-mingw32/bin/../lib/gcc/nios2-elf/5.3.0/../../../../../H-x86_64-mingw32/nios2-elf/lib\libc.a(lib_a-atexit.o)
 .comment       0x0000000000000023       0x24 c:/intelfpga_lite/18.1/nios2eds/bin/gnu/h-x86_64-mingw32/bin/../lib/gcc/nios2-elf/5.3.0/../../../../../H-x86_64-mingw32/nios2-elf/lib\libc.a(lib_a-exit.o)
 .comment       0x0000000000000023       0x24 c:/intelfpga_lite/18.1/nios2eds/bin/gnu/h-x86_64-mingw32/bin/../lib/gcc/nios2-elf/5.3.0/../../../../../H-x86_64-mingw32/nios2-elf/lib\libc.a(lib_a-impure.o)
 .comment       0x0000000000000023       0x24 c:/intelfpga_lite/18.1/nios2eds/bin/gnu/h-x86_64-mingw32/bin/../lib/gcc/nios2-elf/5.3.0/../../../../../H-x86_64-mingw32/nios2-elf/lib\libc.a(lib_a-int_errno.o)
 .comment       0x0000000000000023       0x24 c:/intelfpga_lite/18.1/nios2eds/bin/gnu/h-x86_64-mingw32/bin/../lib/gcc/nios2-elf/5.3.0/../../../../../H-x86_64-mingw32/nios2-elf/lib\libc.a(lib_a-memcmp.o)
 .comment       0x0000000000000023       0x24 c:/intelfpga_lite/18.1/nios2eds/bin/gnu/h-x86_64-mingw32/bin/../lib/gcc/nios2-elf/5.3.0/../../../../../H-x86_64-mingw32/nios2-elf/lib\libc.a(lib_a-memcpy.o)
 .comment       0x0000000000000023       0x24 c:/intelfpga_lite/18.1/nios2eds/bin/gnu/h-x86_64-mingw32/bin/../lib/gcc/nios2-elf/5.3.0/../../../../../H-x86_64-mingw32/nios2-elf/lib\libc.a(lib_a-strlen.o)
 .comment       0x0000000000000023       0x24 c:/intelfpga_lite/18.1/nios2eds/bin/gnu/h-x86_64-mingw32/bin/../lib/gcc/nios2-elf/5.3.0/../../../../../H-x86_64-mingw32/nios2-elf/lib\libc.a(lib_a-__atexit.o)
 .comment       0x0000000000000023       0x24 c:/intelfpga_lite/18.1/nios2eds/bin/gnu/h-x86_64-mingw32/bin/../lib/gcc/nios2-elf/5.3.0/../../../../../H-x86_64-mingw32/nios2-elf/lib\libc.a(lib_a-__call_atexit.o)
 .comment       0x0000000000000023       0x24 C:/Users/franc/Desktop/epfl/MA1/embeded_system/lab4/lab4_correct_template/lab_4_project_template/lab_4_project_template/sw/nios/lab4_LCD_Controller_bsp/\libhal_bsp.a(alt_exit.o)

.debug
 *(.debug)

.line
 *(.line)

.debug_srcinfo
 *(.debug_srcinfo)

.debug_sfnames
 *(.debug_sfnames)

.debug_aranges  0x0000000000000000      0x618
 *(.debug_aranges)
 .debug_aranges
                0x0000000000000000       0x28 C:/Users/franc/Desktop/epfl/MA1/embeded_system/lab4/lab4_correct_template/lab_4_project_template/lab_4_project_template/sw/nios/lab4_LCD_Controller_bsp//obj/HAL/src/crt0.o
 .debug_aranges
                0x0000000000000028       0x20 obj/default/LCD_control.o
 .debug_aranges
                0x0000000000000048       0x20 obj/default/hello_world.o
 .debug_aranges
                0x0000000000000068       0x20 C:/Users/franc/Desktop/epfl/MA1/embeded_system/lab4/lab4_correct_template/lab_4_project_template/lab_4_project_template/sw/nios/lab4_LCD_Controller_bsp/\libhal_bsp.a(alt_load.o)
 .debug_aranges
                0x0000000000000088       0x20 C:/Users/franc/Desktop/epfl/MA1/embeded_system/lab4/lab4_correct_template/lab_4_project_template/lab_4_project_template/sw/nios/lab4_LCD_Controller_bsp/\libhal_bsp.a(alt_main.o)
 .debug_aranges
                0x00000000000000a8       0x20 C:/Users/franc/Desktop/epfl/MA1/embeded_system/lab4/lab4_correct_template/lab_4_project_template/lab_4_project_template/sw/nios/lab4_LCD_Controller_bsp/\libhal_bsp.a(alt_sys_init.o)
 .debug_aranges
                0x00000000000000c8       0x20 C:/Users/franc/Desktop/epfl/MA1/embeded_system/lab4/lab4_correct_template/lab_4_project_template/lab_4_project_template/sw/nios/lab4_LCD_Controller_bsp/\libhal_bsp.a(altera_avalon_jtag_uart_fd.o)
 .debug_aranges
                0x00000000000000e8       0x20 C:/Users/franc/Desktop/epfl/MA1/embeded_system/lab4/lab4_correct_template/lab_4_project_template/lab_4_project_template/sw/nios/lab4_LCD_Controller_bsp/\libhal_bsp.a(altera_avalon_jtag_uart_init.o)
 .debug_aranges
                0x0000000000000108       0x20 C:/Users/franc/Desktop/epfl/MA1/embeded_system/lab4/lab4_correct_template/lab_4_project_template/lab_4_project_template/sw/nios/lab4_LCD_Controller_bsp/\libhal_bsp.a(altera_avalon_jtag_uart_ioctl.o)
 .debug_aranges
                0x0000000000000128       0x20 C:/Users/franc/Desktop/epfl/MA1/embeded_system/lab4/lab4_correct_template/lab_4_project_template/lab_4_project_template/sw/nios/lab4_LCD_Controller_bsp/\libhal_bsp.a(altera_avalon_jtag_uart_read.o)
 .debug_aranges
                0x0000000000000148       0x20 C:/Users/franc/Desktop/epfl/MA1/embeded_system/lab4/lab4_correct_template/lab_4_project_template/lab_4_project_template/sw/nios/lab4_LCD_Controller_bsp/\libhal_bsp.a(altera_avalon_jtag_uart_write.o)
 .debug_aranges
                0x0000000000000168       0x20 C:/Users/franc/Desktop/epfl/MA1/embeded_system/lab4/lab4_correct_template/lab_4_project_template/lab_4_project_template/sw/nios/lab4_LCD_Controller_bsp/\libhal_bsp.a(altera_hostfs.o)
 .debug_aranges
                0x0000000000000188       0x20 C:/Users/franc/Desktop/epfl/MA1/embeded_system/lab4/lab4_correct_template/lab_4_project_template/lab_4_project_template/sw/nios/lab4_LCD_Controller_bsp/\libhal_bsp.a(alt_alarm_start.o)
 .debug_aranges
                0x00000000000001a8       0x20 C:/Users/franc/Desktop/epfl/MA1/embeded_system/lab4/lab4_correct_template/lab_4_project_template/lab_4_project_template/sw/nios/lab4_LCD_Controller_bsp/\libhal_bsp.a(alt_close.o)
 .debug_aranges
                0x00000000000001c8       0x20 C:/Users/franc/Desktop/epfl/MA1/embeded_system/lab4/lab4_correct_template/lab_4_project_template/lab_4_project_template/sw/nios/lab4_LCD_Controller_bsp/\libhal_bsp.a(alt_dcache_flush_all.o)
 .debug_aranges
                0x00000000000001e8       0x20 C:/Users/franc/Desktop/epfl/MA1/embeded_system/lab4/lab4_correct_template/lab_4_project_template/lab_4_project_template/sw/nios/lab4_LCD_Controller_bsp/\libhal_bsp.a(alt_dev.o)
 .debug_aranges
                0x0000000000000208       0x20 C:/Users/franc/Desktop/epfl/MA1/embeded_system/lab4/lab4_correct_template/lab_4_project_template/lab_4_project_template/sw/nios/lab4_LCD_Controller_bsp/\libhal_bsp.a(alt_dev_llist_insert.o)
 .debug_aranges
                0x0000000000000228       0x20 C:/Users/franc/Desktop/epfl/MA1/embeded_system/lab4/lab4_correct_template/lab_4_project_template/lab_4_project_template/sw/nios/lab4_LCD_Controller_bsp/\libhal_bsp.a(alt_do_ctors.o)
 .debug_aranges
                0x0000000000000248       0x20 C:/Users/franc/Desktop/epfl/MA1/embeded_system/lab4/lab4_correct_template/lab_4_project_template/lab_4_project_template/sw/nios/lab4_LCD_Controller_bsp/\libhal_bsp.a(alt_do_dtors.o)
 .debug_aranges
                0x0000000000000268       0x18 C:/Users/franc/Desktop/epfl/MA1/embeded_system/lab4/lab4_correct_template/lab_4_project_template/lab_4_project_template/sw/nios/lab4_LCD_Controller_bsp/\libhal_bsp.a(alt_errno.o)
 .debug_aranges
                0x0000000000000280       0x20 C:/Users/franc/Desktop/epfl/MA1/embeded_system/lab4/lab4_correct_template/lab_4_project_template/lab_4_project_template/sw/nios/lab4_LCD_Controller_bsp/\libhal_bsp.a(alt_fs_reg.o)
 .debug_aranges
                0x00000000000002a0       0x20 C:/Users/franc/Desktop/epfl/MA1/embeded_system/lab4/lab4_correct_template/lab_4_project_template/lab_4_project_template/sw/nios/lab4_LCD_Controller_bsp/\libhal_bsp.a(alt_icache_flush_all.o)
 .debug_aranges
                0x00000000000002c0       0x20 C:/Users/franc/Desktop/epfl/MA1/embeded_system/lab4/lab4_correct_template/lab_4_project_template/lab_4_project_template/sw/nios/lab4_LCD_Controller_bsp/\libhal_bsp.a(alt_iic.o)
 .debug_aranges
                0x00000000000002e0       0x20 C:/Users/franc/Desktop/epfl/MA1/embeded_system/lab4/lab4_correct_template/lab_4_project_template/lab_4_project_template/sw/nios/lab4_LCD_Controller_bsp/\libhal_bsp.a(alt_iic_isr_register.o)
 .debug_aranges
                0x0000000000000300       0x20 C:/Users/franc/Desktop/epfl/MA1/embeded_system/lab4/lab4_correct_template/lab_4_project_template/lab_4_project_template/sw/nios/lab4_LCD_Controller_bsp/\libhal_bsp.a(alt_io_redirect.o)
 .debug_aranges
                0x0000000000000320       0x30 C:/Users/franc/Desktop/epfl/MA1/embeded_system/lab4/lab4_correct_template/lab_4_project_template/lab_4_project_template/sw/nios/lab4_LCD_Controller_bsp/\libhal_bsp.a(alt_irq_entry.o)
 .debug_aranges
                0x0000000000000350       0x20 C:/Users/franc/Desktop/epfl/MA1/embeded_system/lab4/lab4_correct_template/lab_4_project_template/lab_4_project_template/sw/nios/lab4_LCD_Controller_bsp/\libhal_bsp.a(alt_irq_handler.o)
 .debug_aranges
                0x0000000000000370       0x18 C:/Users/franc/Desktop/epfl/MA1/embeded_system/lab4/lab4_correct_template/lab_4_project_template/lab_4_project_template/sw/nios/lab4_LCD_Controller_bsp/\libhal_bsp.a(alt_irq_vars.o)
 .debug_aranges
                0x0000000000000388       0x20 C:/Users/franc/Desktop/epfl/MA1/embeded_system/lab4/lab4_correct_template/lab_4_project_template/lab_4_project_template/sw/nios/lab4_LCD_Controller_bsp/\libhal_bsp.a(alt_open.o)
 .debug_aranges
                0x00000000000003a8       0x20 C:/Users/franc/Desktop/epfl/MA1/embeded_system/lab4/lab4_correct_template/lab_4_project_template/lab_4_project_template/sw/nios/lab4_LCD_Controller_bsp/\libhal_bsp.a(alt_release_fd.o)
 .debug_aranges
                0x00000000000003c8       0x20 C:/Users/franc/Desktop/epfl/MA1/embeded_system/lab4/lab4_correct_template/lab_4_project_template/lab_4_project_template/sw/nios/lab4_LCD_Controller_bsp/\libhal_bsp.a(alt_tick.o)
 .debug_aranges
                0x00000000000003e8       0x20 C:/Users/franc/Desktop/epfl/MA1/embeded_system/lab4/lab4_correct_template/lab_4_project_template/lab_4_project_template/sw/nios/lab4_LCD_Controller_bsp/\libhal_bsp.a(altera_nios2_gen2_irq.o)
 .debug_aranges
                0x0000000000000408       0x38 C:/Users/franc/Desktop/epfl/MA1/embeded_system/lab4/lab4_correct_template/lab_4_project_template/lab_4_project_template/sw/nios/lab4_LCD_Controller_bsp/\libhal_bsp.a(alt_exception_entry.o)
 .debug_aranges
                0x0000000000000440       0x20 C:/Users/franc/Desktop/epfl/MA1/embeded_system/lab4/lab4_correct_template/lab_4_project_template/lab_4_project_template/sw/nios/lab4_LCD_Controller_bsp/\libhal_bsp.a(alt_find_dev.o)
 .debug_aranges
                0x0000000000000460       0x20 C:/Users/franc/Desktop/epfl/MA1/embeded_system/lab4/lab4_correct_template/lab_4_project_template/lab_4_project_template/sw/nios/lab4_LCD_Controller_bsp/\libhal_bsp.a(alt_find_file.o)
 .debug_aranges
                0x0000000000000480       0x20 C:/Users/franc/Desktop/epfl/MA1/embeded_system/lab4/lab4_correct_template/lab_4_project_template/lab_4_project_template/sw/nios/lab4_LCD_Controller_bsp/\libhal_bsp.a(alt_get_fd.o)
 .debug_aranges
                0x00000000000004a0       0x20 C:/Users/franc/Desktop/epfl/MA1/embeded_system/lab4/lab4_correct_template/lab_4_project_template/lab_4_project_template/sw/nios/lab4_LCD_Controller_bsp/\libhal_bsp.a(alt_icache_flush.o)
 .debug_aranges
                0x00000000000004c0       0x28 C:/Users/franc/Desktop/epfl/MA1/embeded_system/lab4/lab4_correct_template/lab_4_project_template/lab_4_project_template/sw/nios/lab4_LCD_Controller_bsp/\libhal_bsp.a(alt_instruction_exception_entry.o)
 .debug_aranges
                0x00000000000004e8       0x20 c:/intelfpga_lite/18.1/nios2eds/bin/gnu/h-x86_64-mingw32/bin/../lib/gcc/nios2-elf/5.3.0/../../../../../H-x86_64-mingw32/nios2-elf/lib\libc.a(lib_a-atexit.o)
 .debug_aranges
                0x0000000000000508       0x20 c:/intelfpga_lite/18.1/nios2eds/bin/gnu/h-x86_64-mingw32/bin/../lib/gcc/nios2-elf/5.3.0/../../../../../H-x86_64-mingw32/nios2-elf/lib\libc.a(lib_a-exit.o)
 .debug_aranges
                0x0000000000000528       0x18 c:/intelfpga_lite/18.1/nios2eds/bin/gnu/h-x86_64-mingw32/bin/../lib/gcc/nios2-elf/5.3.0/../../../../../H-x86_64-mingw32/nios2-elf/lib\libc.a(lib_a-impure.o)
 .debug_aranges
                0x0000000000000540       0x18 c:/intelfpga_lite/18.1/nios2eds/bin/gnu/h-x86_64-mingw32/bin/../lib/gcc/nios2-elf/5.3.0/../../../../../H-x86_64-mingw32/nios2-elf/lib\libc.a(lib_a-int_errno.o)
 .debug_aranges
                0x0000000000000558       0x20 c:/intelfpga_lite/18.1/nios2eds/bin/gnu/h-x86_64-mingw32/bin/../lib/gcc/nios2-elf/5.3.0/../../../../../H-x86_64-mingw32/nios2-elf/lib\libc.a(lib_a-memcmp.o)
 .debug_aranges
                0x0000000000000578       0x20 c:/intelfpga_lite/18.1/nios2eds/bin/gnu/h-x86_64-mingw32/bin/../lib/gcc/nios2-elf/5.3.0/../../../../../H-x86_64-mingw32/nios2-elf/lib\libc.a(lib_a-memcpy.o)
 .debug_aranges
                0x0000000000000598       0x20 c:/intelfpga_lite/18.1/nios2eds/bin/gnu/h-x86_64-mingw32/bin/../lib/gcc/nios2-elf/5.3.0/../../../../../H-x86_64-mingw32/nios2-elf/lib\libc.a(lib_a-strlen.o)
 .debug_aranges
                0x00000000000005b8       0x20 c:/intelfpga_lite/18.1/nios2eds/bin/gnu/h-x86_64-mingw32/bin/../lib/gcc/nios2-elf/5.3.0/../../../../../H-x86_64-mingw32/nios2-elf/lib\libc.a(lib_a-__atexit.o)
 .debug_aranges
                0x00000000000005d8       0x20 c:/intelfpga_lite/18.1/nios2eds/bin/gnu/h-x86_64-mingw32/bin/../lib/gcc/nios2-elf/5.3.0/../../../../../H-x86_64-mingw32/nios2-elf/lib\libc.a(lib_a-__call_atexit.o)
 .debug_aranges
                0x00000000000005f8       0x20 C:/Users/franc/Desktop/epfl/MA1/embeded_system/lab4/lab4_correct_template/lab_4_project_template/lab_4_project_template/sw/nios/lab4_LCD_Controller_bsp/\libhal_bsp.a(alt_exit.o)

.debug_pubnames
 *(.debug_pubnames)

.debug_info     0x0000000000000000     0x8471
 *(.debug_info .gnu.linkonce.wi.*)
 .debug_info    0x0000000000000000       0xcc C:/Users/franc/Desktop/epfl/MA1/embeded_system/lab4/lab4_correct_template/lab_4_project_template/lab_4_project_template/sw/nios/lab4_LCD_Controller_bsp//obj/HAL/src/crt0.o
 .debug_info    0x00000000000000cc      0x108 obj/default/LCD_control.o
 .debug_info    0x00000000000001d4       0xd4 obj/default/hello_world.o
 .debug_info    0x00000000000002a8      0x145 C:/Users/franc/Desktop/epfl/MA1/embeded_system/lab4/lab4_correct_template/lab_4_project_template/lab_4_project_template/sw/nios/lab4_LCD_Controller_bsp/\libhal_bsp.a(alt_load.o)
 .debug_info    0x00000000000003ed      0x131 C:/Users/franc/Desktop/epfl/MA1/embeded_system/lab4/lab4_correct_template/lab_4_project_template/lab_4_project_template/sw/nios/lab4_LCD_Controller_bsp/\libhal_bsp.a(alt_main.o)
 .debug_info    0x000000000000051e      0x4f8 C:/Users/franc/Desktop/epfl/MA1/embeded_system/lab4/lab4_correct_template/lab_4_project_template/lab_4_project_template/sw/nios/lab4_LCD_Controller_bsp/\libhal_bsp.a(alt_sys_init.o)
 .debug_info    0x0000000000000a16      0x52e C:/Users/franc/Desktop/epfl/MA1/embeded_system/lab4/lab4_correct_template/lab_4_project_template/lab_4_project_template/sw/nios/lab4_LCD_Controller_bsp/\libhal_bsp.a(altera_avalon_jtag_uart_fd.o)
 .debug_info    0x0000000000000f44      0x3a0 C:/Users/franc/Desktop/epfl/MA1/embeded_system/lab4/lab4_correct_template/lab_4_project_template/lab_4_project_template/sw/nios/lab4_LCD_Controller_bsp/\libhal_bsp.a(altera_avalon_jtag_uart_init.o)
 .debug_info    0x00000000000012e4      0x280 C:/Users/franc/Desktop/epfl/MA1/embeded_system/lab4/lab4_correct_template/lab_4_project_template/lab_4_project_template/sw/nios/lab4_LCD_Controller_bsp/\libhal_bsp.a(altera_avalon_jtag_uart_ioctl.o)
 .debug_info    0x0000000000001564      0x345 C:/Users/franc/Desktop/epfl/MA1/embeded_system/lab4/lab4_correct_template/lab_4_project_template/lab_4_project_template/sw/nios/lab4_LCD_Controller_bsp/\libhal_bsp.a(altera_avalon_jtag_uart_read.o)
 .debug_info    0x00000000000018a9      0x340 C:/Users/franc/Desktop/epfl/MA1/embeded_system/lab4/lab4_correct_template/lab_4_project_template/lab_4_project_template/sw/nios/lab4_LCD_Controller_bsp/\libhal_bsp.a(altera_avalon_jtag_uart_write.o)
 .debug_info    0x0000000000001be9      0x9c4 C:/Users/franc/Desktop/epfl/MA1/embeded_system/lab4/lab4_correct_template/lab_4_project_template/lab_4_project_template/sw/nios/lab4_LCD_Controller_bsp/\libhal_bsp.a(altera_hostfs.o)
 .debug_info    0x00000000000025ad      0x2cc C:/Users/franc/Desktop/epfl/MA1/embeded_system/lab4/lab4_correct_template/lab_4_project_template/lab_4_project_template/sw/nios/lab4_LCD_Controller_bsp/\libhal_bsp.a(alt_alarm_start.o)
 .debug_info    0x0000000000002879      0x321 C:/Users/franc/Desktop/epfl/MA1/embeded_system/lab4/lab4_correct_template/lab_4_project_template/lab_4_project_template/sw/nios/lab4_LCD_Controller_bsp/\libhal_bsp.a(alt_close.o)
 .debug_info    0x0000000000002b9a       0xa5 C:/Users/franc/Desktop/epfl/MA1/embeded_system/lab4/lab4_correct_template/lab_4_project_template/lab_4_project_template/sw/nios/lab4_LCD_Controller_bsp/\libhal_bsp.a(alt_dcache_flush_all.o)
 .debug_info    0x0000000000002c3f      0x49c C:/Users/franc/Desktop/epfl/MA1/embeded_system/lab4/lab4_correct_template/lab_4_project_template/lab_4_project_template/sw/nios/lab4_LCD_Controller_bsp/\libhal_bsp.a(alt_dev.o)
 .debug_info    0x00000000000030db      0x1a9 C:/Users/franc/Desktop/epfl/MA1/embeded_system/lab4/lab4_correct_template/lab_4_project_template/lab_4_project_template/sw/nios/lab4_LCD_Controller_bsp/\libhal_bsp.a(alt_dev_llist_insert.o)
 .debug_info    0x0000000000003284       0x83 C:/Users/franc/Desktop/epfl/MA1/embeded_system/lab4/lab4_correct_template/lab_4_project_template/lab_4_project_template/sw/nios/lab4_LCD_Controller_bsp/\libhal_bsp.a(alt_do_ctors.o)
 .debug_info    0x0000000000003307       0x83 C:/Users/franc/Desktop/epfl/MA1/embeded_system/lab4/lab4_correct_template/lab_4_project_template/lab_4_project_template/sw/nios/lab4_LCD_Controller_bsp/\libhal_bsp.a(alt_do_dtors.o)
 .debug_info    0x000000000000338a       0xa6 C:/Users/franc/Desktop/epfl/MA1/embeded_system/lab4/lab4_correct_template/lab_4_project_template/lab_4_project_template/sw/nios/lab4_LCD_Controller_bsp/\libhal_bsp.a(alt_errno.o)
 .debug_info    0x0000000000003430      0x302 C:/Users/franc/Desktop/epfl/MA1/embeded_system/lab4/lab4_correct_template/lab_4_project_template/lab_4_project_template/sw/nios/lab4_LCD_Controller_bsp/\libhal_bsp.a(alt_fs_reg.o)
 .debug_info    0x0000000000003732       0x92 C:/Users/franc/Desktop/epfl/MA1/embeded_system/lab4/lab4_correct_template/lab_4_project_template/lab_4_project_template/sw/nios/lab4_LCD_Controller_bsp/\libhal_bsp.a(alt_icache_flush_all.o)
 .debug_info    0x00000000000037c4      0x350 C:/Users/franc/Desktop/epfl/MA1/embeded_system/lab4/lab4_correct_template/lab_4_project_template/lab_4_project_template/sw/nios/lab4_LCD_Controller_bsp/\libhal_bsp.a(alt_iic.o)
 .debug_info    0x0000000000003b14      0x1ef C:/Users/franc/Desktop/epfl/MA1/embeded_system/lab4/lab4_correct_template/lab_4_project_template/lab_4_project_template/sw/nios/lab4_LCD_Controller_bsp/\libhal_bsp.a(alt_iic_isr_register.o)
 .debug_info    0x0000000000003d03      0x4a5 C:/Users/franc/Desktop/epfl/MA1/embeded_system/lab4/lab4_correct_template/lab_4_project_template/lab_4_project_template/sw/nios/lab4_LCD_Controller_bsp/\libhal_bsp.a(alt_io_redirect.o)
 .debug_info    0x00000000000041a8       0xd5 C:/Users/franc/Desktop/epfl/MA1/embeded_system/lab4/lab4_correct_template/lab_4_project_template/lab_4_project_template/sw/nios/lab4_LCD_Controller_bsp/\libhal_bsp.a(alt_irq_entry.o)
 .debug_info    0x000000000000427d      0x187 C:/Users/franc/Desktop/epfl/MA1/embeded_system/lab4/lab4_correct_template/lab_4_project_template/lab_4_project_template/sw/nios/lab4_LCD_Controller_bsp/\libhal_bsp.a(alt_irq_handler.o)
 .debug_info    0x0000000000004404       0x88 C:/Users/franc/Desktop/epfl/MA1/embeded_system/lab4/lab4_correct_template/lab_4_project_template/lab_4_project_template/sw/nios/lab4_LCD_Controller_bsp/\libhal_bsp.a(alt_irq_vars.o)
 .debug_info    0x000000000000448c      0x3bb C:/Users/franc/Desktop/epfl/MA1/embeded_system/lab4/lab4_correct_template/lab_4_project_template/lab_4_project_template/sw/nios/lab4_LCD_Controller_bsp/\libhal_bsp.a(alt_open.o)
 .debug_info    0x0000000000004847      0x2b0 C:/Users/franc/Desktop/epfl/MA1/embeded_system/lab4/lab4_correct_template/lab_4_project_template/lab_4_project_template/sw/nios/lab4_LCD_Controller_bsp/\libhal_bsp.a(alt_release_fd.o)
 .debug_info    0x0000000000004af7      0x299 C:/Users/franc/Desktop/epfl/MA1/embeded_system/lab4/lab4_correct_template/lab_4_project_template/lab_4_project_template/sw/nios/lab4_LCD_Controller_bsp/\libhal_bsp.a(alt_tick.o)
 .debug_info    0x0000000000004d90       0x92 C:/Users/franc/Desktop/epfl/MA1/embeded_system/lab4/lab4_correct_template/lab_4_project_template/lab_4_project_template/sw/nios/lab4_LCD_Controller_bsp/\libhal_bsp.a(altera_nios2_gen2_irq.o)
 .debug_info    0x0000000000004e22       0xdb C:/Users/franc/Desktop/epfl/MA1/embeded_system/lab4/lab4_correct_template/lab_4_project_template/lab_4_project_template/sw/nios/lab4_LCD_Controller_bsp/\libhal_bsp.a(alt_exception_entry.o)
 .debug_info    0x0000000000004efd      0x2e9 C:/Users/franc/Desktop/epfl/MA1/embeded_system/lab4/lab4_correct_template/lab_4_project_template/lab_4_project_template/sw/nios/lab4_LCD_Controller_bsp/\libhal_bsp.a(alt_find_dev.o)
 .debug_info    0x00000000000051e6      0x2e6 C:/Users/franc/Desktop/epfl/MA1/embeded_system/lab4/lab4_correct_template/lab_4_project_template/lab_4_project_template/sw/nios/lab4_LCD_Controller_bsp/\libhal_bsp.a(alt_find_file.o)
 .debug_info    0x00000000000054cc      0x310 C:/Users/franc/Desktop/epfl/MA1/embeded_system/lab4/lab4_correct_template/lab_4_project_template/lab_4_project_template/sw/nios/lab4_LCD_Controller_bsp/\libhal_bsp.a(alt_get_fd.o)
 .debug_info    0x00000000000057dc       0xdc C:/Users/franc/Desktop/epfl/MA1/embeded_system/lab4/lab4_correct_template/lab_4_project_template/lab_4_project_template/sw/nios/lab4_LCD_Controller_bsp/\libhal_bsp.a(alt_icache_flush.o)
 .debug_info    0x00000000000058b8      0x1e7 C:/Users/franc/Desktop/epfl/MA1/embeded_system/lab4/lab4_correct_template/lab_4_project_template/lab_4_project_template/sw/nios/lab4_LCD_Controller_bsp/\libhal_bsp.a(alt_instruction_exception_entry.o)
 .debug_info    0x0000000000005a9f       0xfe c:/intelfpga_lite/18.1/nios2eds/bin/gnu/h-x86_64-mingw32/bin/../lib/gcc/nios2-elf/5.3.0/../../../../../H-x86_64-mingw32/nios2-elf/lib\libc.a(lib_a-atexit.o)
 .debug_info    0x0000000000005b9d      0x8e4 c:/intelfpga_lite/18.1/nios2eds/bin/gnu/h-x86_64-mingw32/bin/../lib/gcc/nios2-elf/5.3.0/../../../../../H-x86_64-mingw32/nios2-elf/lib\libc.a(lib_a-exit.o)
 .debug_info    0x0000000000006481      0x8a1 c:/intelfpga_lite/18.1/nios2eds/bin/gnu/h-x86_64-mingw32/bin/../lib/gcc/nios2-elf/5.3.0/../../../../../H-x86_64-mingw32/nios2-elf/lib\libc.a(lib_a-impure.o)
 .debug_info    0x0000000000006d22       0x8a c:/intelfpga_lite/18.1/nios2eds/bin/gnu/h-x86_64-mingw32/bin/../lib/gcc/nios2-elf/5.3.0/../../../../../H-x86_64-mingw32/nios2-elf/lib\libc.a(lib_a-int_errno.o)
 .debug_info    0x0000000000006dac      0x11a c:/intelfpga_lite/18.1/nios2eds/bin/gnu/h-x86_64-mingw32/bin/../lib/gcc/nios2-elf/5.3.0/../../../../../H-x86_64-mingw32/nios2-elf/lib\libc.a(lib_a-memcmp.o)
 .debug_info    0x0000000000006ec6      0x144 c:/intelfpga_lite/18.1/nios2eds/bin/gnu/h-x86_64-mingw32/bin/../lib/gcc/nios2-elf/5.3.0/../../../../../H-x86_64-mingw32/nios2-elf/lib\libc.a(lib_a-memcpy.o)
 .debug_info    0x000000000000700a       0xe2 c:/intelfpga_lite/18.1/nios2eds/bin/gnu/h-x86_64-mingw32/bin/../lib/gcc/nios2-elf/5.3.0/../../../../../H-x86_64-mingw32/nios2-elf/lib\libc.a(lib_a-strlen.o)
 .debug_info    0x00000000000070ec      0x934 c:/intelfpga_lite/18.1/nios2eds/bin/gnu/h-x86_64-mingw32/bin/../lib/gcc/nios2-elf/5.3.0/../../../../../H-x86_64-mingw32/nios2-elf/lib\libc.a(lib_a-__atexit.o)
 .debug_info    0x0000000000007a20      0x965 c:/intelfpga_lite/18.1/nios2eds/bin/gnu/h-x86_64-mingw32/bin/../lib/gcc/nios2-elf/5.3.0/../../../../../H-x86_64-mingw32/nios2-elf/lib\libc.a(lib_a-__call_atexit.o)
 .debug_info    0x0000000000008385       0xec C:/Users/franc/Desktop/epfl/MA1/embeded_system/lab4/lab4_correct_template/lab_4_project_template/lab_4_project_template/sw/nios/lab4_LCD_Controller_bsp/\libhal_bsp.a(alt_exit.o)

.debug_abbrev   0x0000000000000000     0x2cdf
 *(.debug_abbrev)
 .debug_abbrev  0x0000000000000000       0x12 C:/Users/franc/Desktop/epfl/MA1/embeded_system/lab4/lab4_correct_template/lab_4_project_template/lab_4_project_template/sw/nios/lab4_LCD_Controller_bsp//obj/HAL/src/crt0.o
 .debug_abbrev  0x0000000000000012       0xaa obj/default/LCD_control.o
 .debug_abbrev  0x00000000000000bc       0x7d obj/default/hello_world.o
 .debug_abbrev  0x0000000000000139       0x9f C:/Users/franc/Desktop/epfl/MA1/embeded_system/lab4/lab4_correct_template/lab_4_project_template/lab_4_project_template/sw/nios/lab4_LCD_Controller_bsp/\libhal_bsp.a(alt_load.o)
 .debug_abbrev  0x00000000000001d8       0xba C:/Users/franc/Desktop/epfl/MA1/embeded_system/lab4/lab4_correct_template/lab_4_project_template/lab_4_project_template/sw/nios/lab4_LCD_Controller_bsp/\libhal_bsp.a(alt_main.o)
 .debug_abbrev  0x0000000000000292      0x187 C:/Users/franc/Desktop/epfl/MA1/embeded_system/lab4/lab4_correct_template/lab_4_project_template/lab_4_project_template/sw/nios/lab4_LCD_Controller_bsp/\libhal_bsp.a(alt_sys_init.o)
 .debug_abbrev  0x0000000000000419      0x127 C:/Users/franc/Desktop/epfl/MA1/embeded_system/lab4/lab4_correct_template/lab_4_project_template/lab_4_project_template/sw/nios/lab4_LCD_Controller_bsp/\libhal_bsp.a(altera_avalon_jtag_uart_fd.o)
 .debug_abbrev  0x0000000000000540      0x19e C:/Users/franc/Desktop/epfl/MA1/embeded_system/lab4/lab4_correct_template/lab_4_project_template/lab_4_project_template/sw/nios/lab4_LCD_Controller_bsp/\libhal_bsp.a(altera_avalon_jtag_uart_init.o)
 .debug_abbrev  0x00000000000006de      0x111 C:/Users/franc/Desktop/epfl/MA1/embeded_system/lab4/lab4_correct_template/lab_4_project_template/lab_4_project_template/sw/nios/lab4_LCD_Controller_bsp/\libhal_bsp.a(altera_avalon_jtag_uart_ioctl.o)
 .debug_abbrev  0x00000000000007ef      0x1aa C:/Users/franc/Desktop/epfl/MA1/embeded_system/lab4/lab4_correct_template/lab_4_project_template/lab_4_project_template/sw/nios/lab4_LCD_Controller_bsp/\libhal_bsp.a(altera_avalon_jtag_uart_read.o)
 .debug_abbrev  0x0000000000000999      0x1a8 C:/Users/franc/Desktop/epfl/MA1/embeded_system/lab4/lab4_correct_template/lab_4_project_template/lab_4_project_template/sw/nios/lab4_LCD_Controller_bsp/\libhal_bsp.a(altera_avalon_jtag_uart_write.o)
 .debug_abbrev  0x0000000000000b41      0x1c7 C:/Users/franc/Desktop/epfl/MA1/embeded_system/lab4/lab4_correct_template/lab_4_project_template/lab_4_project_template/sw/nios/lab4_LCD_Controller_bsp/\libhal_bsp.a(altera_hostfs.o)
 .debug_abbrev  0x0000000000000d08      0x162 C:/Users/franc/Desktop/epfl/MA1/embeded_system/lab4/lab4_correct_template/lab_4_project_template/lab_4_project_template/sw/nios/lab4_LCD_Controller_bsp/\libhal_bsp.a(alt_alarm_start.o)
 .debug_abbrev  0x0000000000000e6a      0x11f C:/Users/franc/Desktop/epfl/MA1/embeded_system/lab4/lab4_correct_template/lab_4_project_template/lab_4_project_template/sw/nios/lab4_LCD_Controller_bsp/\libhal_bsp.a(alt_close.o)
 .debug_abbrev  0x0000000000000f89       0x5a C:/Users/franc/Desktop/epfl/MA1/embeded_system/lab4/lab4_correct_template/lab_4_project_template/lab_4_project_template/sw/nios/lab4_LCD_Controller_bsp/\libhal_bsp.a(alt_dcache_flush_all.o)
 .debug_abbrev  0x0000000000000fe3       0xd9 C:/Users/franc/Desktop/epfl/MA1/embeded_system/lab4/lab4_correct_template/lab_4_project_template/lab_4_project_template/sw/nios/lab4_LCD_Controller_bsp/\libhal_bsp.a(alt_dev.o)
 .debug_abbrev  0x00000000000010bc      0x114 C:/Users/franc/Desktop/epfl/MA1/embeded_system/lab4/lab4_correct_template/lab_4_project_template/lab_4_project_template/sw/nios/lab4_LCD_Controller_bsp/\libhal_bsp.a(alt_dev_llist_insert.o)
 .debug_abbrev  0x00000000000011d0       0x79 C:/Users/franc/Desktop/epfl/MA1/embeded_system/lab4/lab4_correct_template/lab_4_project_template/lab_4_project_template/sw/nios/lab4_LCD_Controller_bsp/\libhal_bsp.a(alt_do_ctors.o)
 .debug_abbrev  0x0000000000001249       0x79 C:/Users/franc/Desktop/epfl/MA1/embeded_system/lab4/lab4_correct_template/lab_4_project_template/lab_4_project_template/sw/nios/lab4_LCD_Controller_bsp/\libhal_bsp.a(alt_do_dtors.o)
 .debug_abbrev  0x00000000000012c2       0x5a C:/Users/franc/Desktop/epfl/MA1/embeded_system/lab4/lab4_correct_template/lab_4_project_template/lab_4_project_template/sw/nios/lab4_LCD_Controller_bsp/\libhal_bsp.a(alt_errno.o)
 .debug_abbrev  0x000000000000131c      0x108 C:/Users/franc/Desktop/epfl/MA1/embeded_system/lab4/lab4_correct_template/lab_4_project_template/lab_4_project_template/sw/nios/lab4_LCD_Controller_bsp/\libhal_bsp.a(alt_fs_reg.o)
 .debug_abbrev  0x0000000000001424       0x42 C:/Users/franc/Desktop/epfl/MA1/embeded_system/lab4/lab4_correct_template/lab_4_project_template/lab_4_project_template/sw/nios/lab4_LCD_Controller_bsp/\libhal_bsp.a(alt_icache_flush_all.o)
 .debug_abbrev  0x0000000000001466      0x163 C:/Users/franc/Desktop/epfl/MA1/embeded_system/lab4/lab4_correct_template/lab_4_project_template/lab_4_project_template/sw/nios/lab4_LCD_Controller_bsp/\libhal_bsp.a(alt_iic.o)
 .debug_abbrev  0x00000000000015c9      0x169 C:/Users/franc/Desktop/epfl/MA1/embeded_system/lab4/lab4_correct_template/lab_4_project_template/lab_4_project_template/sw/nios/lab4_LCD_Controller_bsp/\libhal_bsp.a(alt_iic_isr_register.o)
 .debug_abbrev  0x0000000000001732      0x114 C:/Users/franc/Desktop/epfl/MA1/embeded_system/lab4/lab4_correct_template/lab_4_project_template/lab_4_project_template/sw/nios/lab4_LCD_Controller_bsp/\libhal_bsp.a(alt_io_redirect.o)
 .debug_abbrev  0x0000000000001846       0x12 C:/Users/franc/Desktop/epfl/MA1/embeded_system/lab4/lab4_correct_template/lab_4_project_template/lab_4_project_template/sw/nios/lab4_LCD_Controller_bsp/\libhal_bsp.a(alt_irq_entry.o)
 .debug_abbrev  0x0000000000001858      0x122 C:/Users/franc/Desktop/epfl/MA1/embeded_system/lab4/lab4_correct_template/lab_4_project_template/lab_4_project_template/sw/nios/lab4_LCD_Controller_bsp/\libhal_bsp.a(alt_irq_handler.o)
 .debug_abbrev  0x000000000000197a       0x40 C:/Users/franc/Desktop/epfl/MA1/embeded_system/lab4/lab4_correct_template/lab_4_project_template/lab_4_project_template/sw/nios/lab4_LCD_Controller_bsp/\libhal_bsp.a(alt_irq_vars.o)
 .debug_abbrev  0x00000000000019ba      0x148 C:/Users/franc/Desktop/epfl/MA1/embeded_system/lab4/lab4_correct_template/lab_4_project_template/lab_4_project_template/sw/nios/lab4_LCD_Controller_bsp/\libhal_bsp.a(alt_open.o)
 .debug_abbrev  0x0000000000001b02       0xde C:/Users/franc/Desktop/epfl/MA1/embeded_system/lab4/lab4_correct_template/lab_4_project_template/lab_4_project_template/sw/nios/lab4_LCD_Controller_bsp/\libhal_bsp.a(alt_release_fd.o)
 .debug_abbrev  0x0000000000001be0      0x15a C:/Users/franc/Desktop/epfl/MA1/embeded_system/lab4/lab4_correct_template/lab_4_project_template/lab_4_project_template/sw/nios/lab4_LCD_Controller_bsp/\libhal_bsp.a(alt_tick.o)
 .debug_abbrev  0x0000000000001d3a       0x42 C:/Users/franc/Desktop/epfl/MA1/embeded_system/lab4/lab4_correct_template/lab_4_project_template/lab_4_project_template/sw/nios/lab4_LCD_Controller_bsp/\libhal_bsp.a(altera_nios2_gen2_irq.o)
 .debug_abbrev  0x0000000000001d7c       0x12 C:/Users/franc/Desktop/epfl/MA1/embeded_system/lab4/lab4_correct_template/lab_4_project_template/lab_4_project_template/sw/nios/lab4_LCD_Controller_bsp/\libhal_bsp.a(alt_exception_entry.o)