Archive member included to satisfy reference by file (symbol)

C:/Users/franc/Desktop/epfl/MA1/embeded_system/lab4/lab4_correct_template/lab_4_project_template/lab_4_project_template/sw/nios/lab4_LCD_Controller_bsp/\libhal_bsp.a(alt_load.o)
                              C:/Users/franc/Desktop/epfl/MA1/embeded_system/lab4/lab4_correct_template/lab_4_project_template/lab_4_project_template/sw/nios/lab4_LCD_Controller_bsp//obj/HAL/src/crt0.o (alt_load)
C:/Users/franc/Desktop/epfl/MA1/embeded_system/lab4/lab4_correct_template/lab_4_project_template/lab_4_project_template/sw/nios/lab4_LCD_Controller_bsp/\libhal_bsp.a(alt_main.o)
                              C:/Users/franc/Desktop/epfl/MA1/embeded_system/lab4/lab4_correct_template/lab_4_project_template/lab_4_project_template/sw/nios/lab4_LCD_Controller_bsp//obj/HAL/src/crt0.o (alt_main)
C:/Users/franc/Desktop/epfl/MA1/embeded_system/lab4/lab4_correct_template/lab_4_project_template/lab_4_project_template/sw/nios/lab4_LCD_Controller_bsp/\libhal_bsp.a(alt_usleep.o)
                              obj/default/LCD_control.o (usleep)
C:/Users/franc/Desktop/epfl/MA1/embeded_system/lab4/lab4_correct_template/lab_4_project_template/lab_4_project_template/sw/nios/lab4_LCD_Controller_bsp/\libhal_bsp.a(alt_sys_init.o)
                              C:/Users/franc/Desktop/epfl/MA1/embeded_system/lab4/lab4_correct_template/lab_4_project_template/lab_4_project_template/sw/nios/lab4_LCD_Controller_bsp/\libhal_bsp.a(alt_main.o) (alt_irq_init)
C:/Users/franc/Desktop/epfl/MA1/embeded_system/lab4/lab4_correct_template/lab_4_project_template/lab_4_project_template/sw/nios/lab4_LCD_Controller_bsp/\libhal_bsp.a(altera_avalon_jtag_uart_fd.o)
                              C:/Users/franc/Desktop/epfl/MA1/embeded_system/lab4/lab4_correct_template/lab_4_project_template/lab_4_project_template/sw/nios/lab4_LCD_Controller_bsp/\libhal_bsp.a(alt_sys_init.o) (altera_avalon_jtag_uart_read_fd)
C:/Users/franc/Desktop/epfl/MA1/embeded_system/lab4/lab4_correct_template/lab_4_project_template/lab_4_project_template/sw/nios/lab4_LCD_Controller_bsp/\libhal_bsp.a(altera_avalon_jtag_uart_init.o)
                              C:/Users/franc/Desktop/epfl/MA1/embeded_system/lab4/lab4_correct_template/lab_4_project_template/lab_4_project_template/sw/nios/lab4_LCD_Controller_bsp/\libhal_bsp.a(alt_sys_init.o) (altera_avalon_jtag_uart_init)
C:/Users/franc/Desktop/epfl/MA1/embeded_system/lab4/lab4_correct_template/lab_4_project_template/lab_4_project_template/sw/nios/lab4_LCD_Controller_bsp/\libhal_bsp.a(altera_avalon_jtag_uart_ioctl.o)
                              C:/Users/franc/Desktop/epfl/MA1/embeded_system/lab4/lab4_correct_template/lab_4_project_template/lab_4_project_template/sw/nios/lab4_LCD_Controller_bsp/\libhal_bsp.a(altera_avalon_jtag_uart_fd.o) (altera_avalon_jtag_uart_ioctl)
C:/Users/franc/Desktop/epfl/MA1/embeded_system/lab4/lab4_correct_template/lab_4_project_template/lab_4_project_template/sw/nios/lab4_LCD_Controller_bsp/\libhal_bsp.a(altera_avalon_jtag_uart_read.o)
                              C:/Users/franc/Desktop/epfl/MA1/embeded_system/lab4/lab4_correct_template/lab_4_project_template/lab_4_project_template/sw/nios/lab4_LCD_Controller_bsp/\libhal_bsp.a(altera_avalon_jtag_uart_fd.o) (altera_avalon_jtag_uart_read)
C:/Users/franc/Desktop/epfl/MA1/embeded_system/lab4/lab4_correct_template/lab_4_project_template/lab_4_project_template/sw/nios/lab4_LCD_Controller_bsp/\libhal_bsp.a(altera_avalon_jtag_uart_write.o)
                              C:/Users/franc/Desktop/epfl/MA1/embeded_system/lab4/lab4_correct_template/lab_4_project_template/lab_4_project_template/sw/nios/lab4_LCD_Controller_bsp/\libhal_bsp.a(altera_avalon_jtag_uart_fd.o) (altera_avalon_jtag_uart_write)
C:/Users/franc/Desktop/epfl/MA1/embeded_system/lab4/lab4_correct_template/lab_4_project_template/lab_4_project_template/sw/nios/lab4_LCD_Controller_bsp/\libhal_bsp.a(altera_hostfs.o)
                              C:/Users/franc/Desktop/epfl/MA1/embeded_system/lab4/lab4_correct_template/lab_4_project_template/lab_4_project_template/sw/nios/lab4_LCD_Controller_bsp/\libhal_bsp.a(alt_sys_init.o) (alt_hostfs_open)
C:/Users/franc/Desktop/epfl/MA1/embeded_system/lab4/lab4_correct_template/lab_4_project_template/lab_4_project_template/sw/nios/lab4_LCD_Controller_bsp/\libhal_bsp.a(alt_alarm_start.o)
                              C:/Users/franc/Desktop/epfl/MA1/embeded_system/lab4/lab4_correct_template/lab_4_project_template/lab_4_project_template/sw/nios/lab4_LCD_Controller_bsp/\libhal_bsp.a(altera_avalon_jtag_uart_init.o) (alt_alarm_start)
C:/Users/franc/Desktop/epfl/MA1/embeded_system/lab4/lab4_correct_template/lab_4_project_template/lab_4_project_template/sw/nios/lab4_LCD_Controller_bsp/\libhal_bsp.a(alt_busy_sleep.o)
[...]
Memory Configuration

Name             Origin             Length             Attributes
reset            0x0000000010100000 0x0000000000000020
onchip_memory2_0 0x0000000010100020 0x000000000001ffe0
*default*        0x0000000000000000 0xffffffffffffffff

Linker script and memory map

LOAD C:/Users/franc/Desktop/epfl/MA1/embeded_system/lab4/lab4_correct_template/lab_4_project_template/lab_4_project_template/sw/nios/lab4_LCD_Controller_bsp//obj/HAL/src/crt0.o
LOAD obj/default/LCD_control.o
LOAD obj/default/hello_world.o
LOAD c:/intelfpga_lite/18.1/nios2eds/bin/gnu/h-x86_64-mingw32/bin/../lib/gcc/nios2-elf/5.3.0/../../../../../H-x86_64-mingw32/nios2-elf/lib\libstdc++.a
LOAD c:/intelfpga_lite/18.1/nios2eds/bin/gnu/h-x86_64-mingw32/bin/../lib/gcc/nios2-elf/5.3.0/../../../../../H-x86_64-mingw32/nios2-elf/lib\libm.a
LOAD c:/intelfpga_lite/18.1/nios2eds/bin/gnu/h-x86_64-mingw32/bin/../lib/gcc/nios2-elf/5.3.0\libgcc.a
START GROUP
LOAD c:/intelfpga_lite/18.1/nios2eds/bin/gnu/h-x86_64-mingw32/bin/../lib/gcc/nios2-elf/5.3.0/../../../../../H-x86_64-mingw32/nios2-elf/lib\libc.a
LOAD c:/intelfpga_lite/18.1/nios2eds/bin/gnu/h-x86_64-mingw32/bin/../lib/gcc/nios2-elf/5.3.0\libgcc.a
LOAD C:/Users/franc/Desktop/epfl/MA1/embeded_system/lab4/lab4_correct_template/lab_4_project_template/lab_4_project_template/sw/nios/lab4_LCD_Controller_bsp/\libhal_bsp.a
LOAD c:/intelfpga_lite/18.1/nios2eds/bin/gnu/h-x86_64-mingw32/bin/../lib/gcc/nios2-elf/5.3.0/../../../../../H-x86_64-mingw32/nios2-elf/lib\libm.a
END GROUP
LOAD c:/intelfpga_lite/18.1/nios2eds/bin/gnu/h-x86_64-mingw32/bin/../lib/gcc/nios2-elf/5.3.0\libgcc.a
                0x0000000010100000                __alt_mem_onchip_memory2_0 = 0x10100000

.entry          0x0000000010100000       0x20
 *(.entry)
 .entry         0x0000000010100000       0x20 C:/Users/franc/Desktop/epfl/MA1/embeded_system/lab4/lab4_correct_template/lab_4_project_template/lab_4_project_template/sw/nios/lab4_LCD_Controller_bsp//obj/HAL/src/crt0.o
                0x0000000010100000                __reset

.exceptions     0x0000000010100020      0x224
                0x0000000010100020                PROVIDE (__ram_exceptions_start, ABSOLUTE (.))
                0x0000000010100020                . = ALIGN (0x20)
 *(.irq)
 *(.exceptions.entry.label)
 .exceptions.entry.label
                0x0000000010100020        0x0 C:/Users/franc/Desktop/epfl/MA1/embeded_system/lab4/lab4_correct_template/lab_4_project_template/lab_4_project_template/sw/nios/lab4_LCD_Controller_bsp/\libhal_bsp.a(alt_irq_entry.o)
                0x0000000010100020                alt_irq_entry
 .exceptions.entry.label
                0x0000000010100020        0x0 C:/Users/franc/Desktop/epfl/MA1/embeded_system/lab4/lab4_correct_template/lab_4_project_template/lab_4_project_template/sw/nios/lab4_LCD_Controller_bsp/\libhal_bsp.a(alt_exception_entry.o)
                0x0000000010100020                alt_exception
 *(.exceptions.entry.user)
 *(.exceptions.entry.ecc_fatal)
 *(.exceptions.entry)
 .exceptions.entry
                0x0000000010100020       0x54 C:/Users/franc/Desktop/epfl/MA1/embeded_system/lab4/lab4_correct_template/lab_4_project_template/lab_4_project_template/sw/nios/lab4_LCD_Controller_bsp/\libhal_bsp.a(alt_exception_entry.o)
 *(.exceptions.irqtest.user)
 *(.exceptions.irqtest)
 .exceptions.irqtest
                0x0000000010100074       0x10 C:/Users/franc/Desktop/epfl/MA1/embeded_system/lab4/lab4_correct_template/lab_4_project_template/lab_4_project_template/sw/nios/lab4_LCD_Controller_bsp/\libhal_bsp.a(alt_irq_entry.o)
 *(.exceptions.irqhandler.user)
 *(.exceptions.irqhandler)
 .exceptions.irqhandler
                0x0000000010100084        0x4 C:/Users/franc/Desktop/epfl/MA1/embeded_system/lab4/lab4_correct_template/lab_4_project_template/lab_4_project_template/sw/nios/lab4_LCD_Controller_bsp/\libhal_bsp.a(alt_irq_entry.o)
 *(.exceptions.irqreturn.user)
 *(.exceptions.irqreturn)
 .exceptions.irqreturn
                0x0000000010100088        0x4 C:/Users/franc/Desktop/epfl/MA1/embeded_system/lab4/lab4_correct_template/lab_4_project_template/lab_4_project_template/sw/nios/lab4_LCD_Controller_bsp/\libhal_bsp.a(alt_irq_entry.o)
 *(.exceptions.notirq.label)
 .exceptions.notirq.label
                0x000000001010008c        0x0 C:/Users/franc/Desktop/epfl/MA1/embeded_system/lab4/lab4_correct_template/lab_4_project_template/lab_4_project_template/sw/nios/lab4_LCD_Controller_bsp/\libhal_bsp.a(alt_irq_entry.o)
 *(.exceptions.notirq.user)
 *(.exceptions.notirq)
 .exceptions.notirq
                0x000000001010008c        0x8 C:/Users/franc/Desktop/epfl/MA1/embeded_system/lab4/lab4_correct_template/lab_4_project_template/lab_4_project_template/sw/nios/lab4_LCD_Controller_bsp/\libhal_bsp.a(alt_exception_entry.o)
 *(.exceptions.soft.user)
 *(.exceptions.soft)
 *(.exceptions.unknown.user)
 *(.exceptions.unknown)
 .exceptions.unknown
                0x0000000010100094       0x14 C:/Users/franc/Desktop/epfl/MA1/embeded_system/lab4/lab4_correct_template/lab_4_project_template/lab_4_project_template/sw/nios/lab4_LCD_Controller_bsp/\libhal_bsp.a(alt_exception_entry.o)
 *(.exceptions.exit.label)
 .exceptions.exit.label
                0x00000000101000a8        0x0 C:/Users/franc/Desktop/epfl/MA1/embeded_system/lab4/lab4_correct_template/lab_4_project_template/lab_4_project_template/sw/nios/lab4_LCD_Controller_bsp/\libhal_bsp.a(alt_irq_entry.o)
 .exceptions.exit.label
                0x00000000101000a8        0x0 C:/Users/franc/Desktop/epfl/MA1/embeded_system/lab4/lab4_correct_template/lab_4_project_template/lab_4_project_template/sw/nios/lab4_LCD_Controller_bsp/\libhal_bsp.a(alt_exception_entry.o)
 *(.exceptions.exit.user)
 *(.exceptions.exit)
 .exceptions.exit
                0x00000000101000a8       0x54 C:/Users/franc/Desktop/epfl/MA1/embeded_system/lab4/lab4_correct_template/lab_4_project_template/lab_4_project_template/sw/nios/lab4_LCD_Controller_bsp/\libhal_bsp.a(alt_exception_entry.o)
 *(.exceptions)
 .exceptions    0x00000000101000fc       0xd4 C:/Users/franc/Desktop/epfl/MA1/embeded_system/lab4/lab4_correct_template/lab_4_project_template/lab_4_project_template/sw/nios/lab4_LCD_Controller_bsp/\libhal_bsp.a(alt_irq_handler.o)
                0x00000000101000fc                alt_irq_handler
 .exceptions    0x00000000101001d0       0x74 C:/Users/franc/Desktop/epfl/MA1/embeded_system/lab4/lab4_correct_template/lab_4_project_template/lab_4_project_template/sw/nios/lab4_LCD_Controller_bsp/\libhal_bsp.a(alt_instruction_exception_entry.o)
                0x00000000101001d0                alt_instruction_exception_entry
                0x0000000010100244                PROVIDE (__ram_exceptions_end, ABSOLUTE (.))
                0x0000000010100020                PROVIDE (__flash_exceptions_start, LOADADDR (.exceptions))

.text           0x0000000010100244     0x3520
                [!provide]                        PROVIDE (stext, ABSOLUTE (.))
 *(.interp)
 *(.hash)
 *(.dynsym)
 *(.dynstr)
 *(.gnu.version)
 *(.gnu.version_d)
 *(.gnu.version_r)
 *(.rel.init)
 *(.rela.init)
 *(.rel.text .rel.text.* .rel.gnu.linkonce.t.*)
 *(.rela.text .rela.text.* .rela.gnu.linkonce.t.*)
 *(.rel.fini)
 *(.rela.fini)
 *(.rel.rodata .rel.rodata.* .rel.gnu.linkonce.r.*)
 *(.rela.rodata .rela.rodata.* .rela.gnu.linkonce.r.*)
 *(.rel.data .rel.data.* .rel.gnu.linkonce.d.*)
 *(.rela.data .rela.data.* .rela.gnu.linkonce.d.*)
 *(.rel.tdata .rel.tdata.* .rel.gnu.linkonce.td.*)
 *(.rela.tdata .rela.tdata.* .rela.gnu.linkonce.td.*)
 *(.rel.tbss .rel.tbss.* .rel.gnu.linkonce.tb.*)
 *(.rela.tbss .rela.tbss.* .rela.gnu.linkonce.tb.*)
 *(.rel.ctors)
 *(.rela.ctors)
 *(.rel.dtors)
 *(.rela.dtors)
 *(.rel.got)
 *(.rela.got)
 *(.rel.sdata .rel.sdata.* .rel.gnu.linkonce.s.*)
 *(.rela.sdata .rela.sdata.* .rela.gnu.linkonce.s.*)
 *(.rel.sbss .rel.sbss.* .rel.gnu.linkonce.sb.*)
 *(.rela.sbss .rela.sbss.* .rela.gnu.linkonce.sb.*)
 *(.rel.sdata2 .rel.sdata2.* .rel.gnu.linkonce.s2.*)
 *(.rela.sdata2 .rela.sdata2.* .rela.gnu.linkonce.s2.*)
 *(.rel.sbss2 .rel.sbss2.* .rel.gnu.linkonce.sb2.*)
 *(.rela.sbss2 .rela.sbss2.* .rela.gnu.linkonce.sb2.*)
 *(.rel.bss .rel.bss.* .rel.gnu.linkonce.b.*)
 *(.rela.bss .rela.bss.* .rela.gnu.linkonce.b.*)
 *(.rel.plt)
 *(.rela.plt)
 *(.rel.dyn)
 *(.init)
 *(.plt)
 *(.text .stub .text.* .gnu.linkonce.t.*)
 .text          0x0000000010100244       0x4c C:/Users/franc/Desktop/epfl/MA1/embeded_system/lab4/lab4_correct_template/lab_4_project_template/lab_4_project_template/sw/nios/lab4_LCD_Controller_bsp//obj/HAL/src/crt0.o
                0x0000000010100244                _start
 .text          0x0000000010100290      0x7a8 obj/default/LCD_control.o
                0x0000000010100290                Delay_Ms
                0x00000000101002e0                LCD_init
 .text          0x0000000010100a38      0x2a0 obj/default/hello_world.o
                0x0000000010100a38                main
                0x0000000010100ad8                write_image_1
                0x0000000010100bd8                write_image_2
 .text          0x0000000010100cd8       0xec C:/Users/franc/Desktop/epfl/MA1/embeded_system/lab4/lab4_correct_template/lab_4_project_template/lab_4_project_template/sw/nios/lab4_LCD_Controller_bsp/\libhal_bsp.a(alt_load.o)
                0x0000000010100d40                alt_load
 .text          0x0000000010100dc4       0x7c C:/Users/franc/Desktop/epfl/MA1/embeded_system/lab4/lab4_correct_template/lab_4_project_template/lab_4_project_template/sw/nios/lab4_LCD_Controller_bsp/\libhal_bsp.a(alt_main.o)
                0x0000000010100dc4                alt_main
 .text          0x0000000010100e40       0x30 C:/Users/franc/Desktop/epfl/MA1/embeded_system/lab4/lab4_correct_template/lab_4_project_template/lab_4_project_template/sw/nios/lab4_LCD_Controller_bsp/\libhal_bsp.a(alt_usleep.o)
                0x0000000010100e40                usleep
 .text          0x0000000010100e70       0xc0 C:/Users/franc/Desktop/epfl/MA1/embeded_system/lab4/lab4_correct_template/lab_4_project_template/lab_4_project_template/sw/nios/lab4_LCD_Controller_bsp/\libhal_bsp.a(alt_sys_init.o)
                0x0000000010100ea4                alt_irq_init
                0x0000000010100edc                alt_sys_init
 .text          0x0000000010100f30      0x164 C:/Users/franc/Desktop/epfl/MA1/embeded_system/lab4/lab4_correct_template/lab_4_project_template/lab_4_project_template/sw/nios/lab4_LCD_Controller_bsp/\libhal_bsp.a(altera_avalon_jtag_uart_fd.o)
                0x0000000010100f30                altera_avalon_jtag_uart_read_fd
                0x0000000010100f90                altera_avalon_jtag_uart_write_fd
                0x0000000010100ff0                altera_avalon_jtag_uart_close_fd
                0x0000000010101040                altera_avalon_jtag_uart_ioctl_fd
 .text          0x0000000010101094      0x3d4 C:/Users/franc/Desktop/epfl/MA1/embeded_system/lab4/lab4_correct_template/lab_4_project_template/lab_4_project_template/sw/nios/lab4_LCD_Controller_bsp/\libhal_bsp.a(altera_avalon_jtag_uart_init.o)
                0x0000000010101094                altera_avalon_jtag_uart_init
                0x0000000010101400                altera_avalon_jtag_uart_close
 .text          0x0000000010101468       0xf0 C:/Users/franc/Desktop/epfl/MA1/embeded_system/lab4/lab4_correct_template/lab_4_project_template/lab_4_project_template/sw/nios/lab4_LCD_Controller_bsp/\libhal_bsp.a(altera_avalon_jtag_uart_ioctl.o)
                0x0000000010101468                altera_avalon_jtag_uart_ioctl
 .text          0x0000000010101558      0x21c C:/Users/franc/Desktop/epfl/MA1/embeded_system/lab4/lab4_correct_template/lab_4_project_template/lab_4_project_template/sw/nios/lab4_LCD_Controller_bsp/\libhal_bsp.a(altera_avalon_jtag_uart_read.o)
                0x0000000010101558                altera_avalon_jtag_uart_read
 .text          0x0000000010101774      0x224 C:/Users/franc/Desktop/epfl/MA1/embeded_system/lab4/lab4_correct_template/lab_4_project_template/lab_4_project_template/sw/nios/lab4_LCD_Controller_bsp/\libhal_bsp.a(altera_avalon_jtag_uart_write.o)
                0x0000000010101774                altera_avalon_jtag_uart_write
 .text          0x0000000010101998      0x484 C:/Users/franc/Desktop/epfl/MA1/embeded_system/lab4/lab4_correct_template/lab_4_project_template/lab_4_project_template/sw/nios/lab4_LCD_Controller_bsp/\libhal_bsp.a(altera_hostfs.o)
                0x0000000010101998                alt_hostfs_open
                0x0000000010101ab4                alt_hostfs_close
                0x0000000010101af8                alt_hostfs_read
                0x0000000010101b64                alt_hostfs_write
                0x0000000010101bd0                alt_hostfs_seek
                0x0000000010101c38                alt_hostfs_fstat
 .text          0x0000000010101e1c      0x12c C:/Users/franc/Desktop/epfl/MA1/embeded_system/lab4/lab4_correct_template/lab_4_project_template/lab_4_project_template/sw/nios/lab4_LCD_Controller_bsp/\libhal_bsp.a(alt_alarm_start.o)
                0x0000000010101e1c                alt_alarm_start
 .text          0x0000000010101f48      0x158 C:/Users/franc/Desktop/epfl/MA1/embeded_system/lab4/lab4_correct_template/lab_4_project_template/lab_4_project_template/sw/nios/lab4_LCD_Controller_bsp/\libhal_bsp.a(alt_busy_sleep.o)
                0x0000000010101f48                alt_busy_sleep
 .text          0x00000000101020a0      0x10c C:/Users/franc/Desktop/epfl/MA1/embeded_system/lab4/lab4_correct_template/lab_4_project_template/lab_4_project_template/sw/nios/lab4_LCD_Controller_bsp/\libhal_bsp.a(alt_close.o)
                0x00000000101020dc                close
 .text          0x00000000101021ac       0x48 C:/Users/franc/Desktop/epfl/MA1/embeded_system/lab4/lab4_correct_template/lab_4_project_template/lab_4_project_template/sw/nios/lab4_LCD_Controller_bsp/\libhal_bsp.a(alt_dcache_flush_all.o)
                0x00000000101021ac                alt_dcache_flush_all
 .text          0x00000000101021f4       0x2c C:/Users/franc/Desktop/epfl/MA1/embeded_system/lab4/lab4_correct_template/lab_4_project_template/lab_4_project_template/sw/nios/lab4_LCD_Controller_bsp/\libhal_bsp.a(alt_dev.o)
 .text          0x0000000010102220       0xe0 C:/Users/franc/Desktop/epfl/MA1/embeded_system/lab4/lab4_correct_template/lab_4_project_template/lab_4_project_template/sw/nios/lab4_LCD_Controller_bsp/\libhal_bsp.a(alt_dev_llist_insert.o)
                0x000000001010225c                alt_dev_llist_insert
 .text          0x0000000010102300       0x60 C:/Users/franc/Desktop/epfl/MA1/embeded_system/lab4/lab4_correct_template/lab_4_project_template/lab_4_project_template/sw/nios/lab4_LCD_Controller_bsp/\libhal_bsp.a(alt_do_ctors.o)
                0x0000000010102300                _do_ctors
 .text          0x0000000010102360       0x60 C:/Users/franc/Desktop/epfl/MA1/embeded_system/lab4/lab4_correct_template/lab_4_project_template/lab_4_project_template/sw/nios/lab4_LCD_Controller_bsp/\libhal_bsp.a(alt_do_dtors.o)
                0x0000000010102360                _do_dtors
 .text          0x00000000101023c0        0x0 C:/Users/franc/Desktop/epfl/MA1/embeded_system/lab4/lab4_correct_template/lab_4_project_template/lab_4_project_template/sw/nios/lab4_LCD_Controller_bsp/\libhal_bsp.a(alt_errno.o)
 .text          0x00000000101023c0       0x80 C:/Users/franc/Desktop/epfl/MA1/embeded_system/lab4/lab4_correct_template/lab_4_project_template/lab_4_project_template/sw/nios/lab4_LCD_Controller_bsp/\libhal_bsp.a(alt_fs_reg.o)
                0x00000000101023c0                alt_fs_reg
 .text          0x0000000010102440       0x34 C:/Users/franc/Desktop/epfl/MA1/embeded_system/lab4/lab4_correct_template/lab_4_project_template/lab_4_project_template/sw/nios/lab4_LCD_Controller_bsp/\libhal_bsp.a(alt_icache_flush_all.o)
                0x0000000010102440                alt_icache_flush_all
 .text          0x0000000010102474      0x1b0 C:/Users/franc/Desktop/epfl/MA1/embeded_system/lab4/lab4_correct_template/lab_4_project_template/lab_4_project_template/sw/nios/lab4_LCD_Controller_bsp/\libhal_bsp.a(alt_iic.o)
                0x0000000010102474                alt_ic_isr_register
                0x00000000101024c4                alt_ic_irq_enable
                0x000000001010254c                alt_ic_irq_disable
                0x00000000101025d8                alt_ic_irq_enabled
 .text          0x0000000010102624       0xf0 C:/Users/franc/Desktop/epfl/MA1/embeded_system/lab4/lab4_correct_template/lab_4_project_template/lab_4_project_template/sw/nios/lab4_LCD_Controller_bsp/\libhal_bsp.a(alt_iic_isr_register.o)
                0x0000000010102624                alt_iic_isr_register
 .text          0x0000000010102714      0x140 C:/Users/franc/Desktop/epfl/MA1/embeded_system/lab4/lab4_correct_template/lab_4_project_template/lab_4_project_template/sw/nios/lab4_LCD_Controller_bsp/\libhal_bsp.a(alt_io_redirect.o)
                0x00000000101027d8                alt_io_redirect
 .text          0x0000000010102854        0x0 C:/Users/franc/Desktop/epfl/MA1/embeded_system/lab4/lab4_correct_template/lab_4_project_template/lab_4_project_template/sw/nios/lab4_LCD_Controller_bsp/\libhal_bsp.a(alt_irq_entry.o)
 .text          0x0000000010102854        0x0 C:/Users/franc/Desktop/epfl/MA1/embeded_system/lab4/lab4_correct_template/lab_4_project_template/lab_4_project_template/sw/nios/lab4_LCD_Controller_bsp/\libhal_bsp.a(alt_irq_handler.o)
 .text          0x0000000010102854        0x0 C:/Users/franc/Desktop/epfl/MA1/embeded_system/lab4/lab4_correct_template/lab_4_project_template/lab_4_project_template/sw/nios/lab4_LCD_Controller_bsp/\libhal_bsp.a(alt_irq_vars.o)
 .text          0x0000000010102854      0x254 C:/Users/franc/Desktop/epfl/MA1/embeded_system/lab4/lab4_correct_template/lab_4_project_template/lab_4_project_template/sw/nios/lab4_LCD_Controller_bsp/\libhal_bsp.a(alt_open.o)
                0x0000000010102954                open
 .text          0x0000000010102aa8       0x64 C:/Users/franc/Desktop/epfl/MA1/embeded_system/lab4/lab4_correct_template/lab_4_project_template/lab_4_project_template/sw/nios/lab4_LCD_Controller_bsp/\libhal_bsp.a(alt_release_fd.o)
                0x0000000010102aa8                alt_release_fd
 .text          0x0000000010102b0c      0x1a4 C:/Users/franc/Desktop/epfl/MA1/embeded_system/lab4/lab4_correct_template/lab_4_project_template/lab_4_project_template/sw/nios/lab4_LCD_Controller_bsp/\libhal_bsp.a(alt_tick.o)
                0x0000000010102b0c                alt_alarm_stop
                0x0000000010102ba8                alt_tick
 .text          0x0000000010102cb0       0x24 C:/Users/franc/Desktop/epfl/MA1/embeded_system/lab4/lab4_correct_template/lab_4_project_template/lab_4_project_template/sw/nios/lab4_LCD_Controller_bsp/\libhal_bsp.a(altera_nios2_gen2_irq.o)
                0x0000000010102cb0                altera_nios2_gen2_irq_init
 .text          0x0000000010102cd4        0x0 C:/Users/franc/Desktop/epfl/MA1/embeded_system/lab4/lab4_correct_template/lab_4_project_template/lab_4_project_template/sw/nios/lab4_LCD_Controller_bsp/\libhal_bsp.a(alt_exception_entry.o)
 .text          0x0000000010102cd4       0x90 C:/Users/franc/Desktop/epfl/MA1/embeded_system/lab4/lab4_correct_template/lab_4_project_template/lab_4_project_template/sw/nios/lab4_LCD_Controller_bsp/\libhal_bsp.a(alt_find_dev.o)
                0x0000000010102cd4                alt_find_dev
 .text          0x0000000010102d64      0x108 C:/Users/franc/Desktop/epfl/MA1/embeded_system/lab4/lab4_correct_template/lab_4_project_template/lab_4_project_template/sw/nios/lab4_LCD_Controller_bsp/\libhal_bsp.a(alt_find_file.o)
                0x0000000010102d64                alt_find_file
 .text          0x0000000010102e6c       0xa4 C:/Users/franc/Desktop/epfl/MA1/embeded_system/lab4/lab4_correct_template/lab_4_project_template/lab_4_project_template/sw/nios/lab4_LCD_Controller_bsp/\libhal_bsp.a(alt_get_fd.o)
                0x0000000010102e6c                alt_get_fd
 .text          0x0000000010102f10       0x90 C:/Users/franc/Desktop/epfl/MA1/embeded_system/lab4/lab4_correct_template/lab_4_project_template/lab_4_project_template/sw/nios/lab4_LCD_Controller_bsp/\libhal_bsp.a(alt_icache_flush.o)
                0x0000000010102f10                alt_icache_flush
 .text          0x0000000010102fa0       0x9c C:/Users/franc/Desktop/epfl/MA1/embeded_system/lab4/lab4_correct_template/lab_4_project_template/lab_4_project_template/sw/nios/lab4_LCD_Controller_bsp/\libhal_bsp.a(alt_instruction_exception_entry.o)
                0x0000000010102fa0                alt_exception_cause_generated_bad_addr
 .text          0x000000001010303c        0x0 c:/intelfpga_lite/18.1/nios2eds/bin/gnu/h-x86_64-mingw32/bin/../lib/gcc/nios2-elf/5.3.0/../../../../../H-x86_64-mingw32/nios2-elf/lib\libc.a(lib_a-atexit.o)
 .text.atexit   0x000000001010303c       0x14 c:/intelfpga_lite/18.1/nios2eds/bin/gnu/h-x86_64-mingw32/bin/../lib/gcc/nios2-elf/5.3.0/../../../../../H-x86_64-mingw32/nios2-elf/lib\libc.a(lib_a-atexit.o)
                0x000000001010303c                atexit
 .text          0x0000000010103050        0x0 c:/intelfpga_lite/18.1/nios2eds/bin/gnu/h-x86_64-mingw32/bin/../lib/gcc/nios2-elf/5.3.0/../../../../../H-x86_64-mingw32/nios2-elf/lib\libc.a(lib_a-exit.o)
 .text.exit     0x0000000010103050       0x38 c:/intelfpga_lite/18.1/nios2eds/bin/gnu/h-x86_64-mingw32/bin/../lib/gcc/nios2-elf/5.3.0/../../../../../H-x86_64-mingw32/nios2-elf/lib\libc.a(lib_a-exit.o)
                0x0000000010103050                exit
 .text          0x0000000010103088        0x0 c:/intelfpga_lite/18.1/nios2eds/bin/gnu/h-x86_64-mingw32/bin/../lib/gcc/nios2-elf/5.3.0/../../../../../H-x86_64-mingw32/nios2-elf/lib\libc.a(lib_a-impure.o)
 .text          0x0000000010103088        0x0 c:/intelfpga_lite/18.1/nios2eds/bin/gnu/h-x86_64-mingw32/bin/../lib/gcc/nios2-elf/5.3.0/../../../../../H-x86_64-mingw32/nios2-elf/lib\libc.a(lib_a-int_errno.o)
 .text          0x0000000010103088        0x0 c:/intelfpga_lite/18.1/nios2eds/bin/gnu/h-x86_64-mingw32/bin/../lib/gcc/nios2-elf/5.3.0/../../../../../H-x86_64-mingw32/nios2-elf/lib\libc.a(lib_a-memcmp.o)
 .text.memcmp   0x0000000010103088       0x7c c:/intelfpga_lite/18.1/nios2eds/bin/gnu/h-x86_64-mingw32/bin/../lib/gcc/nios2-elf/5.3.0/../../../../../H-x86_64-mingw32/nios2-elf/lib\libc.a(lib_a-memcmp.o)
                0x0000000010103088                memcmp
 .text          0x0000000010103104        0x0 c:/intelfpga_lite/18.1/nios2eds/bin/gnu/h-x86_64-mingw32/bin/../lib/gcc/nios2-elf/5.3.0/../../../../../H-x86_64-mingw32/nios2-elf/lib\libc.a(lib_a-memcpy.o)
 .text.memcpy   0x0000000010103104      0x148 c:/intelfpga_lite/18.1/nios2eds/bin/gnu/h-x86_64-mingw32/bin/../lib/gcc/nios2-elf/5.3.0/../../../../../H-x86_64-mingw32/nios2-elf/lib\libc.a(lib_a-memcpy.o)
                0x0000000010103104                memcpy
 .text          0x000000001010324c        0x0 c:/intelfpga_lite/18.1/nios2eds/bin/gnu/h-x86_64-mingw32/bin/../lib/gcc/nios2-elf/5.3.0/../../../../../H-x86_64-mingw32/nios2-elf/lib\libc.a(lib_a-strlen.o)
 .text.strlen   0x000000001010324c       0x98 c:/intelfpga_lite/18.1/nios2eds/bin/gnu/h-x86_64-mingw32/bin/../lib/gcc/nios2-elf/5.3.0/../../../../../H-x86_64-mingw32/nios2-elf/lib\libc.a(lib_a-strlen.o)
                0x000000001010324c                strlen
 .text          0x00000000101032e4        0x0 c:/intelfpga_lite/18.1/nios2eds/bin/gnu/h-x86_64-mingw32/bin/../lib/gcc/nios2-elf/5.3.0/../../../../../H-x86_64-mingw32/nios2-elf/lib\libc.a(lib_a-__atexit.o)
 .text.__register_exitproc
                0x00000000101032e4      0x118 c:/intelfpga_lite/18.1/nios2eds/bin/gnu/h-x86_64-mingw32/bin/../lib/gcc/nios2-elf/5.3.0/../../../../../H-x86_64-mingw32/nios2-elf/lib\libc.a(lib_a-__atexit.o)
                0x00000000101032e4                __register_exitproc
 .text          0x00000000101033fc        0x0 c:/intelfpga_lite/18.1/nios2eds/bin/gnu/h-x86_64-mingw32/bin/../lib/gcc/nios2-elf/5.3.0/../../../../../H-x86_64-mingw32/nios2-elf/lib\libc.a(lib_a-__call_atexit.o)
 .text.__call_exitprocs
                0x00000000101033fc      0x180 c:/intelfpga_lite/18.1/nios2eds/bin/gnu/h-x86_64-mingw32/bin/../lib/gcc/nios2-elf/5.3.0/../../../../../H-x86_64-mingw32/nios2-elf/lib\libc.a(lib_a-__call_atexit.o)
                0x00000000101033fc                __call_exitprocs
 .text          0x000000001010357c      0x1b4 c:/intelfpga_lite/18.1/nios2eds/bin/gnu/h-x86_64-mingw32/bin/../lib/gcc/nios2-elf/5.3.0\libgcc.a(lib2-divmod.o)
                0x000000001010357c                __divsi3
                0x0000000010103600                __modsi3
                0x0000000010103674                __udivsi3
                0x00000000101036d8                __umodsi3
 .text          0x0000000010103730       0x34 C:/Users/franc/Desktop/epfl/MA1/embeded_system/lab4/lab4_correct_template/lab_4_project_template/lab_4_project_template/sw/nios/lab4_LCD_Controller_bsp/\libhal_bsp.a(alt_exit.o)
                0x0000000010103730                _exit
 *(.gnu.warning.*)
 *(.fini)
                [!provide]                        PROVIDE (__etext, ABSOLUTE (.))
                [!provide]                        PROVIDE (_etext, ABSOLUTE (.))
                [!provide]                        PROVIDE (etext, ABSOLUTE (.))
 *(.eh_frame_hdr)
                0x0000000010103764                . = ALIGN (0x4)
                [!provide]                        PROVIDE (__preinit_array_start, ABSOLUTE (.))
 *(.preinit_array)
                [!provide]                        PROVIDE (__preinit_array_end, ABSOLUTE (.))
                [!provide]                        PROVIDE (__init_array_start, ABSOLUTE (.))
 *(.init_array)
                [!provide]                        PROVIDE (__init_array_end, ABSOLUTE (.))
                [!provide]                        PROVIDE (__fini_array_start, ABSOLUTE (.))
 *(.fini_array)
                [!provide]                        PROVIDE (__fini_array_end, ABSOLUTE (.))
 *(.eh_frame)
 *(.gcc_except_table .gcc_except_table.*)
 *(.dynamic)
                0x0000000010103764                PROVIDE (__CTOR_LIST__, ABSOLUTE (.))
 *(.ctors)
 *(SORT(.ctors.*))
                0x0000000010103764                PROVIDE (__CTOR_END__, ABSOLUTE (.))
                0x0000000010103764                PROVIDE (__DTOR_LIST__, ABSOLUTE (.))
 *(.dtors)
 *(SORT(.dtors.*))
                0x0000000010103764                PROVIDE (__DTOR_END__, ABSOLUTE (.))
 *(.jcr)
                0x0000000010103764                . = ALIGN (0x4)

.rodata         0x0000000010103764       0x44
                0x0000000010103764                PROVIDE (__ram_rodata_start, ABSOLUTE (.))
                0x0000000010103764                . = ALIGN (0x4)
 *(.rodata .rodata.* .gnu.linkonce.r.*)
 .rodata        0x0000000010103764       0x11 C:/Users/franc/Desktop/epfl/MA1/embeded_system/lab4/lab4_correct_template/lab_4_project_template/lab_4_project_template/sw/nios/lab4_LCD_Controller_bsp/\libhal_bsp.a(alt_main.o)
 *fill*         0x0000000010103775        0x3 
 .rodata        0x0000000010103778       0x1e C:/Users/franc/Desktop/epfl/MA1/embeded_system/lab4/lab4_correct_template/lab_4_project_template/lab_4_project_template/sw/nios/lab4_LCD_Controller_bsp/\libhal_bsp.a(alt_sys_init.o)
 *fill*         0x0000000010103796        0x2 
 .rodata        0x0000000010103798        0xa C:/Users/franc/Desktop/epfl/MA1/embeded_system/lab4/lab4_correct_template/lab_4_project_template/lab_4_project_template/sw/nios/lab4_LCD_Controller_bsp/\libhal_bsp.a(alt_dev.o)
 *fill*         0x00000000101037a2        0x2 
 .rodata.str1.4
                0x00000000101037a4        0x4 c:/intelfpga_lite/18.1/nios2eds/bin/gnu/h-x86_64-mingw32/bin/../lib/gcc/nios2-elf/5.3.0/../../../../../H-x86_64-mingw32/nios2-elf/lib\libc.a(lib_a-impure.o)
                                          0x2 (size before relaxing)
 *(.rodata1)
                0x00000000101037a8                . = ALIGN (0x4)
                0x00000000101037a8                PROVIDE (__ram_rodata_end, ABSOLUTE (.))
                0x0000000010103764                PROVIDE (__flash_rodata_start, LOADADDR (.rodata))

.rwdata         0x00000000101037a8     0x16c8 load address 0x0000000010104e70
                0x00000000101037a8                PROVIDE (__ram_rwdata_start, ABSOLUTE (.))
                0x00000000101037a8                . = ALIGN (0x4)
 *(.got.plt)
 *(.got)
 *(.data1)
 *(.data .data.* .gnu.linkonce.d.*)
 .data          0x00000000101037a8        0x0 C:/Users/franc/Desktop/epfl/MA1/embeded_system/lab4/lab4_correct_template/lab_4_project_template/lab_4_project_template/sw/nios/lab4_LCD_Controller_bsp//obj/HAL/src/crt0.o
 .data          0x00000000101037a8        0x0 obj/default/LCD_control.o
 .data          0x00000000101037a8        0x0 obj/default/hello_world.o
 .data          0x00000000101037a8        0x0 C:/Users/franc/Desktop/epfl/MA1/embeded_system/lab4/lab4_correct_template/lab_4_project_template/lab_4_project_template/sw/nios/lab4_LCD_Controller_bsp/\libhal_bsp.a(alt_load.o)
 .data          0x00000000101037a8        0x0 C:/Users/franc/Desktop/epfl/MA1/embeded_system/lab4/lab4_correct_template/lab_4_project_template/lab_4_project_template/sw/nios/lab4_LCD_Controller_bsp/\libhal_bsp.a(alt_main.o)
 .data          0x00000000101037a8        0x0 C:/Users/franc/Desktop/epfl/MA1/embeded_system/lab4/lab4_correct_template/lab_4_project_template/lab_4_project_template/sw/nios/lab4_LCD_Controller_bsp/\libhal_bsp.a(alt_usleep.o)
 .data          0x00000000101037a8     0x1088 C:/Users/franc/Desktop/epfl/MA1/embeded_system/lab4/lab4_correct_template/lab_4_project_template/lab_4_project_template/sw/nios/lab4_LCD_Controller_bsp/\libhal_bsp.a(alt_sys_init.o)
 .data          0x0000000010104830        0x0 C:/Users/franc/Desktop/epfl/MA1/embeded_system/lab4/lab4_correct_template/lab_4_project_template/lab_4_project_template/sw/nios/lab4_LCD_Controller_bsp/\libhal_bsp.a(altera_avalon_jtag_uart_fd.o)
 .data          0x0000000010104830        0x0 C:/Users/franc/Desktop/epfl/MA1/embeded_system/lab4/lab4_correct_template/lab_4_project_template/lab_4_project_template/sw/nios/lab4_LCD_Controller_bsp/\libhal_bsp.a(altera_avalon_jtag_uart_init.o)
 .data          0x0000000010104830        0x0 C:/Users/franc/Desktop/epfl/MA1/embeded_system/lab4/lab4_correct_template/lab_4_project_template/lab_4_project_template/sw/nios/lab4_LCD_Controller_bsp/\libhal_bsp.a(altera_avalon_jtag_uart_ioctl.o)
 .data          0x0000000010104830        0x0 C:/Users/franc/Desktop/epfl/MA1/embeded_system/lab4/lab4_correct_template/lab_4_project_template/lab_4_project_template/sw/nios/lab4_LCD_Controller_bsp/\libhal_bsp.a(altera_avalon_jtag_uart_read.o)
 .data          0x0000000010104830        0x0 C:/Users/franc/Desktop/epfl/MA1/embeded_system/lab4/lab4_correct_template/lab_4_project_template/lab_4_project_template/sw/nios/lab4_LCD_Controller_bsp/\libhal_bsp.a(altera_avalon_jtag_uart_write.o)
 .data          0x0000000010104830        0x0 C:/Users/franc/Desktop/epfl/MA1/embeded_system/lab4/lab4_correct_template/lab_4_project_template/lab_4_project_template/sw/nios/lab4_LCD_Controller_bsp/\libhal_bsp.a(altera_hostfs.o)
 .data          0x0000000010104830        0x0 C:/Users/franc/Desktop/epfl/MA1/embeded_system/lab4/lab4_correct_template/lab_4_project_template/lab_4_project_template/sw/nios/lab4_LCD_Controller_bsp/\libhal_bsp.a(alt_alarm_start.o)
 .data          0x0000000010104830        0x0 C:/Users/franc/Desktop/epfl/MA1/embeded_system/lab4/lab4_correct_template/lab_4_project_template/lab_4_project_template/sw/nios/lab4_LCD_Controller_bsp/\libhal_bsp.a(alt_busy_sleep.o)
 .data          0x0000000010104830        0x0 C:/Users/franc/Desktop/epfl/MA1/embeded_system/lab4/lab4_correct_template/lab_4_project_template/lab_4_project_template/sw/nios/lab4_LCD_Controller_bsp/\libhal_bsp.a(alt_close.o)
 .data          0x0000000010104830        0x0 C:/Users/franc/Desktop/epfl/MA1/embeded_system/lab4/lab4_correct_template/lab_4_project_template/lab_4_project_template/sw/nios/lab4_LCD_Controller_bsp/\libhal_bsp.a(alt_dcache_flush_all.o)
 .data          0x0000000010104830      0x1a8 C:/Users/franc/Desktop/epfl/MA1/embeded_system/lab4/lab4_correct_template/lab_4_project_template/lab_4_project_template/sw/nios/lab4_LCD_Controller_bsp/\libhal_bsp.a(alt_dev.o)
                0x0000000010104830                alt_dev_null
                0x0000000010104858                alt_fd_list
 .data          0x00000000101049d8        0x0 C:/Users/franc/Desktop/epfl/MA1/embeded_system/lab4/lab4_correct_template/lab_4_project_template/lab_4_project_template/sw/nios/lab4_LCD_Controller_bsp/\libhal_bsp.a(alt_dev_llist_insert.o)
 .data          0x00000000101049d8        0x0 C:/Users/franc/Desktop/epfl/MA1/embeded_system/lab4/lab4_correct_template/lab_4_project_template/lab_4_project_template/sw/nios/lab4_LCD_Controller_bsp/\libhal_bsp.a(alt_do_ctors.o)
 .data          0x00000000101049d8        0x0 C:/Users/franc/Desktop/epfl/MA1/embeded_system/lab4/lab4_correct_template/lab_4_project_template/lab_4_project_template/sw/nios/lab4_LCD_Controller_bsp/\libhal_bsp.a(alt_do_dtors.o)
 .data          0x00000000101049d8        0x0 C:/Users/franc/Desktop/epfl/MA1/embeded_system/lab4/lab4_correct_template/lab_4_project_template/lab_4_project_template/sw/nios/lab4_LCD_Controller_bsp/\libhal_bsp.a(alt_errno.o)
 .data          0x00000000101049d8        0x0 C:/Users/franc/Desktop/epfl/MA1/embeded_system/lab4/lab4_correct_template/lab_4_project_template/lab_4_project_template/sw/nios/lab4_LCD_Controller_bsp/\libhal_bsp.a(alt_fs_reg.o)
 .data          0x00000000101049d8        0x0 C:/Users/franc/Desktop/epfl/MA1/embeded_system/lab4/lab4_correct_template/lab_4_project_template/lab_4_project_template/sw/nios/lab4_LCD_Controller_bsp/\libhal_bsp.a(alt_icache_flush_all.o)
 .data          0x00000000101049d8        0x0 C:/Users/franc/Desktop/epfl/MA1/embeded_system/lab4/lab4_correct_template/lab_4_project_template/lab_4_project_template/sw/nios/lab4_LCD_Controller_bsp/\libhal_bsp.a(alt_iic.o)
 .data          0x00000000101049d8        0x0 C:/Users/franc/Desktop/epfl/MA1/embeded_system/lab4/lab4_correct_template/lab_4_project_template/lab_4_project_template/sw/nios/lab4_LCD_Controller_bsp/\libhal_bsp.a(alt_iic_isr_register.o)
 .data          0x00000000101049d8        0x0 C:/Users/franc/Desktop/epfl/MA1/embeded_system/lab4/lab4_correct_template/lab_4_project_template/lab_4_project_template/sw/nios/lab4_LCD_Controller_bsp/\libhal_bsp.a(alt_io_redirect.o)
 .data          0x00000000101049d8        0x0 C:/Users/franc/Desktop/epfl/MA1/embeded_system/lab4/lab4_correct_template/lab_4_project_template/lab_4_project_template/sw/nios/lab4_LCD_Controller_bsp/\libhal_bsp.a(alt_irq_entry.o)
 .data          0x00000000101049d8        0x0 C:/Users/franc/Desktop/epfl/MA1/embeded_system/lab4/lab4_correct_template/lab_4_project_template/lab_4_project_template/sw/nios/lab4_LCD_Controller_bsp/\libhal_bsp.a(alt_irq_handler.o)
 .data          0x00000000101049d8        0x0 C:/Users/franc/Desktop/epfl/MA1/embeded_system/lab4/lab4_correct_template/lab_4_project_template/lab_4_project_template/sw/nios/lab4_LCD_Controller_bsp/\libhal_bsp.a(alt_irq_vars.o)
 .data          0x00000000101049d8        0x0 C:/Users/franc/Desktop/epfl/MA1/embeded_system/lab4/lab4_correct_template/lab_4_project_template/lab_4_project_template/sw/nios/lab4_LCD_Controller_bsp/\libhal_bsp.a(alt_open.o)
 .data          0x00000000101049d8        0x0 C:/Users/franc/Desktop/epfl/MA1/embeded_system/lab4/lab4_correct_template/lab_4_project_template/lab_4_project_template/sw/nios/lab4_LCD_Controller_bsp/\libhal_bsp.a(alt_release_fd.o)
 .data          0x00000000101049d8        0x0 C:/Users/franc/Desktop/epfl/MA1/embeded_system/lab4/lab4_correct_template/lab_4_project_template/lab_4_project_template/sw/nios/lab4_LCD_Controller_bsp/\libhal_bsp.a(alt_tick.o)
 .data          0x00000000101049d8        0x0 C:/Users/franc/Desktop/epfl/MA1/embeded_system/lab4/lab4_correct_template/lab_4_project_template/lab_4_project_template/sw/nios/lab4_LCD_Controller_bsp/\libhal_bsp.a(altera_nios2_gen2_irq.o)
 .data          0x00000000101049d8        0x0 C:/Users/franc/Desktop/epfl/MA1/embeded_system/lab4/lab4_correct_template/lab_4_project_template/lab_4_project_template/sw/nios/lab4_LCD_Controller_bsp/\libhal_bsp.a(alt_exception_entry.o)
 .data          0x00000000101049d8        0x0 C:/Users/franc/Desktop/epfl/MA1/embeded_system/lab4/lab4_correct_template/lab_4_project_template/lab_4_project_template/sw/nios/lab4_LCD_Controller_bsp/\libhal_bsp.a(alt_find_dev.o)
 .data          0x00000000101049d8        0x0 C:/Users/franc/Desktop/epfl/MA1/embeded_system/lab4/lab4_correct_template/lab_4_project_template/lab_4_project_template/sw/nios/lab4_LCD_Controller_bsp/\libhal_bsp.a(alt_find_file.o)
 .data          0x00000000101049d8        0x0 C:/Users/franc/Desktop/epfl/MA1/embeded_system/lab4/lab4_correct_template/lab_4_project_template/lab_4_project_template/sw/nios/lab4_LCD_Controller_bsp/\libhal_bsp.a(alt_get_fd.o)
 .data          0x00000000101049d8        0x0 C:/Users/franc/Desktop/epfl/MA1/embeded_system/lab4/lab4_correct_template/lab_4_project_template/lab_4_project_template/sw/nios/lab4_LCD_Controller_bsp/\libhal_bsp.a(alt_icache_flush.o)
 .data          0x00000000101049d8        0x0 C:/Users/franc/Desktop/epfl/MA1/embeded_system/lab4/lab4_correct_template/lab_4_project_template/lab_4_project_template/sw/nios/lab4_LCD_Controller_bsp/\libhal_bsp.a(alt_instruction_exception_entry.o)
 .data          0x00000000101049d8        0x0 c:/intelfpga_lite/18.1/nios2eds/bin/gnu/h-x86_64-mingw32/bin/../lib/gcc/nios2-elf/5.3.0/../../../../../H-x86_64-mingw32/nios2-elf/lib\libc.a(lib_a-atexit.o)
 .data          0x00000000101049d8        0x0 c:/intelfpga_lite/18.1/nios2eds/bin/gnu/h-x86_64-mingw32/bin/../lib/gcc/nios2-elf/5.3.0/../../../../../H-x86_64-mingw32/nios2-elf/lib\libc.a(lib_a-exit.o)
 .data          0x00000000101049d8        0x0 c:/intelfpga_lite/18.1/nios2eds/bin/gnu/h-x86_64-mingw32/bin/../lib/gcc/nios2-elf/5.3.0/../../../../../H-x86_64-mingw32/nios2-elf/lib\libc.a(lib_a-impure.o)
 .data.impure_data
                0x00000000101049d8      0x424 c:/intelfpga_lite/18.1/nios2eds/bin/gnu/h-x86_64-mingw32/bin/../lib/gcc/nios2-elf/5.3.0/../../../../../H-x86_64-mingw32/nios2-elf/lib\libc.a(lib_a-impure.o)
 .data          0x0000000010104dfc        0x0 c:/intelfpga_lite/18.1/nios2eds/bin/gnu/h-x86_64-mingw32/bin/../lib/gcc/nios2-elf/5.3.0/../../../../../H-x86_64-mingw32/nios2-elf/lib\libc.a(lib_a-int_errno.o)
 .data          0x0000000010104dfc        0x0 c:/intelfpga_lite/18.1/nios2eds/bin/gnu/h-x86_64-mingw32/bin/../lib/gcc/nios2-elf/5.3.0/../../../../../H-x86_64-mingw32/nios2-elf/lib\libc.a(lib_a-memcmp.o)
 .data          0x0000000010104dfc        0x0 c:/intelfpga_lite/18.1/nios2eds/bin/gnu/h-x86_64-mingw32/bin/../lib/gcc/nios2-elf/5.3.0/../../../../../H-x86_64-mingw32/nios2-elf/lib\libc.a(lib_a-memcpy.o)
 .data          0x0000000010104dfc        0x0 c:/intelfpga_lite/18.1/nios2eds/bin/gnu/h-x86_64-mingw32/bin/../lib/gcc/nios2-elf/5.3.0/../../../../../H-x86_64-mingw32/nios2-elf/lib\libc.a(lib_a-strlen.o)
 .data          0x0000000010104dfc        0x0 c:/intelfpga_lite/18.1/nios2eds/bin/gnu/h-x86_64-mingw32/bin/../lib/gcc/nios2-elf/5.3.0/../../../../../H-x86_64-mingw32/nios2-elf/lib\libc.a(lib_a-__atexit.o)
 .data          0x0000000010104dfc        0x0 c:/intelfpga_lite/18.1/nios2eds/bin/gnu/h-x86_64-mingw32/bin/../lib/gcc/nios2-elf/5.3.0/../../../../../H-x86_64-mingw32/nios2-elf/lib\libc.a(lib_a-__call_atexit.o)
 .data          0x0000000010104dfc        0x0 c:/intelfpga_lite/18.1/nios2eds/bin/gnu/h-x86_64-mingw32/bin/../lib/gcc/nios2-elf/5.3.0\libgcc.a(lib2-divmod.o)
 .data          0x0000000010104dfc        0x0 C:/Users/franc/Desktop/epfl/MA1/embeded_system/lab4/lab4_correct_template/lab_4_project_template/lab_4_project_template/sw/nios/lab4_LCD_Controller_bsp/\libhal_bsp.a(alt_exit.o)
                0x000000001010cdfc                _gp = ABSOLUTE ((. + 0x8000))
                [!provide]                        PROVIDE (gp, _gp)
 *(.rwdata .rwdata.*)
 *(.sdata .sdata.* .gnu.linkonce.s.*)
 .sdata         0x0000000010104dfc       0x46 C:/Users/franc/Desktop/epfl/MA1/embeded_system/lab4/lab4_correct_template/lab_4_project_template/lab_4_project_template/sw/nios/lab4_LCD_Controller_bsp/\libhal_bsp.a(altera_hostfs.o)
 *fill*         0x0000000010104e42        0x2 
 .sdata         0x0000000010104e44       0x14 C:/Users/franc/Desktop/epfl/MA1/embeded_system/lab4/lab4_correct_template/lab_4_project_template/lab_4_project_template/sw/nios/lab4_LCD_Controller_bsp/\libhal_bsp.a(alt_dev.o)
                0x0000000010104e44                alt_fs_list
                0x0000000010104e4c                alt_dev_list
                0x0000000010104e54                alt_max_fd
 .sdata         0x0000000010104e58        0x4 C:/Users/franc/Desktop/epfl/MA1/embeded_system/lab4/lab4_correct_template/lab_4_project_template/lab_4_project_template/sw/nios/lab4_LCD_Controller_bsp/\libhal_bsp.a(alt_errno.o)
                0x0000000010104e58                alt_errno
 .sdata         0x0000000010104e5c        0x4 C:/Users/franc/Desktop/epfl/MA1/embeded_system/lab4/lab4_correct_template/lab_4_project_template/lab_4_project_template/sw/nios/lab4_LCD_Controller_bsp/\libhal_bsp.a(alt_irq_vars.o)
                0x0000000010104e5c                alt_priority_mask
 .sdata         0x0000000010104e60        0x8 C:/Users/franc/Desktop/epfl/MA1/embeded_system/lab4/lab4_correct_template/lab_4_project_template/lab_4_project_template/sw/nios/lab4_LCD_Controller_bsp/\libhal_bsp.a(alt_tick.o)
                0x0000000010104e60                alt_alarm_list
 .sdata._global_impure_ptr
                0x0000000010104e68        0x4 c:/intelfpga_lite/18.1/nios2eds/bin/gnu/h-x86_64-mingw32/bin/../lib/gcc/nios2-elf/5.3.0/../../../../../H-x86_64-mingw32/nios2-elf/lib\libc.a(lib_a-impure.o)
                0x0000000010104e68                _global_impure_ptr
 .sdata._impure_ptr
                0x0000000010104e6c        0x4 c:/intelfpga_lite/18.1/nios2eds/bin/gnu/h-x86_64-mingw32/bin/../lib/gcc/nios2-elf/5.3.0/../../../../../H-x86_64-mingw32/nios2-elf/lib\libc.a(lib_a-impure.o)
                0x0000000010104e6c                _impure_ptr
 *(.sdata2 .sdata2.* .gnu.linkonce.s2.*)
                0x0000000010104e70                . = ALIGN (0x4)
                0x0000000010104e70                _edata = ABSOLUTE (.)
                [!provide]                        PROVIDE (edata, ABSOLUTE (.))
                0x0000000010104e70                PROVIDE (__ram_rwdata_end, ABSOLUTE (.))
                0x0000000010104e70                PROVIDE (__flash_rwdata_start, LOADADDR (.rwdata))

.bss            0x0000000010106538      0x120
                0x0000000010106538                __bss_start = ABSOLUTE (.)
                [!provide]                        PROVIDE (__sbss_start, ABSOLUTE (.))
                [!provide]                        PROVIDE (___sbss_start, ABSOLUTE (.))
 *(.dynsbss)
 *(.sbss .sbss.* .gnu.linkonce.sb.*)
 .sbss          0x0000000010106538        0xc C:/Users/franc/Desktop/epfl/MA1/embeded_system/lab4/lab4_correct_template/lab_4_project_template/lab_4_project_template/sw/nios/lab4_LCD_Controller_bsp/\libhal_bsp.a(alt_main.o)
                0x0000000010106538                alt_argc
                0x000000001010653c                alt_argv
                0x0000000010106540                alt_envp
 .sbss          0x0000000010106544        0x4 C:/Users/franc/Desktop/epfl/MA1/embeded_system/lab4/lab4_correct_template/lab_4_project_template/lab_4_project_template/sw/nios/lab4_LCD_Controller_bsp/\libhal_bsp.a(alt_irq_vars.o)
                0x0000000010106544                alt_irq_active
 .sbss          0x0000000010106548        0x8 C:/Users/franc/Desktop/epfl/MA1/embeded_system/lab4/lab4_correct_template/lab_4_project_template/lab_4_project_template/sw/nios/lab4_LCD_Controller_bsp/\libhal_bsp.a(alt_tick.o)
                0x0000000010106548                _alt_tick_rate
                0x000000001010654c                _alt_nticks
 .sbss          0x0000000010106550        0x4 C:/Users/franc/Desktop/epfl/MA1/embeded_system/lab4/lab4_correct_template/lab_4_project_template/lab_4_project_template/sw/nios/lab4_LCD_Controller_bsp/\libhal_bsp.a(alt_instruction_exception_entry.o)
                0x0000000010106550                alt_instruction_exception_handler
 .sbss          0x0000000010106554        0x4 c:/intelfpga_lite/18.1/nios2eds/bin/gnu/h-x86_64-mingw32/bin/../lib/gcc/nios2-elf/5.3.0/../../../../../H-x86_64-mingw32/nios2-elf/lib\libc.a(lib_a-int_errno.o)
                0x0000000010106554                errno
 *(.sbss2 .sbss2.* .gnu.linkonce.sb2.*)
 *(.scommon)
                [!provide]                        PROVIDE (__sbss_end, ABSOLUTE (.))
                [!provide]                        PROVIDE (___sbss_end, ABSOLUTE (.))
 *(.dynbss)
 *(.bss .bss.* .gnu.linkonce.b.*)
 .bss           0x0000000010106558        0x0 C:/Users/franc/Desktop/epfl/MA1/embeded_system/lab4/lab4_correct_template/lab_4_project_template/lab_4_project_template/sw/nios/lab4_LCD_Controller_bsp//obj/HAL/src/crt0.o
 .bss           0x0000000010106558        0x0 obj/default/LCD_control.o
 .bss           0x0000000010106558        0x0 obj/default/hello_world.o
 .bss           0x0000000010106558        0x0 C:/Users/franc/Desktop/epfl/MA1/embeded_system/lab4/lab4_correct_template/lab_4_project_template/lab_4_project_template/sw/nios/lab4_LCD_Controller_bsp/\libhal_bsp.a(alt_load.o)
 .bss           0x0000000010106558        0x0 C:/Users/franc/Desktop/epfl/MA1/embeded_system/lab4/lab4_correct_template/lab_4_project_template/lab_4_project_template/sw/nios/lab4_LCD_Controller_bsp/\libhal_bsp.a(alt_main.o)
 .bss           0x0000000010106558        0x0 C:/Users/franc/Desktop/epfl/MA1/embeded_system/lab4/lab4_correct_template/lab_4_project_template/lab_4_project_template/sw/nios/lab4_LCD_Controller_bsp/\libhal_bsp.a(alt_usleep.o)
 .bss           0x0000000010106558        0x0 C:/Users/franc/Desktop/epfl/MA1/embeded_system/lab4/lab4_correct_template/lab_4_project_template/lab_4_project_template/sw/nios/lab4_LCD_Controller_bsp/\libhal_bsp.a(alt_sys_init.o)
 .bss           0x0000000010106558        0x0 C:/Users/franc/Desktop/epfl/MA1/embeded_system/lab4/lab4_correct_template/lab_4_project_template/lab_4_project_template/sw/nios/lab4_LCD_Controller_bsp/\libhal_bsp.a(altera_avalon_jtag_uart_fd.o)
 .bss           0x0000000010106558        0x0 C:/Users/franc/Desktop/epfl/MA1/embeded_system/lab4/lab4_correct_template/lab_4_project_template/lab_4_project_template/sw/nios/lab4_LCD_Controller_bsp/\libhal_bsp.a(altera_avalon_jtag_uart_init.o)
 .bss           0x0000000010106558        0x0 C:/Users/franc/Desktop/epfl/MA1/embeded_system/lab4/lab4_correct_template/lab_4_project_template/lab_4_project_template/sw/nios/lab4_LCD_Controller_bsp/\libhal_bsp.a(altera_avalon_jtag_uart_ioctl.o)
 .bss           0x0000000010106558        0x0 C:/Users/franc/Desktop/epfl/MA1/embeded_system/lab4/lab4_correct_template/lab_4_project_template/lab_4_project_template/sw/nios/lab4_LCD_Controller_bsp/\libhal_bsp.a(altera_avalon_jtag_uart_read.o)
 .bss           0x0000000010106558        0x0 C:/Users/franc/Desktop/epfl/MA1/embeded_system/lab4/lab4_correct_template/lab_4_project_template/lab_4_project_template/sw/nios/lab4_LCD_Controller_bsp/\libhal_bsp.a(altera_avalon_jtag_uart_write.o)
 .bss           0x0000000010106558        0x0 C:/Users/franc/Desktop/epfl/MA1/embeded_system/lab4/lab4_correct_template/lab_4_project_template/lab_4_project_template/sw/nios/lab4_LCD_Controller_bsp/\libhal_bsp.a(altera_hostfs.o)
 .bss           0x0000000010106558        0x0 C:/Users/franc/Desktop/epfl/MA1/embeded_system/lab4/lab4_correct_template/lab_4_project_template/lab_4_project_template/sw/nios/lab4_LCD_Controller_bsp/\libhal_bsp.a(alt_alarm_start.o)
 .bss           0x0000000010106558        0x0 C:/Users/franc/Desktop/epfl/MA1/embeded_system/lab4/lab4_correct_template/lab_4_project_template/lab_4_project_template/sw/nios/lab4_LCD_Controller_bsp/\libhal_bsp.a(alt_busy_sleep.o)
 .bss           0x0000000010106558        0x0 C:/Users/franc/Desktop/epfl/MA1/embeded_system/lab4/lab4_correct_template/lab_4_project_template/lab_4_project_template/sw/nios/lab4_LCD_Controller_bsp/\libhal_bsp.a(alt_close.o)
 .bss           0x0000000010106558        0x0 C:/Users/franc/Desktop/epfl/MA1/embeded_system/lab4/lab4_correct_template/lab_4_project_template/lab_4_project_template/sw/nios/lab4_LCD_Controller_bsp/\libhal_bsp.a(alt_dcache_flush_all.o)
 .bss           0x0000000010106558        0x0 C:/Users/franc/Desktop/epfl/MA1/embeded_system/lab4/lab4_correct_template/lab_4_project_template/lab_4_project_template/sw/nios/lab4_LCD_Controller_bsp/\libhal_bsp.a(alt_dev.o)
 .bss           0x0000000010106558        0x0 C:/Users/franc/Desktop/epfl/MA1/embeded_system/lab4/lab4_correct_template/lab_4_project_template/lab_4_project_template/sw/nios/lab4_LCD_Controller_bsp/\libhal_bsp.a(alt_dev_llist_insert.o)
 .bss           0x0000000010106558        0x0 C:/Users/franc/Desktop/epfl/MA1/embeded_system/lab4/lab4_correct_template/lab_4_project_template/lab_4_project_template/sw/nios/lab4_LCD_Controller_bsp/\libhal_bsp.a(alt_do_ctors.o)
 .bss           0x0000000010106558        0x0 C:/Users/franc/Desktop/epfl/MA1/embeded_system/lab4/lab4_correct_template/lab_4_project_template/lab_4_project_template/sw/nios/lab4_LCD_Controller_bsp/\libhal_bsp.a(alt_do_dtors.o)
 .bss           0x0000000010106558        0x0 C:/Users/franc/Desktop/epfl/MA1/embeded_system/lab4/lab4_correct_template/lab_4_project_template/lab_4_project_template/sw/nios/lab4_LCD_Controller_bsp/\libhal_bsp.a(alt_errno.o)
 .bss           0x0000000010106558        0x0 C:/Users/franc/Desktop/epfl/MA1/embeded_system/lab4/lab4_correct_template/lab_4_project_template/lab_4_project_template/sw/nios/lab4_LCD_Controller_bsp/\libhal_bsp.a(alt_fs_reg.o)
 .bss           0x0000000010106558        0x0 C:/Users/franc/Desktop/epfl/MA1/embeded_system/lab4/lab4_correct_template/lab_4_project_template/lab_4_project_template/sw/nios/lab4_LCD_Controller_bsp/\libhal_bsp.a(alt_icache_flush_all.o)
 .bss           0x0000000010106558        0x0 C:/Users/franc/Desktop/epfl/MA1/embeded_system/lab4/lab4_correct_template/lab_4_project_template/lab_4_project_template/sw/nios/lab4_LCD_Controller_bsp/\libhal_bsp.a(alt_iic.o)
 .bss           0x0000000010106558        0x0 C:/Users/franc/Desktop/epfl/MA1/embeded_system/lab4/lab4_correct_template/lab_4_project_template/lab_4_project_template/sw/nios/lab4_LCD_Controller_bsp/\libhal_bsp.a(alt_iic_isr_register.o)
 .bss           0x0000000010106558        0x0 C:/Users/franc/Desktop/epfl/MA1/embeded_system/lab4/lab4_correct_template/lab_4_project_template/lab_4_project_template/sw/nios/lab4_LCD_Controller_bsp/\libhal_bsp.a(alt_io_redirect.o)
 .bss           0x0000000010106558        0x0 C:/Users/franc/Desktop/epfl/MA1/embeded_system/lab4/lab4_correct_template/lab_4_project_template/lab_4_project_template/sw/nios/lab4_LCD_Controller_bsp/\libhal_bsp.a(alt_irq_entry.o)
 .bss           0x0000000010106558        0x0 C:/Users/franc/Desktop/epfl/MA1/embeded_system/lab4/lab4_correct_template/lab_4_project_template/lab_4_project_template/sw/nios/lab4_LCD_Controller_bsp/\libhal_bsp.a(alt_irq_handler.o)
 .bss           0x0000000010106558        0x0 C:/Users/franc/Desktop/epfl/MA1/embeded_system/lab4/lab4_correct_template/lab_4_project_template/lab_4_project_template/sw/nios/lab4_LCD_Controller_bsp/\libhal_bsp.a(alt_irq_vars.o)
 .bss           0x0000000010106558        0x0 C:/Users/franc/Desktop/epfl/MA1/embeded_system/lab4/lab4_correct_template/lab_4_project_template/lab_4_project_template/sw/nios/lab4_LCD_Controller_bsp/\libhal_bsp.a(alt_open.o)
 .bss           0x0000000010106558        0x0 C:/Users/franc/Desktop/epfl/MA1/embeded_system/lab4/lab4_correct_template/lab_4_project_template/lab_4_project_template/sw/nios/lab4_LCD_Controller_bsp/\libhal_bsp.a(alt_release_fd.o)
 .bss           0x0000000010106558        0x0 C:/Users/franc/Desktop/epfl/MA1/embeded_system/lab4/lab4_correct_template/lab_4_project_template/lab_4_project_template/sw/nios/lab4_LCD_Controller_bsp/\libhal_bsp.a(alt_tick.o)
 .bss           0x0000000010106558        0x0 C:/Users/franc/Desktop/epfl/MA1/embeded_system/lab4/lab4_correct_template/lab_4_project_template/lab_4_project_template/sw/nios/lab4_LCD_Controller_bsp/\libhal_bsp.a(altera_nios2_gen2_irq.o)
 .bss           0x0000000010106558        0x0 C:/Users/franc/Desktop/epfl/MA1/embeded_system/lab4/lab4_correct_template/lab_4_project_template/lab_4_project_template/sw/nios/lab4_LCD_Controller_bsp/\libhal_bsp.a(alt_exception_entry.o)
 .bss           0x0000000010106558        0x0 C:/Users/franc/Desktop/epfl/MA1/embeded_system/lab4/lab4_correct_template/lab_4_project_template/lab_4_project_template/sw/nios/lab4_LCD_Controller_bsp/\libhal_bsp.a(alt_find_dev.o)
 .bss           0x0000000010106558        0x0 C:/Users/franc/Desktop/epfl/MA1/embeded_system/lab4/lab4_correct_template/lab_4_project_template/lab_4_project_template/sw/nios/lab4_LCD_Controller_bsp/\libhal_bsp.a(alt_find_file.o)
 .bss           0x0000000010106558        0x0 C:/Users/franc/Desktop/epfl/MA1/embeded_system/lab4/lab4_correct_template/lab_4_project_template/lab_4_project_template/sw/nios/lab4_LCD_Controller_bsp/\libhal_bsp.a(alt_get_fd.o)
 .bss           0x0000000010106558        0x0 C:/Users/franc/Desktop/epfl/MA1/embeded_system/lab4/lab4_correct_template/lab_4_project_template/lab_4_project_template/sw/nios/lab4_LCD_Controller_bsp/\libhal_bsp.a(alt_icache_flush.o)
 .bss           0x0000000010106558        0x0 C:/Users/franc/Desktop/epfl/MA1/embeded_system/lab4/lab4_correct_template/lab_4_project_template/lab_4_project_template/sw/nios/lab4_LCD_Controller_bsp/\libhal_bsp.a(alt_instruction_exception_entry.o)
 .bss           0x0000000010106558        0x0 c:/intelfpga_lite/18.1/nios2eds/bin/gnu/h-x86_64-mingw32/bin/../lib/gcc/nios2-elf/5.3.0/../../../../../H-x86_64-mingw32/nios2-elf/lib\libc.a(lib_a-atexit.o)
 .bss           0x0000000010106558        0x0 c:/intelfpga_lite/18.1/nios2eds/bin/gnu/h-x86_64-mingw32/bin/../lib/gcc/nios2-elf/5.3.0/../../../../../H-x86_64-mingw32/nios2-elf/lib\libc.a(lib_a-exit.o)
 .bss           0x0000000010106558        0x0 c:/intelfpga_lite/18.1/nios2eds/bin/gnu/h-x86_64-mingw32/bin/../lib/gcc/nios2-elf/5.3.0/../../../../../H-x86_64-mingw32/nios2-elf/lib\libc.a(lib_a-impure.o)
 .bss           0x0000000010106558        0x0 c:/intelfpga_lite/18.1/nios2eds/bin/gnu/h-x86_64-mingw32/bin/../lib/gcc/nios2-elf/5.3.0/../../../../../H-x86_64-mingw32/nios2-elf/lib\libc.a(lib_a-int_errno.o)
 .bss           0x0000000010106558        0x0 c:/intelfpga_lite/18.1/nios2eds/bin/gnu/h-x86_64-mingw32/bin/../lib/gcc/nios2-elf/5.3.0/../../../../../H-x86_64-mingw32/nios2-elf/lib\libc.a(lib_a-memcmp.o)
 .bss           0x0000000010106558        0x0 c:/intelfpga_lite/18.1/nios2eds/bin/gnu/h-x86_64-mingw32/bin/../lib/gcc/nios2-elf/5.3.0/../../../../../H-x86_64-mingw32/nios2-elf/lib\libc.a(lib_a-memcpy.o)
 .bss           0x0000000010106558        0x0 c:/intelfpga_lite/18.1/nios2eds/bin/gnu/h-x86_64-mingw32/bin/../lib/gcc/nios2-elf/5.3.0/../../../../../H-x86_64-mingw32/nios2-elf/lib\libc.a(lib_a-strlen.o)
 .bss           0x0000000010106558        0x0 c:/intelfpga_lite/18.1/nios2eds/bin/gnu/h-x86_64-mingw32/bin/../lib/gcc/nios2-elf/5.3.0/../../../../../H-x86_64-mingw32/nios2-elf/lib\libc.a(lib_a-__atexit.o)
 .bss           0x0000000010106558        0x0 c:/intelfpga_lite/18.1/nios2eds/bin/gnu/h-x86_64-mingw32/bin/../lib/gcc/nios2-elf/5.3.0/../../../../../H-x86_64-mingw32/nios2-elf/lib\libc.a(lib_a-__call_atexit.o)
 .bss           0x0000000010106558        0x0 c:/intelfpga_lite/18.1/nios2eds/bin/gnu/h-x86_64-mingw32/bin/../lib/gcc/nios2-elf/5.3.0\libgcc.a(lib2-divmod.o)
 .bss           0x0000000010106558        0x0 C:/Users/franc/Desktop/epfl/MA1/embeded_system/lab4/lab4_correct_template/lab_4_project_template/lab_4_project_template/sw/nios/lab4_LCD_Controller_bsp/\libhal_bsp.a(alt_exit.o)
 *(COMMON)
 COMMON         0x0000000010106558      0x100 C:/Users/franc/Desktop/epfl/MA1/embeded_system/lab4/lab4_correct_template/lab_4_project_template/lab_4_project_template/sw/nios/lab4_LCD_Controller_bsp/\libhal_bsp.a(alt_irq_handler.o)
                0x0000000010106558                alt_irq
                0x0000000010106658                . = ALIGN (0x4)
                0x0000000010106658                __bss_end = ABSOLUTE (.)

.onchip_memory2_0
                0x0000000010106658        0x0
                [!provide]                        PROVIDE (_alt_partition_onchip_memory2_0_start, ABSOLUTE (.))
 *(.onchip_memory2_0 .onchip_memory2_0. onchip_memory2_0.*)
                0x0000000010106658                . = ALIGN (0x4)
                [!provide]                        PROVIDE (_alt_partition_onchip_memory2_0_end, ABSOLUTE (.))
                0x0000000010106658                _end = ABSOLUTE (.)
                0x0000000010106658                end = ABSOLUTE (.)
                0x0000000010106658                __alt_stack_base = ABSOLUTE (.)
                [!provide]                        PROVIDE (_alt_partition_onchip_memory2_0_load_addr, LOADADDR (.onchip_memory2_0))

.stab
 *(.stab)

.stabstr
 *(.stabstr)

.stab.excl
 *(.stab.excl)

.stab.exclstr
 *(.stab.exclstr)

.stab.index
 *(.stab.index)

.stab.indexstr
 *(.stab.indexstr)

.comment        0x0000000000000000       0x23
 *(.comment)
 .comment       0x0000000000000000       0x23 obj/default/LCD_control.o
                                         0x24 (size before relaxing)
 .comment       0x0000000000000023       0x24 obj/default/hello_world.o
 .comment       0x0000000000000023       0x24 C:/Users/franc/Desktop/epfl/MA1/embeded_system/lab4/lab4_correct_template/lab_4_project_template/lab_4_project_template/sw/nios/lab4_LCD_Controller_bsp/\libhal_bsp.a(alt_load.o)
 .comment       0x0000000000000023       0x24 C:/Users/franc/Desktop/epfl/MA1/embeded_system/lab4/lab4_correct_template/lab_4_project_template/lab_4_project_template/sw/nios/lab4_LCD_Controller_bsp/\libhal_bsp.a(alt_main.o)
 .comment       0x0000000000000023       0x24 C:/Users/franc/Desktop/epfl/MA1/embeded_system/lab4/lab4_correct_template/lab_4_project_template/lab_4_project_template/sw/nios/lab4_LCD_Controller_bsp/\libhal_bsp.a(alt_usleep.o)
 .comment       0x0000000000000023       0x24 C:/Users/franc/Desktop/epfl/MA1/embeded_system/lab4/lab4_correct_template/lab_4_project_template/lab_4_project_template/sw/nios/lab4_LCD_Controller_bsp/\libhal_bsp.a(alt_sys_init.o)
 .comment       0x0000000000000023       0x24 C:/Users/franc/Desktop/epfl/MA1/embeded_system/lab4/lab4_correct_template/lab_4_project_template/lab_4_project_template/sw/nios/lab4_LCD_Controller_bsp/\libhal_bsp.a(altera_avalon_jtag_uart_fd.o)
 .comment       0x0000000000000023       0x24 C:/Users/franc/Desktop/epfl/MA1/embeded_system/lab4/lab4_correct_template/lab_4_project_template/lab_4_project_template/sw/nios/lab4_LCD_Controller_bsp/\libhal_bsp.a(altera_avalon_jtag_uart_init.o)
 .comment       0x0000000000000023       0x24 C:/Users/franc/Desktop/epfl/MA1/embeded_system/lab4/lab4_correct_template/lab_4_project_template/lab_4_project_template/sw/nios/lab4_LCD_Controller_bsp/\libhal_bsp.a(altera_avalon_jtag_uart_ioctl.o)
 .comment       0x0000000000000023       0x24 C:/Users/franc/Desktop/epfl/MA1/embeded_system/lab4/lab4_correct_template/lab_4_project_template/lab_4_project_template/sw/nios/lab4_LCD_Controller_bsp/\libhal_bsp.a(altera_avalon_jtag_uart_read.o)
 .comment       0x0000000000000023       0x24 C:/Users/franc/Desktop/epfl/MA1/embeded_system/lab4/lab4_correct_template/lab_4_project_template/lab_4_project_template/sw/nios/lab4_LCD_Controller_bsp/\libhal_bsp.a(altera_avalon_jtag_uart_write.o)
 .comment       0x0000000000000023       0x24 C:/Users/franc/Desktop/epfl/MA1/embeded_system/lab4/lab4_correct_template/lab_4_project_template/lab_4_project_template/sw/nios/lab4_LCD_Controller_bsp/\libhal_bsp.a(altera_hostfs.o)
 .comment       0x0000000000000023       0x24 C:/Users/franc/Desktop/epfl/MA1/embeded_system/lab4/lab4_correct_template/lab_4_project_template/lab_4_project_template/sw/nios/lab4_LCD_Controller_bsp/\libhal_bsp.a(alt_alarm_start.o)
 .comment       0x0000000000000023       0x24 C:/Users/franc/Desktop/epfl/MA1/embeded_system/lab4/lab4_correct_template/lab_4_project_template/lab_4_project_template/sw/nios/lab4_LCD_Controller_bsp/\libhal_bsp.a(alt_busy_sleep.o)
 .comment       0x0000000000000023       0x24 C:/Users/franc/Desktop/epfl/MA1/embeded_system/lab4/lab4_correct_template/lab_4_project_template/lab_4_project_template/sw/nios/lab4_LCD_Controller_bsp/\libhal_bsp.a(alt_close.o)
 .comment       0x0000000000000023       0x24 C:/Users/franc/Desktop/epfl/MA1/embeded_system/lab4/lab4_correct_template/lab_4_project_template/lab_4_project_template/sw/nios/lab4_LCD_Controller_bsp/\libhal_bsp.a(alt_dcache_flush_all.o)
 .comment       0x0000000000000023       0x24 C:/Users/franc/Desktop/epfl/MA1/embeded_system/lab4/lab4_correct_template/lab_4_project_template/lab_4_project_template/sw/nios/lab4_LCD_Controller_bsp/\libhal_bsp.a(alt_dev.o)
 .comment       0x0000000000000023       0x24 C:/Users/franc/Desktop/epfl/MA1/embeded_system/lab4/lab4_correct_template/lab_4_project_template/lab_4_project_template/sw/nios/lab4_LCD_Controller_bsp/\libhal_bsp.a(alt_dev_llist_insert.o)
 .comment       0x0000000000000023       0x24 C:/Users/franc/Desktop/epfl/MA1/embeded_system/lab4/lab4_correct_template/lab_4_project_template/lab_4_project_template/sw/nios/lab4_LCD_Controller_bsp/\libhal_bsp.a(alt_do_ctors.o)
 .comment       0x0000000000000023       0x24 C:/Users/franc/Desktop/epfl/MA1/embeded_system/lab4/lab4_correct_template/lab_4_project_template/lab_4_project_template/sw/nios/lab4_LCD_Controller_bsp/\libhal_bsp.a(alt_do_dtors.o)
 .comment       0x0000000000000023       0x24 C:/Users/franc/Desktop/epfl/MA1/embeded_system/lab4/lab4_correct_template/lab_4_project_template/lab_4_project_template/sw/nios/lab4_LCD_Controller_bsp/\libhal_bsp.a(alt_errno.o)
 .comment       0x0000000000000023       0x24 C:/Users/franc/Desktop/epfl/MA1/embeded_system/lab4/lab4_correct_template/lab_4_project_template/lab_4_project_template/sw/nios/lab4_LCD_Controller_bsp/\libhal_bsp.a(alt_fs_reg.o)
 .comment       0x0000000000000023       0x24 C:/Users/franc/Desktop/epfl/MA1/embeded_system/lab4/lab4_correct_template/lab_4_project_template/lab_4_project_template/sw/nios/lab4_LCD_Controller_bsp/\libhal_bsp.a(alt_icache_flush_all.o)
 .comment       0x0000000000000023       0x24 C:/Users/franc/Desktop/epfl/MA1/embeded_system/lab4/lab4_correct_template/lab_4_project_template/lab_4_project_template/sw/nios/lab4_LCD_Controller_bsp/\libhal_bsp.a(alt_iic.o)
 .comment       0x0000000000000023       0x24 C:/Users/franc/Desktop/epfl/MA1/embeded_system/lab4/lab4_correct_template/lab_4_project_template/lab_4_project_template/sw/nios/lab4_LCD_Controller_bsp/\libhal_bsp.a(alt_iic_isr_register.o)
 .comment       0x0000000000000023       0x24 C:/Users/franc/Desktop/epfl/MA1/embeded_system/lab4/lab4_correct_template/lab_4_project_template/lab_4_project_template/sw/nios/lab4_LCD_Controller_bsp/\libhal_bsp.a(alt_io_redirect.o)
 .comment       0x0000000000000023       0x24 C:/Users/franc/Desktop/epfl/MA1/embeded_system/lab4/lab4_correct_template/lab_4_project_template/lab_4_project_template/sw/nios/lab4_LCD_Controller_bsp/\libhal_bsp.a(alt_irq_handler.o)
 .comment       0x0000000000000023       0x24 C:/Users/franc/Desktop/epfl/MA1/embeded_system/lab4/lab4_correct_template/lab_4_project_template/lab_4_project_template/sw/nios/lab4_LCD_Controller_bsp/\libhal_bsp.a(alt_irq_vars.o)
 .comment       0x0000000000000023       0x24 C:/Users/franc/Desktop/epfl/MA1/embeded_system/lab4/lab4_correct_template/lab_4_project_template/lab_4_project_template/sw/nios/lab4_LCD_Controller_bsp/\libhal_bsp.a(alt_open.o)
 .comment       0x0000000000000023       0x24 C:/Users/franc/Desktop/epfl/MA1/embeded_system/lab4/lab4_correct_template/lab_4_project_template/lab_4_project_template/sw/nios/lab4_LCD_Controller_bsp/\libhal_bsp.a(alt_release_fd.o)
 .comment       0x0000000000000023       0x24 C:/Users/franc/Desktop/epfl/MA1/embeded_system/lab4/lab4_correct_template/lab_4_project_template/lab_4_project_template/sw/nios/lab4_LCD_Controller_bsp/\libhal_bsp.a(alt_tick.o)
 .comment       0x0000000000000023       0x24 C:/Users/franc/Desktop/epfl/MA1/embeded_system/lab4/lab4_correct_template/lab_4_project_template/lab_4_project_template/sw/nios/lab4_LCD_Controller_bsp/\libhal_bsp.a(altera_nios2_gen2_irq.o)
 .comment       0x0000000000000023       0x24 C:/Users/franc/Desktop/epfl/MA1/embeded_system/lab4/lab4_correct_template/lab_4_project_template/lab_4_project_template/sw/nios/lab4_LCD_Controller_bsp/\libhal_bsp.a(alt_find_dev.o)
 .comment       0x0000000000000023       0x24 C:/Users/franc/Desktop/epfl/MA1/embeded_system/lab4/lab4_correct_template/lab_4_project_template/lab_4_project_template/sw/nios/lab4_LCD_Controller_bsp/\libhal_bsp.a(alt_find_file.o)
 .comment       0x0000000000000023       0x24 C:/Users/franc/Desktop/epfl/MA1/embeded_system/lab4/lab4_correct_template/lab_4_project_template/lab_4_project_template/sw/nios/lab4_LCD_Controller_bsp/\libhal_bsp.a(alt_get_fd.o)
 .comment       0x0000000000000023       0x24 C:/Users/franc/Desktop/epfl/MA1/embeded_system/lab4/lab4_correct_template/lab_4_project_template/lab_4_project_template/sw/nios/lab4_LCD_Controller_bsp/\libhal_bsp.a(alt_icache_flush.o)
 .comment       0x0000000000000023       0x24 C:/Users/franc/Desktop/epfl/MA1/embeded_system/lab4/lab4_correct_template/lab_4_project_template/lab_4_project_template/sw/nios/lab4_LCD_Controller_bsp/\libhal_bsp.a(alt_instruction_exception_entry.o)
 .comment       0x0000000000000023       0x24 c:/intelfpga_lite/18.1/nios2eds/bin/gnu/h-x86_64-mingw32/bin/../lib/gcc/nios2-elf/5.3.0/../../../../../H-x86_64-mingw32/nios2-elf/lib\libc.a(lib_a-atexit.o)
 .comment       0x0000000000000023       0x24 c:/intelfpga_lite/18.1/nios2eds/bin/gnu/h-x86_64-mingw32/bin/../lib/gcc/nios2-elf/5.3.0/../../../../../H-x86_64-mingw32/nios2-elf/lib\libc.a(lib_a-exit.o)
 .comment       0x0000000000000023       0x24 c:/intelfpga_lite/18.1/nios2eds/bin/gnu/h-x86_64-mingw32/bin/../lib/gcc/nios2-elf/5.3.0/../../../../../H-x86_64-mingw32/nios2-elf/lib\libc.a(lib_a-impure.o)
 .comment       0x0000000000000023       0x24 c:/intelfpga_lite/18.1/nios2eds/bin/gnu/h-x86_64-mingw32/bin/../lib/gcc/nios2-elf/5.3.0/../../../../../H-x86_64-mingw32/nios2-elf/lib\libc.a(lib_a-int_errno.o)
 .comment       0x0000000000000023       0x24 c:/intelfpga_lite/18.1/nios2eds/bin/gnu/h-x86_64-mingw32/bin/../lib/gcc/nios2-elf/5.3.0/../../../../../H-x86_64-mingw32/nios2-elf/lib\libc.a(lib_a-memcmp.o)
 .comment       0x0000000000000023       0x24 c:/intelfpga_lite/18.1/nios2eds/bin/gnu/h-x86_64-mingw32/bin/../lib/gcc/nios2-elf/5.3.0/../../../../../H-x86_64-mingw32/nios2-elf/lib\libc.a(lib_a-memcpy.o)
 .comment       0x0000000000000023       0x24 c:/intelfpga_lite/18.1/nios2eds/bin/gnu/h-x86_64-mingw32/bin/../lib/gcc/nios2-elf/5.3.0/../../../../../H-x86_64-mingw32/nios2-elf/lib\libc.a(lib_a-strlen.o)
 .comment       0x0000000000000023       0x24 c:/intelfpga_lite/18.1/nios2eds/bin/gnu/h-x86_64-mingw32/bin/../lib/gcc/nios2-elf/5.3.0/../../../../../H-x86_64-mingw32/nios2-elf/lib\libc.a(lib_a-__atexit.o)
 .comment       0x0000000000000023       0x24 c:/intelfpga_lite/18.1/nios2eds/bin/gnu/h-x86_64-mingw32/bin/../lib/gcc/nios2-elf/5.3.0/../../../../../H-x86_64-mingw32/nios2-elf/lib\libc.a(lib_a-__call_atexit.o)
 .comment       0x0000000000000023       0x24 c:/intelfpga_lite/18.1/nios2eds/bin/gnu/h-x86_64-mingw32/bin/../lib/gcc/nios2-elf/5.3.0\libgcc.a(lib2-divmod.o)
 .comment       0x0000000000000023       0x24 C:/Users/franc/Desktop/epfl/MA1/embeded_system/lab4/lab4_correct_template/lab_4_project_template/lab_4_project_template/sw/nios/lab4_LCD_Controller_bsp/\libhal_bsp.a(alt_exit.o)

.debug
 *(.debug)

.line
 *(.line)

.debug_srcinfo
 *(.debug_srcinfo)

.debug_sfnames
 *(.debug_sfnames)

.debug_aranges  0x0000000000000000      0x678
 *(.debug_aranges)
 .debug_aranges
                0x0000000000000000       0x28 C:/Users/franc/Desktop/epfl/MA1/embeded_system/lab4/lab4_correct_template/lab_4_project_template/lab_4_project_template/sw/nios/lab4_LCD_Controller_bsp//obj/HAL/src/crt0.o
 .debug_aranges
                0x0000000000000028       0x20 obj/default/LCD_control.o
 .debug_aranges
                0x0000000000000048       0x20 obj/default/hello_world.o
 .debug_aranges
                0x0000000000000068       0x20 C:/Users/franc/Desktop/epfl/MA1/embeded_system/lab4/lab4_correct_template/lab_4_project_template/lab_4_project_template/sw/nios/lab4_LCD_Controller_bsp/\libhal_bsp.a(alt_load.o)
 .debug_aranges
                0x0000000000000088       0x20 C:/Users/franc/Desktop/epfl/MA1/embeded_system/lab4/lab4_correct_template/lab_4_project_template/lab_4_project_template/sw/nios/lab4_LCD_Controller_bsp/\libhal_bsp.a(alt_main.o)
 .debug_aranges
                0x00000000000000a8       0x20 C:/Users/franc/Desktop/epfl/MA1/embeded_system/lab4/lab4_correct_template/lab_4_project_template/lab_4_project_template/sw/nios/lab4_LCD_Controller_bsp/\libhal_bsp.a(alt_usleep.o)
 .debug_aranges
                0x00000000000000c8       0x20 C:/Users/franc/Desktop/epfl/MA1/embeded_system/lab4/lab4_correct_template/lab_4_project_template/lab_4_project_template/sw/nios/lab4_LCD_Controller_bsp/\libhal_bsp.a(alt_sys_init.o)
 .debug_aranges
                0x00000000000000e8       0x20 C:/Users/franc/Desktop/epfl/MA1/embeded_system/lab4/lab4_correct_template/lab_4_project_template/lab_4_project_template/sw/nios/lab4_LCD_Controller_bsp/\libhal_bsp.a(altera_avalon_jtag_uart_fd.o)
 .debug_aranges
                0x0000000000000108       0x20 C:/Users/franc/Desktop/epfl/MA1/embeded_system/lab4/lab4_correct_template/lab_4_project_template/lab_4_project_template/sw/nios/lab4_LCD_Controller_bsp/\libhal_bsp.a(altera_avalon_jtag_uart_init.o)
 .debug_aranges
                0x0000000000000128       0x20 C:/Users/franc/Desktop/epfl/MA1/embeded_system/lab4/lab4_correct_template/lab_4_project_template/lab_4_project_template/sw/nios/lab4_LCD_Controller_bsp/\libhal_bsp.a(altera_avalon_jtag_uart_ioctl.o)
 .debug_aranges
                0x0000000000000148       0x20 C:/Users/franc/Desktop/epfl/MA1/embeded_system/lab4/lab4_correct_template/lab_4_project_template/lab_4_project_template/sw/nios/lab4_LCD_Controller_bsp/\libhal_bsp.a(altera_avalon_jtag_uart_read.o)
 .debug_aranges
                0x0000000000000168       0x20 C:/Users/franc/Desktop/epfl/MA1/embeded_system/lab4/lab4_correct_template/lab_4_project_template/lab_4_project_template/sw/nios/lab4_LCD_Controller_bsp/\libhal_bsp.a(altera_avalon_jtag_uart_write.o)
 .debug_aranges
                0x0000000000000188       0x20 C:/Users/franc/Desktop/epfl/MA1/embeded_system/lab4/lab4_correct_template/lab_4_project_template/lab_4_project_template/sw/nios/lab4_LCD_Controller_bsp/\libhal_bsp.a(altera_hostfs.o)
 .debug_aranges
                0x00000000000001a8       0x20 C:/Users/franc/Desktop/epfl/MA1/embeded_system/lab4/lab4_correct_template/lab_4_project_template/lab_4_project_template/sw/nios/lab4_LCD_Controller_bsp/\libhal_bsp.a(alt_alarm_start.o)
 .debug_aranges
                0x00000000000001c8       0x20 C:/Users/franc/Desktop/epfl/MA1/embeded_system/lab4/lab4_correct_template/lab_4_project_template/lab_4_project_template/sw/nios/lab4_LCD_Controller_bsp/\libhal_bsp.a(alt_busy_sleep.o)
 .debug_aranges
                0x00000000000001e8       0x20 C:/Users/franc/Desktop/epfl/MA1/embeded_system/lab4/lab4_correct_template/lab_4_project_template/lab_4_project_template/sw/nios/lab4_LCD_Controller_bsp/\libhal_bsp.a(alt_close.o)
 .debug_aranges
                0x0000000000000208       0x20 C:/Users/franc/Desktop/epfl/MA1/embeded_system/lab4/lab4_correct_template/lab_4_project_template/lab_4_project_template/sw/nios/lab4_LCD_Controller_bsp/\libhal_bsp.a(alt_dcache_flush_all.o)
 .debug_aranges
                0x0000000000000228       0x20 C:/Users/franc/Desktop/epfl/MA1/embeded_system/lab4/lab4_correct_template/lab_4_project_template/lab_4_project_template/sw/nios/lab4_LCD_Controller_bsp/\libhal_bsp.a(alt_dev.o)
 .debug_aranges
                0x0000000000000248       0x20 C:/Users/franc/Desktop/epfl/MA1/embeded_system/lab4/lab4_correct_template/lab_4_project_template/lab_4_project_template/sw/nios/lab4_LCD_Controller_bsp/\libhal_bsp.a(alt_dev_llist_insert.o)
 .debug_aranges
                0x0000000000000268       0x20 C:/Users/franc/Desktop/epfl/MA1/embeded_system/lab4/lab4_correct_template/lab_4_project_template/lab_4_project_template/sw/nios/lab4_LCD_Controller_bsp/\libhal_bsp.a(alt_do_ctors.o)
 .debug_aranges
                0x0000000000000288       0x20 C:/Users/franc/Desktop/epfl/MA1/embeded_system/lab4/lab4_correct_template/lab_4_project_template/lab_4_project_template/sw/nios/lab4_LCD_Controller_bsp/\libhal_bsp.a(alt_do_dtors.o)
 .debug_aranges
                0x00000000000002a8       0x18 C:/Users/franc/Desktop/epfl/MA1/embeded_system/lab4/lab4_correct_template/lab_4_project_template/lab_4_project_template/sw/nios/lab4_LCD_Controller_bsp/\libhal_bsp.a(alt_errno.o)
 .debug_aranges
                0x00000000000002c0       0x20 C:/Users/franc/Desktop/epfl/MA1/embeded_system/lab4/lab4_correct_template/lab_4_project_template/lab_4_project_template/sw/nios/lab4_LCD_Controller_bsp/\libhal_bsp.a(alt_fs_reg.o)
 .debug_aranges
                0x00000000000002e0       0x20 C:/Users/franc/Desktop/epfl/MA1/embeded_system/lab4/lab4_correct_template/lab_4_project_template/lab_4_project_template/sw/nios/lab4_LCD_Controller_bsp/\libhal_bsp.a(alt_icache_flush_all.o)
 .debug_aranges
                0x0000000000000300       0x20 C:/Users/franc/Desktop/epfl/MA1/embeded_system/lab4/lab4_correct_template/lab_4_project_template/lab_4_project_template/sw/nios/lab4_LCD_Controller_bsp/\libhal_bsp.a(alt_iic.o)
 .debug_aranges
                0x0000000000000320       0x20 C:/Users/franc/Desktop/epfl/MA1/embeded_system/lab4/lab4_correct_template/lab_4_project_template/lab_4_project_template/sw/nios/lab4_LCD_Controller_bsp/\libhal_bsp.a(alt_iic_isr_register.o)
 .debug_aranges
                0x0000000000000340       0x20 C:/Users/franc/Desktop/epfl/MA1/embeded_system/lab4/lab4_correct_template/lab_4_project_template/lab_4_project_template/sw/nios/lab4_LCD_Controller_bsp/\libhal_bsp.a(alt_io_redirect.o)
 .debug_aranges
                0x0000000000000360       0x30 C:/Users/franc/Desktop/epfl/MA1/embeded_system/lab4/lab4_correct_template/lab_4_project_template/lab_4_project_template/sw/nios/lab4_LCD_Controller_bsp/\libhal_bsp.a(alt_irq_entry.o)
 .debug_aranges
                0x0000000000000390       0x20 C:/Users/franc/Desktop/epfl/MA1/embeded_system/lab4/lab4_correct_template/lab_4_project_template/lab_4_project_template/sw/nios/lab4_LCD_Controller_bsp/\libhal_bsp.a(alt_irq_handler.o)
 .debug_aranges
                0x00000000000003b0       0x18 C:/Users/franc/Desktop/epfl/MA1/embeded_system/lab4/lab4_correct_template/lab_4_project_template/lab_4_project_template/sw/nios/lab4_LCD_Controller_bsp/\libhal_bsp.a(alt_irq_vars.o)
 .debug_aranges
                0x00000000000003c8       0x20 C:/Users/franc/Desktop/epfl/MA1/embeded_system/lab4/lab4_correct_template/lab_4_project_template/lab_4_project_template/sw/nios/lab4_LCD_Controller_bsp/\libhal_bsp.a(alt_open.o)
 .debug_aranges
                0x00000000000003e8       0x20 C:/Users/franc/Desktop/epfl/MA1/embeded_system/lab4/lab4_correct_template/lab_4_project_template/lab_4_project_template/sw/nios/lab4_LCD_Controller_bsp/\libhal_bsp.a(alt_release_fd.o)
 .debug_aranges
                0x0000000000000408       0x20 C:/Users/franc/Desktop/epfl/MA1/embeded_system/lab4/lab4_correct_template/lab_4_project_template/lab_4_project_template/sw/nios/lab4_LCD_Controller_bsp/\libhal_bsp.a(alt_tick.o)
 .debug_aranges
                0x0000000000000428       0x20 C:/Users/franc/Desktop/epfl/MA1/embeded_system/lab4/lab4_correct_template/lab_4_project_template/lab_4_project_template/sw/nios/lab4_LCD_Controller_bsp/\libhal_bsp.a(altera_nios2_gen2_irq.o)
 .debug_aranges
                0x0000000000000448       0x38 C:/Users/franc/Desktop/epfl/MA1/embeded_system/lab4/lab4_correct_template/lab_4_project_template/lab_4_project_template/sw/nios/lab4_LCD_Controller_bsp/\libhal_bsp.a(alt_exception_entry.o)
 .debug_aranges
                0x0000000000000480       0x20 C:/Users/franc/Desktop/epfl/MA1/embeded_system/lab4/lab4_correct_template/lab_4_project_template/lab_4_project_template/sw/nios/lab4_LCD_Controller_bsp/\libhal_bsp.a(alt_find_dev.o)
 .debug_aranges
                0x00000000000004a0       0x20 C:/Users/franc/Desktop/epfl/MA1/embeded_system/lab4/lab4_correct_template/lab_4_project_template/lab_4_project_template/sw/nios/lab4_LCD_Controller_bsp/\libhal_bsp.a(alt_find_file.o)
 .debug_aranges
                0x00000000000004c0       0x20 C:/Users/franc/Desktop/epfl/MA1/embeded_system/lab4/lab4_correct_template/lab_4_project_template/lab_4_project_template/sw/nios/lab4_LCD_Controller_bsp/\libhal_bsp.a(alt_get_fd.o)
 .debug_aranges
                0x00000000000004e0       0x20 C:/Users/franc/Desktop/epfl/MA1/embeded_system/lab4/lab4_correct_template/lab_4_project_template/lab_4_project_template/sw/nios/lab4_LCD_Controller_bsp/\libhal_bsp.a(alt_icache_flush.o)
 .debug_aranges
                0x0000000000000500       0x28 C:/Users/franc/Desktop/epfl/MA1/embeded_system/lab4/lab4_correct_template/lab_4_project_template/lab_4_project_template/sw/nios/lab4_LCD_Controller_bsp/\libhal_bsp.a(alt_instruction_exception_entry.o)
 .debug_aranges
                0x0000000000000528       0x20 c:/intelfpga_lite/18.1/nios2eds/bin/gnu/h-x86_64-mingw32/bin/../lib/gcc/nios2-elf/5.3.0/../../../../../H-x86_64-mingw32/nios2-elf/lib\libc.a(lib_a-atexit.o)
 .debug_aranges
                0x0000000000000548       0x20 c:/intelfpga_lite/18.1/nios2eds/bin/gnu/h-x86_64-mingw32/bin/../lib/gcc/nios2-elf/5.3.0/../../../../../H-x86_64-mingw32/nios2-elf/lib\libc.a(lib_a-exit.o)
 .debug_aranges
                0x0000000000000568       0x18 c:/intelfpga_lite/18.1/nios2eds/bin/gnu/h-x86_64-mingw32/bin/../lib/gcc/nios2-elf/5.3.0/../../../../../H-x86_64-mingw32/nios2-elf/lib\libc.a(lib_a-impure.o)
 .debug_aranges
                0x0000000000000580       0x18 c:/intelfpga_lite/18.1/nios2eds/bin/gnu/h-x86_64-mingw32/bin/../lib/gcc/nios2-elf/5.3.0/../../../../../H-x86_64-mingw32/nios2-elf/lib\libc.a(lib_a-int_errno.o)
 .debug_aranges
                0x0000000000000598       0x20 c:/intelfpga_lite/18.1/nios2eds/bin/gnu/h-x86_64-mingw32/bin/../lib/gcc/nios2-elf/5.3.0/../../../../../H-x86_64-mingw32/nios2-elf/lib\libc.a(lib_a-memcmp.o)
 .debug_aranges
                0x00000000000005b8       0x20 c:/intelfpga_lite/18.1/nios2eds/bin/gnu/h-x86_64-mingw32/bin/../lib/gcc/nios2-elf/5.3.0/../../../../../H-x86_64-mingw32/nios2-elf/lib\libc.a(lib_a-memcpy.o)
 .debug_aranges
                0x00000000000005d8       0x20 c:/intelfpga_lite/18.1/nios2eds/bin/gnu/h-x86_64-mingw32/bin/../lib/gcc/nios2-elf/5.3.0/../../../../../H-x86_64-mingw32/nios2-elf/lib\libc.a(lib_a-strlen.o)
 .debug_aranges
                0x00000000000005f8       0x20 c:/intelfpga_lite/18.1/nios2eds/bin/gnu/h-x86_64-mingw32/bin/../lib/gcc/nios2-elf/5.3.0/../../../../../H-x86_64-mingw32/nios2-elf/lib\libc.a(lib_a-__atexit.o)
 .debug_aranges
                0x0000000000000618       0x20 c:/intelfpga_lite/18.1/nios2eds/bin/gnu/h-x86_64-mingw32/bin/../lib/gcc/nios2-elf/5.3.0/../../../../../H-x86_64-mingw32/nios2-elf/lib\libc.a(lib_a-__call_atexit.o)
 .debug_aranges
                0x0000000000000638       0x20 c:/intelfpga_lite/18.1/nios2eds/bin/gnu/h-x86_64-mingw32/bin/../lib/gcc/nios2-elf/5.3.0\libgcc.a(lib2-divmod.o)
 .debug_aranges
                0x0000000000000658       0x20 C:/Users/franc/Desktop/epfl/MA1/embeded_system/lab4/lab4_correct_template/lab_4_project_template/lab_4_project_template/sw/nios/lab4_LCD_Controller_bsp/\libhal_bsp.a(alt_exit.o)

.debug_pubnames
 *(.debug_pubnames)

.debug_info     0x0000000000000000     0x898a
 *(.debug_info .gnu.linkonce.wi.*)
 .debug_info    0x0000000000000000       0xcc C:/Users/franc/Desktop/epfl/MA1/embeded_system/lab4/lab4_correct_template/lab_4_project_template/lab_4_project_template/sw/nios/lab4_LCD_Controller_bsp//obj/HAL/src/crt0.o
 .debug_info    0x00000000000000cc       0xf9 obj/default/LCD_control.o
 .debug_info    0x00000000000001c5      0x1af obj/default/hello_world.o
 .debug_info    0x0000000000000374      0x145 C:/Users/franc/Desktop/epfl/MA1/embeded_system/lab4/lab4_correct_template/lab_4_project_template/lab_4_project_template/sw/nios/lab4_LCD_Controller_bsp/\libhal_bsp.a(alt_load.o)
 .debug_info    0x00000000000004b9      0x131 C:/Users/franc/Desktop/epfl/MA1/embeded_system/lab4/lab4_correct_template/lab_4_project_template/lab_4_project_template/sw/nios/lab4_LCD_Controller_bsp/\libhal_bsp.a(alt_main.o)
 .debug_info    0x00000000000005ea       0xb0 C:/Users/franc/Desktop/epfl/MA1/embeded_system/lab4/lab4_correct_template/lab_4_project_template/lab_4_project_template/sw/nios/lab4_LCD_Controller_bsp/\libhal_bsp.a(alt_usleep.o)
 .debug_info    0x000000000000069a      0x4f8 C:/Users/franc/Desktop/epfl/MA1/embeded_system/lab4/lab4_correct_template/lab_4_project_template/lab_4_project_template/sw/nios/lab4_LCD_Controller_bsp/\libhal_bsp.a(alt_sys_init.o)
 .debug_info    0x0000000000000b92      0x52e C:/Users/franc/Desktop/epfl/MA1/embeded_system/lab4/lab4_correct_template/lab_4_project_template/lab_4_project_template/sw/nios/lab4_LCD_Controller_bsp/\libhal_bsp.a(altera_avalon_jtag_uart_fd.o)
 .debug_info    0x00000000000010c0      0x3a0 C:/Users/franc/Desktop/epfl/MA1/embeded_system/lab4/lab4_correct_template/lab_4_project_template/lab_4_project_template/sw/nios/lab4_LCD_Controller_bsp/\libhal_bsp.a(altera_avalon_jtag_uart_init.o)
 .debug_info    0x0000000000001460      0x280 C:/Users/franc/Desktop/epfl/MA1/embeded_system/lab4/lab4_correct_template/lab_4_project_template/lab_4_project_template/sw/nios/lab4_LCD_Controller_bsp/\libhal_bsp.a(altera_avalon_jtag_uart_ioctl.o)
 .debug_info    0x00000000000016e0      0x345 C:/Users/franc/Desktop/epfl/MA1/embeded_system/lab4/lab4_correct_template/lab_4_project_template/lab_4_project_template/sw/nios/lab4_LCD_Controller_bsp/\libhal_bsp.a(altera_avalon_jtag_uart_read.o)
 .debug_info    0x0000000000001a25      0x340 C:/Users/franc/Desktop/epfl/MA1/embeded_system/lab4/lab4_correct_template/lab_4_project_template/lab_4_project_template/sw/nios/lab4_LCD_Controller_bsp/\libhal_bsp.a(altera_avalon_jtag_uart_write.o)
 .debug_info    0x0000000000001d65      0x9c4 C:/Users/franc/Desktop/epfl/MA1/embeded_system/lab4/lab4_correct_template/lab_4_project_template/lab_4_project_template/sw/nios/lab4_LCD_Controller_bsp/\libhal_bsp.a(altera_hostfs.o)
 .debug_info    0x0000000000002729      0x2cc C:/Users/franc/Desktop/epfl/MA1/embeded_system/lab4/lab4_correct_template/lab_4_project_template/lab_4_project_template/sw/nios/lab4_LCD_Controller_bsp/\libhal_bsp.a(alt_alarm_start.o)
 .debug_info    0x00000000000029f5       0xd7 C:/Users/franc/Desktop/epfl/MA1/embeded_system/lab4/lab4_correct_template/lab_4_project_template/lab_4_project_template/sw/nios/lab4_LCD_Controller_bsp/\libhal_bsp.a(alt_busy_sleep.o)
 .debug_info    0x0000000000002acc      0x321 C:/Users/franc/Desktop/epfl/MA1/embeded_system/lab4/lab4_correct_template/lab_4_project_template/lab_4_project_template/sw/nios/lab4_LCD_Controller_bsp/\libhal_bsp.a(alt_close.o)
 .debug_info    0x0000000000002ded       0xa5 C:/Users/franc/Desktop/epfl/MA1/embeded_system/lab4/lab4_correct_template/lab_4_project_template/lab_4_project_template/sw/nios/lab4_LCD_Controller_bsp/\libhal_bsp.a(alt_dcache_flush_all.o)
 .debug_info    0x0000000000002e92      0x49c C:/Users/franc/Desktop/epfl/MA1/embeded_system/lab4/lab4_correct_template/lab_4_project_template/lab_4_project_template/sw/nios/lab4_LCD_Controller_bsp/\libhal_bsp.a(alt_dev.o)
 .debug_info    0x000000000000332e      0x1a9 C:/Users/franc/Desktop/epfl/MA1/embeded_system/lab4/lab4_correct_template/lab_4_project_template/lab_4_project_template/sw/nios/lab4_LCD_Controller_bsp/\libhal_bsp.a(alt_dev_llist_insert.o)
 .debug_info    0x00000000000034d7       0x83 C:/Users/franc/Desktop/epfl/MA1/embeded_system/lab4/lab4_correct_template/lab_4_project_template/lab_4_project_template/sw/nios/lab4_LCD_Controller_bsp/\libhal_bsp.a(alt_do_ctors.o)
 .debug_info    0x000000000000355a       0x83 C:/Users/franc/Desktop/epfl/MA1/embeded_system/lab4/lab4_correct_template/lab_4_project_template/lab_4_project_template/sw/nios/lab4_LCD_Controller_bsp/\libhal_bsp.a(alt_do_dtors.o)
 .debug_info    0x00000000000035dd       0xa6 C:/Users/franc/Desktop/epfl/MA1/embeded_system/lab4/lab4_correct_template/lab_4_project_template/lab_4_project_template/sw/nios/lab4_LCD_Controller_bsp/\libhal_bsp.a(alt_errno.o)
 .debug_info    0x0000000000003683      0x302 C:/Users/franc/Desktop/epfl/MA1/embeded_system/lab4/lab4_correct_template/lab_4_project_template/lab_4_project_template/sw/nios/lab4_LCD_Controller_bsp/\libhal_bsp.a(alt_fs_reg.o)
 .debug_info    0x0000000000003985       0x92 C:/Users/franc/Desktop/epfl/MA1/embeded_system/lab4/lab4_correct_template/lab_4_project_template/lab_4_project_template/sw/nios/lab4_LCD_Controller_bsp/\libhal_bsp.a(alt_icache_flush_all.o)
 .debug_info    0x0000000000003a17      0x350 C:/Users/franc/Desktop/epfl/MA1/embeded_system/lab4/lab4_correct_template/lab_4_project_template/lab_4_project_template/sw/nios/lab4_LCD_Controller_bsp/\libhal_bsp.a(alt_iic.o)
 .debug_info    0x0000000000003d67      0x1ef C:/Users/franc/Desktop/epfl/MA1/embeded_system/lab4/lab4_correct_template/lab_4_project_template/lab_4_project_template/sw/nios/lab4_LCD_Controller_bsp/\libhal_bsp.a(alt_iic_isr_register.o)
 .debug_info    0x0000000000003f56      0x4a5 C:/Users/franc/Desktop/epfl/MA1/embeded_system/lab4/lab4_correct_template/lab_4_project_template/lab_4_project_template/sw/nios/lab4_LCD_Controller_bsp/\libhal_bsp.a(alt_io_redirect.o)
 .debug_info    0x00000000000043fb       0xd5 C:/Users/franc/Desktop/epfl/MA1/embeded_system/lab4/lab4_correct_template/lab_4_project_template/lab_4_project_template/sw/nios/lab4_LCD_Controller_bsp/\libhal_bsp.a(alt_irq_entry.o)
 .debug_info    0x00000000000044d0      0x187 C:/Users/franc/Desktop/epfl/MA1/embeded_system/lab4/lab4_correct_template/lab_4_project_template/lab_4_project_template/sw/nios/lab4_LCD_Controller_bsp/\libhal_bsp.a(alt_irq_handler.o)
 .debug_info    0x0000000000004657       0x88 C:/Users/franc/Desktop/epfl/MA1/embeded_system/lab4/lab4_correct_template/lab_4_project_template/lab_4_project_template/sw/nios/lab4_LCD_Controller_bsp/\libhal_bsp.a(alt_irq_vars.o)
 .debug_info    0x00000000000046df      0x3bb C:/Users/franc/Desktop/epfl/MA1/embeded_system/lab4/lab4_correct_template/lab_4_project_template/lab_4_project_template/sw/nios/lab4_LCD_Controller_bsp/\libhal_bsp.a(alt_open.o)
 .debug_info    0x0000000000004a9a      0x2b0 C:/Users/franc/Desktop/epfl/MA1/embeded_system/lab4/lab4_correct_template/lab_4_project_template/lab_4_project_template/sw/nios/lab4_LCD_Controller_bsp/\libhal_bsp.a(alt_release_fd.o)
 .debug_info    0x0000000000004d4a      0x299 C:/Users/franc/Desktop/epfl/MA1/embeded_system/lab4/lab4_correct_template/lab_4_project_template/lab_4_project_template/sw/nios/lab4_LCD_Controller_bsp/\libhal_bsp.a(alt_tick.o)
 .debug_info    0x0000000000004fe3       0x92 C:/Users/franc/Desktop/epfl/MA1/embeded_system/lab4/lab4_correct_template/lab_4_project_template/lab_4_project_template/sw/nios/lab4_LCD_Controller_bsp/\libhal_bsp.a(altera_nios2_gen2_irq.o)
 .debug_info    0x0000000000005075       0xdb C:/Users/franc/Desktop/epfl/MA1/embeded_system/lab4/lab4_correct_template/lab_4_project_template/lab_4_project_template/sw/nios/lab4_LCD_Controller_bsp/\libhal_bsp.a(alt_exception_entry.o)
 .debug_info    0x0000000000005150      0x2e9 C:/Users/franc/Desktop/epfl/MA1/embeded_system/lab4/lab4_correct_template/lab_4_project_template/lab_4_project_template/sw/nios/lab4_LCD_Controller_bsp/\libhal_bsp.a(alt_find_dev.o)
 .debug_info    0x0000000000005439      0x2e6 C:/Users/franc/Desktop/epfl/MA1/embeded_system/lab4/lab4_correct_template/lab_4_project_template/lab_4_project_template/sw/nios/lab4_LCD_Controller_bsp/\libhal_bsp.a(alt_find_file.o)
 .debug_info    0x000000000000571f      0x310 C:/Users/franc/Desktop/epfl/MA1/embeded_system/lab4/lab4_correct_template/lab_4_project_template/lab_4_project_template/sw/nios/lab4_LCD_Controller_bsp/\libhal_bsp.a(alt_get_fd.o)
 .debug_info    0x0000000000005a2f       0xdc C:/Users/franc/Desktop/epfl/MA1/embeded_system/lab4/lab4_correct_template/lab_4_project_template/lab_4_project_template/sw/nios/lab4_LCD_Controller_bsp/\libhal_bsp.a(alt_icache_flush.o)
 .debug_info    0x0000000000005b0b      0x1e7 C:/Users/franc/Desktop/epfl/MA1/embeded_system/lab4/lab4_correct_template/lab_4_project_template/lab_4_project_template/sw/nios/lab4_LCD_Controller_bsp/\libhal_bsp.a(alt_instruction_exception_entry.o)
 .debug_info    0x0000000000005cf2       0xfe c:/intelfpga_lite/18.1/nios2eds/bin/gnu/h-x86_64-mingw32/bin/../lib/gcc/nios2-elf/5.3.0/../../../../../H-x86_64-mingw32/nios2-elf/lib\libc.a(lib_a-atexit.o)
 .debug_info    0x0000000000005df0      0x8e4 c:/intelfpga_lite/18.1/nios2eds/bin/gnu/h-x86_64-mingw32/bin/../lib/gcc/nios2-elf/5.3.0/../../../../../H-x86_64-mingw32/nios2-elf/lib\libc.a(lib_a-exit.o)
 .debug_info    0x00000000000066d4      0x8a1 c:/intelfpga_lite/18.1/nios2eds/bin/gnu/h-x86_64-mingw32/bin/../lib/gcc/nios2-elf/5.3.0/../../../../../H-x86_64-mingw32/nios2-elf/lib\libc.a(lib_a-impure.o)
 .debug_info    0x0000000000006f75       0x8a c:/intelfpga_lite/18.1/nios2eds/bin/gnu/h-x86_64-mingw32/bin/../lib/gcc/nios2-elf/5.3.0/../../../../../H-x86_64-mingw32/nios2-elf/lib\libc.a(lib_a-int_errno.o)
 .debug_info    0x0000000000006fff      0x11a c:/intelfpga_lite/18.1/nios2eds/bin/gnu/h-x86_64-mingw32/bin/../lib/gcc/nios2-elf/5.3.0/../../../../../H-x86_64-mingw32/nios2-elf/lib\libc.a(lib_a-memcmp.o)
 .debug_info    0x0000000000007119      0x144 c:/intelfpga_lite/18.1/nios2eds/bin/gnu/h-x86_64-mingw32/bin/../lib/gcc/nios2-elf/5.3.0/../../../../../H-x86_64-mingw32/nios2-elf/lib\libc.a(lib_a-memcpy.o)
 .debug_info    0x000000000000725d       0xe2 c:/intelfpga_lite/18.1/nios2eds/bin/gnu/h-x86_64-mingw32/bin/../lib/gcc/nios2-elf/5.3.0/../../../../../H-x86_64-mingw32/nios2-elf/lib\libc.a(lib_a-strlen.o)
 .debug_info    0x000000000000733f      0x934 c:/intelfpga_lite/18.1/nios2eds/bin/gnu/h-x86_64-mingw32/bin/../lib/gcc/nios2-elf/5.3.0/../../../../../H-x86_64-mingw32/nios2-elf/lib\libc.a(lib_a-__atexit.o)
 .debug_info    0x0000000000007c73      0x965 c:/intelfpga_lite/18.1/nios2eds/bin/gnu/h-x86_64-mingw32/bin/../lib/gcc/nios2-elf/5.3.0/../../../../../H-x86_64-mingw32/nios2-elf/lib\libc.a(lib_a-__call_atexit.o)
 .debug_info    0x00000000000085d8      0x2c6 c:/intelfpga_lite/18.1/nios2eds/bin/gnu/h-x86_64-mingw32/bin/../lib/gcc/nios2-elf/5.3.0\libgcc.a(lib2-divmod.o)
 .debug_info    0x000000000000889e       0xec C:/Users/franc/Desktop/epfl/MA1/embeded_system/lab4/lab4_correct_template/lab_4_project_template/lab_4_project_template/sw/nios/lab4_LCD_Controller_bsp/\libhal_bsp.a(alt_exit.o)

.debug_abbrev   0x0000000000000000     0x2ed8
 *(.debug_abbrev)
 .debug_abbrev  0x0000000000000000       0x12 C:/Users/franc/Desktop/epfl/MA1/embeded_system/lab4/lab4_correct_template/lab_4_project_template/lab_4_project_template/sw/nios/lab4_LCD_Controller_bsp//obj/HAL/src/crt0.o
 .debug_abbrev  0x0000000000000012       0x83 obj/default/LCD_control.o
 .debug_abbrev  0x0000000000000095       0xb1 obj/default/hello_world.o
 .debug_abbrev  0x0000000000000146       0x9f C:/Users/franc/Desktop/epfl/MA1/embeded_system/lab4/lab4_correct_template/lab_4_project_template/lab_4_project_template/sw/nios/lab4_LCD_Controller_bsp/\libhal_bsp.a(alt_load.o)
 .debug_abbrev  0x00000000000001e5       0xba C:/Users/franc/Desktop/epfl/MA1/embeded_system/lab4/lab4_correct_template/lab_4_project_template/lab_4_project_template/sw/nios/lab4_LCD_Controller_bsp/\libhal_bsp.a(alt_main.o)
 .debug_abbrev  0x000000000000029f       0x60 C:/Users/franc/Desktop/epfl/MA1/embeded_system/lab4/lab4_correct_template/lab_4_project_template/lab_4_project_template/sw/nios/lab4_LCD_Controller_bsp/\libhal_bsp.a(alt_usleep.o)
 .debug_abbrev  0x00000000000002ff      0x187 C:/Users/franc/Desktop/epfl/MA1/embeded_system/lab4/lab4_correct_template/lab_4_project_template/lab_4_project_template/sw/nios/lab4_LCD_Controller_bsp/\libhal_bsp.a(alt_sys_init.o)
 .debug_abbrev  0x0000000000000486      0x127 C:/Users/franc/Desktop/epfl/MA1/embeded_system/lab4/lab4_correct_template/lab_4_project_template/lab_4_project_template/sw/nios/lab4_LCD_Controller_bsp/\libhal_bsp.a(altera_avalon_jtag_uart_fd.o)
 .debug_abbrev  0x00000000000005ad      0x19e C:/Users/franc/Desktop/epfl/MA1/embeded_system/lab4/lab4_correct_template/lab_4_project_template/lab_4_project_template/sw/nios/lab4_LCD_Controller_bsp/\libhal_bsp.a(altera_avalon_jtag_uart_init.o)
 .debug_abbrev  0x000000000000074b      0x111 C:/Users/franc/Desktop/epfl/MA1/embeded_system/lab4/lab4_correct_template/lab_4_project_template/lab_4_project_template/sw/nios/lab4_LCD_Controller_bsp/\libhal_bsp.a(altera_avalon_jtag_uart_ioctl.o)
 .debug_abbrev  0x000000000000085c      0x1aa C:/Users/franc/Desktop/epfl/MA1/embeded_system/lab4/lab4_correct_template/lab_4_project_template/lab_4_project_template/sw/nios/lab4_LCD_Controller_bsp/\libhal_bsp.a(altera_avalon_jtag_uart_read.o)
 .debug_abbrev  0x0000000000000a06      0x1a8 C:/Users/franc/Desktop/epfl/MA1/embeded_system/lab4/lab4_correct_template/lab_4_project_template/lab_4_project_template/sw/nios/lab4_LCD_Controller_bsp/\libhal_bsp.a(altera_avalon_jtag_uart_write.o)
 .debug_abbrev  0x0000000000000bae      0x1c7 C:/Users/franc/Desktop/epfl/MA1/embeded_system/lab4/lab4_correct_template/lab_4_project_template/lab_4_project_template/sw/nios/lab4_LCD_Controller_bsp/\libhal_bsp.a(altera_hostfs.o)
 .debug_abbrev  0x0000000000000d75      0x162 C:/Users/franc/Desktop/epfl/MA1/embeded_system/lab4/lab4_correct_template/lab_4_project_template/lab_4_project_template/sw/nios/lab4_LCD_Controller_bsp/\libhal_bsp.a(alt_alarm_start.o)
 .debug_abbrev  0x0000000000000ed7       0x7e C:/Users/franc/Desktop/epfl/MA1/embeded_system/lab4/lab4_correct_template/lab_4_project_template/lab_4_project_template/sw/nios/lab4_LCD_Controller_bsp/\libhal_bsp.a(alt_busy_sleep.o)